
> shinariokanri@0.1.0 build
> tsc -b && vite build && node scripts/build/service-worker.mjs

vite v8.3.2 building client environment for production...
transforming...
✓ 128 modules transformed.
rendering chunks...
computing gzip size...
dist/index.html                             0.65 kB │ gzip:   0.44 kB
dist/assets/archive.worker-zN2FS9sT.js    224.45 kB
dist/assets/index-Hji0zUF5.css             75.52 kB │ gzip:  14.99 kB
dist/assets/world-mUCw_ZAp.js             208.16 kB │ gzip:  64.70 kB
dist/assets/index-C51MH0ra.js           1,191.72 kB │ gzip: 352.23 kB

[33m[INEFFECTIVE_DYNAMIC_IMPORT] [0msrc/domain/runtime.ts is dynamically imported by src/domain/projectRecordValidation.ts but also statically imported by src/domain/runtimeVerified.ts, src/domain/traceReconfirmation.ts, src/ui/Reader.tsx, dynamic import will not move module into another chunk.

[plugin builtin:vite-reporter] 
(!) Some chunks are larger than 500 kB after minification. Consider:
- Using dynamic import() to code-split the application
- Use build.rolldownOptions.output.codeSplitting to improve chunking: https://rolldown.rs/reference/OutputOptions.codeSplitting
- Adjust chunk size limit for this warning via build.chunkSizeWarningLimit.
[33m[INEFFECTIVE_DYNAMIC_IMPORT] [0msrc/domain/runtimeVerified.ts is dynamically imported by src/domain/checkpoints.ts but also statically imported by src/domain/traceReconfirmation.ts, src/ui/Reader.tsx, dynamic import will not move module into another chunk.

✓ built in 429ms
Offline shell generated: 43c5b83421ea4834b0f4, /shinariokanri/
