
 RUN  v5.0.3 /workspace/shinariokanri-rb08

 ❯ src/storage/rb08Handoff.test.ts (6 tests | 1 failed) 636ms
   ❯ RB08 production handoff and independent portable engine (6)
     × executes the generated independent browser engine with the same prestate/presentation/lifecycle result and whole-state back as the application 61ms

⎯⎯⎯⎯⎯⎯⎯ Failed Tests 1 ⎯⎯⎯⎯⎯⎯⎯

 FAIL  src/storage/rb08Handoff.test.ts > RB08 production handoff and independent portable engine > executes the generated independent browser engine with the same prestate/presentation/lifecycle result and whole-state back as the application
AssertionError: expected [ Object{ …(3) } ] to deeply equal []

- Expected
+ Received

- []
+ [
+   {
+     "code": "VALIDATION_FAILED",
+     "message": "\"undefined\" is not valid JSON",
+     "path": "runtime",
+   },
+ ]

 ❯ src/storage/rb08Handoff.test.ts:24:1738


⎯⎯⎯⎯⎯⎯⎯⎯⎯⎯⎯⎯⎯⎯⎯⎯⎯⎯⎯⎯⎯⎯⎯⎯[1/1]⎯


 Test Files  1 failed (1)
      Tests  1 failed | 5 passed (6)
   Start at  12:36:56
   Duration  1.41s (tests 49%, transform 41%, import 9%)

