[WebServer] (node:227863) Warning: The 'NO_COLOR' env is ignored due to the 'FORCE_COLOR' env being set.
[WebServer] (Use `node --trace-warnings ...` to show where the warning was created)

Running 2 tests using 1 worker

(node:227887) Warning: The 'NO_COLOR' env is ignored due to the 'FORCE_COLOR' env being set.
(Use `node --trace-warnings ...` to show where the warning was created)
  ✘  1 [chromium] › tests/e2e/rb08-handoff.spec.ts:20:1 › 相談MDの出所と対象版をcold再開し、作者別案へ保存・選択採用して正本と採用記録を復元する (30.1s)
(node:228684) Warning: The 'NO_COLOR' env is ignored due to the 'FORCE_COLOR' env being set.
(Use `node --trace-warnings ...` to show where the warning was created)
  ✘  2 [chromium] › tests/e2e/rb08-handoff.spec.ts:22:1 › 通常出力を独立ゲームへ渡し、実勝利・経路・受領証跡を戻して原子保存・cold・完全復元する (30.1s)


  1) [chromium] › tests/e2e/rb08-handoff.spec.ts:20:1 › 相談MDの出所と対象版をcold再開し、作者別案へ保存・選択採用して正本と採用記録を復元する 

    Test timeout of 30000ms exceeded.

    Error: locator.click: Test timeout of 30000ms exceeded.
    Call log:
      - waiting for getByRole('tab', { name: '出力', exact: true })


      10 | async function quota(page:Page){await page.evaluate(()=>{const put=IDBObjectStore.prototype.put;let fail=true;IDBObjectStore.prototype.put=function(...args:Parameters<IDBObjectStore['put']>){if(fail&&this.name==='projects'){fail=false;throw new DOMException('fixture quota','QuotaExceededError');}return put.apply(this,args);};});}
      11 | async function production(page:Page){await nav(page,/^構成/);await page.getByRole('tab',{name:'制作',exact:true}).click();}
    > 12 | async function output(page:Page){await nav(page,/^作品・保存/);await page.getByRole('tab',{name:'出力',exact:true}).click();}
         |                                                                                                              ^
      13 | function story(){const p=createProject('受渡しの通常操作'),scene=createEntity(p.projectId,'scene','制作する場面',{body:textToRichText('😀門で勝利を確かめる')}),line=createEntity(p.projectId,'dialogue_line','受渡し台詞',{text:textToRichText('😀帰ってきた')}),task=createEntity(p.projectId,'production_task','場面の実装',{targetIds:[scene.id],stage:'implementation',progress:'doing',deadline:{date:'2026-10-10',timeZone:'Asia/Tokyo'}}),entry=createEntity(p.projectId,'flow_node','ゲーム入口',{nodeType:'automatic',executionPolicy:'first_match',sceneId:scene.id}),terminal=createEntity(p.projectId,'flow_node','ゲーム終端',{nodeType:'terminal',terminalReason:'完了'}),edge=createEntity(p.projectId,'flow_edge','ゲーム進行',{fromId:entry.id,toId:terminal.id,edgeType:'automatic'}),graph=createEntity(p.projectId,'flow_graph','ゲーム経路',{nodeIds:[entry.id,terminal.id],entryIds:[entry.id],exitIds:[terminal.id],edgeIds:[edge.id]});scene.data.dialogueLineIds=[line.id];p.entities.push(scene,line,task,entry,terminal,edge,graph);p.entities.forEach(e=>e.status='confirmed');return {p,scene,line,task,entry,edge,terminal};}
      14 | function publicPolicy(p:ProjectData){const selected=p.entities.filter(e=>['scene','dialogue_line','flow_node','flow_edge','flow_graph','external_contract'].includes(e.kind)),publicTexts=Object.fromEntries(selected.map(e=>[e.id,Object.fromEntries(Object.entries(e.data).filter(([field,value])=>value!=null&&['body','text','key','label','terminalReason','description'].includes(field)).map(([field,value])=>[field,Array.isArray(value)?value.map(block=>({...block,id:newId()})):value]))]));const profile=createEntity(p.projectId,'projection_profile','確認したゲーム公開範囲',{audience:'reader',publicTitle:'公開したゲーム',publicVersionLabel:'公開一版',includedIds:selected.map(e=>e.id),allowedKinds:[...new Set(selected.map(e=>e.kind))],idPolicy:'preserve',namePolicy:{defaultPolicy:{mode:'replace',replacement:'公開対象'}},publicTexts});profile.status='confirmed';p.entities.push(profile);return profile;}
      15 |
        at output (/workspace/shinariokanri-rb08/tests/e2e/rb08-handoff.spec.ts:12:110)
        at /workspace/shinariokanri-rb08/tests/e2e/rb08-handoff.spec.ts:20:171

    Error Context: test-results/rb08-handoff-相談MDの出所と対象版をcold再開し、作者別案へ保存・選択採用して正本と採用記録を復元する-chromium/error-context.md

    attachment #2: trace (application/zip) ─────────────────────────────────────────────────────────
    test-results/rb08-handoff-相談MDの出所と対象版をcold再開し、作者別案へ保存・選択採用して正本と採用記録を復元する-chromium/trace.zip
    Usage:

        npx playwright show-trace test-results/rb08-handoff-相談MDの出所と対象版をcold再開し、作者別案へ保存・選択採用して正本と採用記録を復元する-chromium/trace.zip

    ────────────────────────────────────────────────────────────────────────────────────────────────

  2) [chromium] › tests/e2e/rb08-handoff.spec.ts:22:1 › 通常出力を独立ゲームへ渡し、実勝利・経路・受領証跡を戻して原子保存・cold・完全復元する 

    Test timeout of 30000ms exceeded.

    Error: locator.click: Test timeout of 30000ms exceeded.
    Call log:
      - waiting for getByRole('tab', { name: '出力', exact: true })


      10 | async function quota(page:Page){await page.evaluate(()=>{const put=IDBObjectStore.prototype.put;let fail=true;IDBObjectStore.prototype.put=function(...args:Parameters<IDBObjectStore['put']>){if(fail&&this.name==='projects'){fail=false;throw new DOMException('fixture quota','QuotaExceededError');}return put.apply(this,args);};});}
      11 | async function production(page:Page){await nav(page,/^構成/);await page.getByRole('tab',{name:'制作',exact:true}).click();}
    > 12 | async function output(page:Page){await nav(page,/^作品・保存/);await page.getByRole('tab',{name:'出力',exact:true}).click();}
         |                                                                                                              ^
      13 | function story(){const p=createProject('受渡しの通常操作'),scene=createEntity(p.projectId,'scene','制作する場面',{body:textToRichText('😀門で勝利を確かめる')}),line=createEntity(p.projectId,'dialogue_line','受渡し台詞',{text:textToRichText('😀帰ってきた')}),task=createEntity(p.projectId,'production_task','場面の実装',{targetIds:[scene.id],stage:'implementation',progress:'doing',deadline:{date:'2026-10-10',timeZone:'Asia/Tokyo'}}),entry=createEntity(p.projectId,'flow_node','ゲーム入口',{nodeType:'automatic',executionPolicy:'first_match',sceneId:scene.id}),terminal=createEntity(p.projectId,'flow_node','ゲーム終端',{nodeType:'terminal',terminalReason:'完了'}),edge=createEntity(p.projectId,'flow_edge','ゲーム進行',{fromId:entry.id,toId:terminal.id,edgeType:'automatic'}),graph=createEntity(p.projectId,'flow_graph','ゲーム経路',{nodeIds:[entry.id,terminal.id],entryIds:[entry.id],exitIds:[terminal.id],edgeIds:[edge.id]});scene.data.dialogueLineIds=[line.id];p.entities.push(scene,line,task,entry,terminal,edge,graph);p.entities.forEach(e=>e.status='confirmed');return {p,scene,line,task,entry,edge,terminal};}
      14 | function publicPolicy(p:ProjectData){const selected=p.entities.filter(e=>['scene','dialogue_line','flow_node','flow_edge','flow_graph','external_contract'].includes(e.kind)),publicTexts=Object.fromEntries(selected.map(e=>[e.id,Object.fromEntries(Object.entries(e.data).filter(([field,value])=>value!=null&&['body','text','key','label','terminalReason','description'].includes(field)).map(([field,value])=>[field,Array.isArray(value)?value.map(block=>({...block,id:newId()})):value]))]));const profile=createEntity(p.projectId,'projection_profile','確認したゲーム公開範囲',{audience:'reader',publicTitle:'公開したゲーム',publicVersionLabel:'公開一版',includedIds:selected.map(e=>e.id),allowedKinds:[...new Set(selected.map(e=>e.kind))],idPolicy:'preserve',namePolicy:{defaultPolicy:{mode:'replace',replacement:'公開対象'}},publicTexts});profile.status='confirmed';p.entities.push(profile);return profile;}
      15 |
        at output (/workspace/shinariokanri-rb08/tests/e2e/rb08-handoff.spec.ts:12:110)
        at /workspace/shinariokanri-rb08/tests/e2e/rb08-handoff.spec.ts:22:506

    Error Context: test-results/rb08-handoff-通常出力を独立ゲームへ渡し、実勝利・経路・受領証跡を戻して原子保存・cold・完全復元する-chromium/error-context.md

    attachment #2: trace (application/zip) ─────────────────────────────────────────────────────────
    test-results/rb08-handoff-通常出力を独立ゲームへ渡し、実勝利・経路・受領証跡を戻して原子保存・cold・完全復元する-chromium/trace.zip
    Usage:

        npx playwright show-trace test-results/rb08-handoff-通常出力を独立ゲームへ渡し、実勝利・経路・受領証跡を戻して原子保存・cold・完全復元する-chromium/trace.zip

    ────────────────────────────────────────────────────────────────────────────────────────────────

  2 failed
    [chromium] › tests/e2e/rb08-handoff.spec.ts:20:1 › 相談MDの出所と対象版をcold再開し、作者別案へ保存・選択採用して正本と採用記録を復元する 
    [chromium] › tests/e2e/rb08-handoff.spec.ts:22:1 › 通常出力を独立ゲームへ渡し、実勝利・経路・受領証跡を戻して原子保存・cold・完全復元する 
