[WebServer] (node:244181) Warning: The 'NO_COLOR' env is ignored due to the 'FORCE_COLOR' env being set.
[WebServer] (Use `node --trace-warnings ...` to show where the warning was created)

Running 1 test using 1 worker

(node:244205) Warning: The 'NO_COLOR' env is ignored due to the 'FORCE_COLOR' env being set.
(Use `node --trace-warnings ...` to show where the warning was created)
RB08_SCOPE_EDITOR_FAILURE 公開投影
旧版の公開文 · 公開範囲
未保存 · 入力は保持されています
版 0
名前
情報の状態
確定
下書き
確認待ち
不採用
別案
公開範囲
自分だけ
作品の編集者
投影プロファイル
未参照でも保持する
背景設定など、参照がなくても残す情報を指定できます。確認候補からの除外は保存後に反映します。
引用する固定版の公開範囲
引用する固定版の公開範囲
任意の構造化データ
引用する固定版の公開範囲
設定しない
明示的な未設定
値を設定
この項目は保存されません。
公開段落の元ID対応
公開段落の元ID対応
任意の構造化データ
公開段落の元ID対応
設定しない
明示的な未設定
値を設定
項目1のキー
対象を選択
制作する場面 · 場面 · 7b1243
受渡し台詞 · 台詞 · 8da15d
場面の実装 · 制作タスク · dfad33
ゲーム入口 · 進行ノード · f89e38
ゲーム終端 · 進行ノード · 86d4b0
ゲーム進行 · 進行線 · cf135a
ゲーム経路 · 分岐図 · 55486a
引用する旧本文 · 公開版 · d22c62
旧版の公開文 · 公開範囲 · 公開投影 · 508fc6
制作する場面 · 😀現在稿から旧本文へ · 9c6e44
受渡し台詞 · 😀帰ってきた · 2dc9df
旧版の公開文 · 公開範囲 · 😀門で勝利を確かめる · 5a6776
旧版の公開文 · 公開範囲 · 😀帰ってきた · 9faf85
項目1の値 · 必須
項目1の値
対象を選択
見つからない参照 · b7b12dad-e301-4dce-87ac-aa8b28f75e0d
制作する場面 · 😀現在稿から旧本文へ · 9c6e44
受渡し台詞 · 😀帰ってきた · 2dc9df
旧版の公開文 · 公開範囲 · 😀門で勝利を確かめる · 5a6776
旧版の公開文 · 公開範囲 · 😀帰ってきた · 9faf85
この範囲の参照先が見つかりません。選び直してください。
削除
項目2のキー
対象を選択
制作する場面 · 場面 · 7b1243
受渡し台詞 · 台詞 · 8da15d
場面の実装 · 制作タスク · dfad33
ゲーム入口 · 進行ノード · f89e38
ゲーム終端 · 進行ノード · 86d4b0
ゲーム進行 · 進行線 · cf135a
ゲーム経路 · 分岐図 · 55486a
引用する旧本文 · 公開版 · d22c62
旧版の公開文 · 公開範囲 · 公開投影 · 508fc6
制作する場面 · 😀現在稿から旧本文へ · 9c6e44
受渡し台詞 · 😀帰ってきた · 2dc9df
旧版の公開文 · 公開範囲 · 😀門で勝利を確かめる · 5a6776
旧版の公開文 · 公開範囲 · 😀帰ってきた · 9faf85
項目2の値 · 必須
項目2の値
対象を選択
制作する場面 · 😀現在稿から旧本文へ · 9c6e44
受渡し台詞 · 😀帰ってきた · 2dc9df
旧版の公開文 · 公開範囲 · 😀門で勝利を確かめる · 5a6776
旧版の公開文 · 公開範囲 · 😀帰ってきた · 9faf85
削除
対象を選択
制作する場面 · 場面 · 7b1243
受渡し台詞 · 台詞 · 8da15d
場面の実装 · 制作タスク · dfad33
ゲーム入口 · 進行ノード · f89e38
ゲーム終端 · 進行ノード · 86d4b0
ゲーム進行 · 進行線 · cf135a
ゲーム経路 · 分岐図 · 55486a
引用する旧本文 · 公開版 · d22c62
旧版の公開文 · 公開範囲 · 公開投影 · 508fc6
制作する場面 · 😀現在稿から旧本文へ · 9c6e44
受渡し台詞 · 😀帰ってきた · 2dc9df
項目を追加

2件を保持しています。キーと値を個別に編集できます。

入力を確認してください
公開段落の元ID対応の形式を確認してください。
出力対象者
公開用の作品名
公開する対象
制作する場面
↑
↓
受渡し台詞
↑
↓
ゲーム入口
↑
↓
ゲーム終端
↑
↓
ゲーム進行
↑
↓
ゲーム経路
↑
↓
選択してください
場面の実装 · 制作タスク · dfad33
引用する旧本文 · 公開版 · d22c62
公開するkind
公開するkind
任意の構造化データ
公開するkind
設定しない
明示的な未設定
値を設定
公開するkind
5件
公開するkind 1 · 必須
公開するkind 1
選択してください
人物
グループ
出来事
場所
物品の所持
メモ
章
場面
目標
進行ノード
進行線
分岐図
台詞
クエスト
設定
状態変数を使う
効果
事実・認識
伏線
手掛かり・回収
途中開始点
試読記録
添付素材
資料・出所
演出
絵コンテ
翻訳
収録
用語
地図
移動経路
雛形
一覧
レビュー
企画
制作判断
ゲーム仕様
制作タスク
媒体版
口調
外部契約
公開版
公開投影
↑
↓
削除
公開するkind 2 · 必須
公開するkind 2
選択してください
人物
グループ
出来事
場所
物品の所持
メモ
章
場面
目標
進行ノード
進行線
分岐図
台詞
クエスト
設定
状態変数を使う
効果
事実・認識
伏線
手掛かり・回収
途中開始点
試読記録
添付素材
資料・出所
演出
絵コンテ
翻訳
収録
用語
地図
移動経路
雛形
一覧
レビュー
企画
制作判断
ゲーム仕様
制作タスク
媒体版
口調
外部契約
公開版
公開投影
↑
↓
削除
公開するkind 3 · 必須
公開するkind 3
選択してください
人物
グループ
出来事
場所
物品の所持
メモ
章
場面
目標
進行ノード
進行線
分岐図
台詞
クエスト
設定
状態変数を使う
効果
事実・認識
伏線
手掛かり・回収
途中開始点
試読記録
添付素材
資料・出所
演出
絵コンテ
翻訳
収録
用語
地図
移動経路
雛形
一覧
レビュー
企画
制作判断
ゲーム仕様
制作タスク
媒体版
口調
外部契約
公開版
公開投影
↑
↓
削除
公開するkind 4 · 必須
公開するkind 4
選択してください
人物
グループ
出来事
場所
物品の所持
メモ
章
場面
目標
進行ノード
進行線
分岐図
台詞
クエスト
設定
状態変数を使う
効果
事実・認識
伏線
手掛かり・回収
途中開始点
試読記録
添付素材
資料・出所
演出
絵コンテ
翻訳
収録
用語
地図
移動経路
雛形
一覧
レビュー
企画
制作判断
ゲーム仕様
制作タスク
媒体版
口調
外部契約
公開版
公開投影
↑
↓
削除
公開するkind 5 · 必須
公開するkind 5
選択してください
人物
グループ
出来事
場所
物品の所持
メモ
章
場面
目標
進行ノード
進行線
分岐図
台詞
クエスト
設定
状態変数を使う
効果
事実・認識
伏線
手掛かり・回収
途中開始点
試読記録
添付素材
資料・出所
演出
絵コンテ
翻訳
収録
用語
地図
移動経路
雛形
一覧
レビュー
企画
制作判断
ゲーム仕様
制作タスク
媒体版
口調
外部契約
公開版
公開投影
↑
↓
削除
項目を追加
公開用の名前
公開用の名前
必須の構造化データ
公開用の名前 · 必須
公開用の名前の種類
別名
置換
除外
匿名化
default Policy・by Entity Idの形
公開用の名前
2個の項目
default Policy
設定しない
明示的な未設定
値を設定
default Policyの種類
別名
置換
除外
匿名化
default Policy
1個の項目
方式 · 必須
方式
選択してください
除外
by Entity Id
設定しない
明示的な未設定
値を設定
項目1のキー
対象を選択
制作する場面 · 場面 · 7b1243
受渡し台詞 · 台詞 · 8da15d
場面の実装 · 制作タスク · dfad33
ゲーム入口 · 進行ノード · f89e38
ゲーム終端 · 進行ノード · 86d4b0
ゲーム進行 · 進行線 · cf135a
ゲーム経路 · 分岐図 · 55486a
引用する旧本文 · 公開版 · d22c62
旧版の公開文 · 公開範囲 · 公開投影 · 508fc6
項目1の値 · 必須
項目1の値の種類
別名
置換
除外
匿名化
項目1の値
2個の項目
方式 · 必須
方式
選択してください
置換
replacement · 必須
replacement
削除
項目2のキー
対象を選択
制作する場面 · 場面 · 7b1243
受渡し台詞 · 台詞 · 8da15d
場面の実装 · 制作タスク · dfad33
ゲーム入口 · 進行ノード · f89e38
ゲーム終端 · 進行ノード · 86d4b0
ゲーム進行 · 進行線 · cf135a
ゲーム経路 · 分岐図 · 55486a
引用する旧本文 · 公開版 · d22c62
旧版の公開文 · 公開範囲 · 公開投影 · 508fc6
項目2の値 · 必須
項目2の値の種類
別名
置換
除外
匿名化
項目2の値
2個の項目
方式 · 必須
方式
選択してください
置換
replacement · 必須
replacement
削除
項目3のキー
対象を選択
制作する場面 · 場面 · 7b1243
受渡し台詞 · 台詞 · 8da15d
場面の実装 · 制作タスク · dfad33
ゲーム入口 · 進行ノード · f89e38
ゲーム終端 · 進行ノード · 86d4b0
ゲーム進行 · 進行線 · cf135a
ゲーム経路 · 分岐図 · 55486a
引用する旧本文 · 公開版 · d22c62
旧版の公開文 · 公開範囲 · 公開投影 · 508fc6
項目3の値 · 必須
項目3の値の種類
別名
置換
除外
匿名化
項目3の値
2個の項目
方式 · 必須
方式
選択してください
置換
replacement · 必須
replacement
削除
項目4のキー
対象を選択
制作する場面 · 場面 · 7b1243
受渡し台詞 · 台詞 · 8da15d
場面の実装 · 制作タスク · dfad33
ゲーム入口 · 進行ノード · f89e38
ゲーム終端 · 進行ノード · 86d4b0
ゲーム進行 · 進行線 · cf135a
ゲーム経路 · 分岐図 · 55486a
引用する旧本文 · 公開版 · d22c62
旧版の公開文 · 公開範囲 · 公開投影 · 508fc6
項目4の値 · 必須
項目4の値の種類
別名
置換
除外
匿名化
項目4の値
2個の項目
方式 · 必須
方式
選択してください
置換
replacement · 必須
replacement
削除
項目5のキー
対象を選択
制作する場面 · 場面 · 7b1243
受渡し台詞 · 台詞 · 8da15d
場面の実装 · 制作タスク · dfad33
ゲーム入口 · 進行ノード · f89e38
ゲーム終端 · 進行ノード · 86d4b0
ゲーム進行 · 進行線 · cf135a
ゲーム経路 · 分岐図 · 55486a
引用する旧本文 · 公開版 · d22c62
旧版の公開文 · 公開範囲 · 公開投影 · 508fc6
項目5の値 · 必須
項目5の値の種類
別名
置換
除外
匿名化
項目5の値
2個の項目
方式 · 必須
方式
選択してください
置換
replacement · 必須
replacement
削除
項目6のキー
対象を選択
制作する場面 · 場面 · 7b1243
受渡し台詞 · 台詞 · 8da15d
場面の実装 · 制作タスク · dfad33
ゲーム入口 · 進行ノード · f89e38
ゲーム終端 · 進行ノード · 86d4b0
ゲーム進行 · 進行線 · cf135a
ゲーム経路 · 分岐図 · 55486a
引用する旧本文 · 公開版 · d22c62
旧版の公開文 · 公開範囲 · 公開投影 · 508fc6
項目6の値 · 必須
項目6の値の種類
別名
置換
除外
匿名化
項目6の値
2個の項目
方式 · 必須
方式
選択してください
置換
replacement · 必須
replacement
削除
対象を選択
場面の実装 · 制作タスク · dfad33
引用する旧本文 · 公開版 · d22c62
旧版の公開文 · 公開範囲 · 公開投影 · 508fc6
項目を追加

6件を保持しています。キーと値を個別に編集できます。

byEntityId に対象IDと {mode: "replace", replacement: "公開名"} を指定します。
公開用の本文
公開用の本文
任意の構造化データ
公開用の本文
設定しない
明示的な未設定
値を設定
項目1のキー
対象を選択
制作する場面 · 場面 · 7b1243
受渡し台詞 · 台詞 · 8da15d
場面の実装 · 制作タスク · dfad33
ゲーム入口 · 進行ノード · f89e38
ゲーム終端 · 進行ノード · 86d4b0
ゲーム進行 · 進行線 · cf135a
ゲーム経路 · 分岐図 · 55486a
引用する旧本文 · 公開版 · d22c62
旧版の公開文 · 公開範囲 · 公開投影 · 508fc6
項目1の値 · 必須
項目1の値
40個の項目
summary
設定しない
明示的な未設定
値を設定
summary
0件
項目を追加
body
設定しない
明示的な未設定
値を設定
body
1件
body 1 · 必須
body 1
6個の項目
ID · 必須
ID
種類 · 必須
種類
選択してください
paragraph
heading
list_item
quote
文章 · 必須
文章
ruby
設定しない
明示的な未設定
値を設定
この項目は保存されません。
links
設定しない
明示的な未設定
値を設定
この項目は保存されません。
unresolved Annotations
設定しない
明示的な未設定
値を設定
この項目は保存されません。
↑
↓
削除
項目を追加
文章
設定しない
明示的な未設定
値を設定
この項目は保存されません。
説明
設定しない
明示的な未設定
値を設定
この項目は保存されません。
question
設定しない
明示的な未設定
値を設定
この項目は保存されません。
intent
設定しない
明示的な未設定
値を設定
この項目は保存されません。
caption
設定しない
明示的な未設定
値を設定
この項目は保存されません。
usage Notes
設定しない
明示的な未設定
値を設定
この項目は保存されません。
interpretation
設定しない
明示的な未設定
値を設定
この項目は保存されません。
examples
設定しない
明示的な未設定
値を設定
この項目は保存されません。
表示名
設定しない
明示的な未設定
値を設定
この項目は保存されません。
読み
設定しない
明示的な未設定
値を設定
この項目は保存されません。
terminal Reason
設定しない
明示的な未設定
値を設定
この項目は保存されません。
理由
設定しない
明示的な未設定
値を設定
この項目は保存されません。
キー
設定しない
明示的な未設定
値を設定
この項目は保存されません。
標準表記
設定しない
明示的な未設定
値を設定
この項目は保存されません。
言語
設定しない
明示的な未設定
値を設定
この項目は保存されません。
ロケール
設定しない
明示的な未設定
値を設定
この項目は保存されません。
source Hash
設定しない
明示的な未設定
値を設定
この項目は保存されません。
expression
設定しない
明示的な未設定
値を設定
この項目は保存されません。
method
設定しない
明示的な未設定
値を設定
この項目は保存されません。
資料の場所
設定しない
明示的な未設定
値を設定
この項目は保存されません。
predicate
設定しない
明示的な未設定
値を設定
この項目は保存されません。
cue Type
設定しない
明示的な未設定
値を設定
この項目は保存されません。
精度
設定しない
明示的な未設定
値を設定
この項目は保存されません。
display Name
設定しない
明示的な未設定
値を設定
この項目は保存されません。
関係の種類
設定しない
明示的な未設定
値を設定
この項目は保存されません。
イベントキー
設定しない
明示的な未設定
値を設定
この項目は保存されません。
reset Reason
設定しない
明示的な未設定
値を設定
この項目は保存されません。
exclusion Reason
設定しない
明示的な未設定
値を設定
この項目は保存されません。
exception Reason
設定しない
明示的な未設定
値を設定
この項目は保存されません。
camera
設定しない
明示的な未設定
値を設定
この項目は保存されません。
呼出しパラメーター
設定しない
明示的な未設定
値を設定
この項目は保存されません。
variants
設定しない
明示的な未設定
値を設定
この項目は保存されません。
estimate Assumptions
設定しない
明示的な未設定
値を設定
この項目は保存されません。
estimate Source
設定しない
明示的な未設定
値を設定
この項目は保存されません。
blocking Reason
設定しない
明示的な未設定
値を設定
この項目は保存されません。
first Person
設定しない
明示的な未設定
値を設定
この項目は保存されません。
addressing
設定しない
明示的な未設定
値を設定
この項目は保存されません。
phrasing
設定しない
明示的な未設定
値を設定
この項目は保存されません。
削除
項目2のキー
対象を選択
制作する場面 · 場面 · 7b1243
受渡し台詞 · 台詞 · 8da15d
場面の実装 · 制作タスク · dfad33
ゲーム入口 · 進行ノード · f89e38
ゲーム終端 · 進行ノード · 86d4b0
ゲーム進行 · 進行線 · cf135a
ゲーム経路 · 分岐図 · 55486a
引用する旧本文 · 公開版 · d22c62
旧版の公開文 · 公開範囲 · 公開投影 · 508fc6
項目2の値 · 必須
項目2の値
40個の項目
summary
設定しない
明示的な未設定
値を設定
この項目は保存されません。
body
設定しない
明示的な未設定
値を設定
この項目は保存されません。
文章
設定しない
明示的な未設定
値を設定
文章
1件
文章 1 · 必須
文章 1
6個の項目
ID · 必須
ID
種類 · 必須
種類
選択してください
paragraph
heading
list_item
quote
文章 · 必須
文章
ruby
設定しない
明示的な未設定
値を設定
この項目は保存されません。
links
設定しない
明示的な未設定
値を設定
この項目は保存されません。
unresolved Annotations
設定しない
明示的な未設定
値を設定
この項目は保存されません。
↑
↓
削除
項目を追加
説明
設定しない
明示的な未設定
値を設定
この項目は保存されません。
question
設定しない
明示的な未設定
値を設定
この項目は保存されません。
intent
設定しない
明示的な未設定
値を設定
この項目は保存されません。
caption
設定しない
明示的な未設定
値を設定
この項目は保存されません。
usage Notes
設定しない
明示的な未設定
値を設定
この項目は保存されません。
interpretation
設定しない
明示的な未設定
値を設定
この項目は保存されません。
examples
設定しない
明示的な未設定
値を設定
この項目は保存されません。
表示名
設定しない
明示的な未設定
値を設定
この項目は保存されません。
読み
設定しない
明示的な未設定
値を設定
この項目は保存されません。
terminal Reason
設定しない
明示的な未設定
値を設定
この項目は保存されません。
理由
設定しない
明示的な未設定
値を設定
この項目は保存されません。
キー
設定しない
明示的な未設定
値を設定
この項目は保存されません。
標準表記
設定しない
明示的な未設定
値を設定
この項目は保存されません。
言語
設定しない
明示的な未設定
値を設定
この項目は保存されません。
ロケール
設定しない
明示的な未設定
値を設定
この項目は保存されません。
source Hash
設定しない
明示的な未設定
値を設定
この項目は保存されません。
expression
設定しない
明示的な未設定
値を設定
この項目は保存されません。
method
設定しない
明示的な未設定
値を設定
この項目は保存されません。
資料の場所
設定しない
明示的な未設定
値を設定
この項目は保存されません。
predicate
設定しない
明示的な未設定
値を設定
この項目は保存されません。
cue Type
設定しない
明示的な未設定
値を設定
この項目は保存されません。
精度
設定しない
明示的な未設定
値を設定
この項目は保存されません。
display Name
設定しない
明示的な未設定
値を設定
この項目は保存されません。
関係の種類
設定しない
明示的な未設定
値を設定
この項目は保存されません。
イベントキー
設定しない
明示的な未設定
値を設定
この項目は保存されません。
reset Reason
設定しない
明示的な未設定
値を設定
この項目は保存されません。
exclusion Reason
設定しない
明示的な未設定
値を設定
この項目は保存されません。
exception Reason
設定しない
明示的な未設定
値を設定
この項目は保存されません。
camera
設定しない
明示的な未設定
値を設定
この項目は保存されません。
呼出しパラメーター
設定しない
明示的な未設定
値を設定
この項目は保存されません。
variants
設定しない
明示的な未設定
値を設定
この項目は保存されません。
estimate Assumptions
設定しない
明示的な未設定
値を設定
この項目は保存されません。
estimate Source
設定しない
明示的な未設定
値を設定
この項目は保存されません。
blocking Reason
設定しない
明示的な未設定
値を設定
この項目は保存されません。
first Person
設定しない
明示的な未設定
値を設定
この項目は保存されません。
addressing
設定しない
明示的な未設定
値を設定
この項目は保存されません。
phrasing
設定しない
明示的な未設定
値を設定
この項目は保存されません。
削除
項目3のキー
対象を選択
制作する場面 · 場面 · 7b1243
受渡し台詞 · 台詞 · 8da15d
場面の実装 · 制作タスク · dfad33
ゲーム入口 · 進行ノード · f89e38
ゲーム終端 · 進行ノード · 86d4b0
ゲーム進行 · 進行線 · cf135a
ゲーム経路 · 分岐図 · 55486a
引用する旧本文 · 公開版 · d22c62
旧版の公開文 · 公開範囲 · 公開投影 · 508fc6
項目3の値 · 必須
項目3の値
40個の項目
summary
設定しない
明示的な未設定
値を設定
この項目は保存されません。
body
設定しない
明示的な未設定
値を設定
この項目は保存されません。
文章
設定しない
明示的な未設定
値を設定
この項目は保存されません。
説明
設定しない
明示的な未設定
値を設定
この項目は保存されません。
question
設定しない
明示的な未設定
値を設定
この項目は保存されません。
intent
設定しない
明示的な未設定
値を設定
この項目は保存されません。
caption
設定しない
明示的な未設定
値を設定
この項目は保存されません。
usage Notes
設定しない
明示的な未設定
値を設定
この項目は保存されません。
interpretation
設定しない
明示的な未設定
値を設定
この項目は保存されません。
examples
設定しない
明示的な未設定
値を設定
この項目は保存されません。
表示名
設定しない
明示的な未設定
値を設定
この項目は保存されません。
読み
設定しない
明示的な未設定
値を設定
この項目は保存されません。
terminal Reason
設定しない
明示的な未設定
値を設定
terminal Reason
理由
設定しない
明示的な未設定
値を設定
この項目は保存されません。
キー
設定しない
明示的な未設定
値を設定
この項目は保存されません。
標準表記
設定しない
明示的な未設定
値を設定
この項目は保存されません。
言語
設定しない
明示的な未設定
値を設定
この項目は保存されません。
ロケール
設定しない
明示的な未設定
値を設定
この項目は保存されません。
source Hash
設定しない
明示的な未設定
値を設定
この項目は保存されません。
expression
設定しない
明示的な未設定
値を設定
この項目は保存されません。
method
設定しない
明示的な未設定
値を設定
この項目は保存されません。
資料の場所
設定しない
明示的な未設定
値を設定
この項目は保存されません。
predicate
設定しない
明示的な未設定
値を設定
この項目は保存されません。
cue Type
設定しない
明示的な未設定
値を設定
この項目は保存されません。
精度
設定しない
明示的な未設定
値を設定
この項目は保存されません。
display Name
設定しない
明示的な未設定
値を設定
この項目は保存されません。
関係の種類
設定しない
明示的な未設定
値を設定
この項目は保存されません。
イベントキー
設定しない
明示的な未設定
値を設定
この項目は保存されません。
reset Reason
設定しない
明示的な未設定
値を設定
この項目は保存されません。
exclusion Reason
設定しない
明示的な未設定
値を設定
この項目は保存されません。
exception Reason
設定しない
明示的な未設定
値を設定
この項目は保存されません。
camera
設定しない
明示的な未設定
値を設定
この項目は保存されません。
呼出しパラメーター
設定しない
明示的な未設定
値を設定
この項目は保存されません。
variants
設定しない
明示的な未設定
値を設定
この項目は保存されません。
estimate Assumptions
設定しない
明示的な未設定
値を設定
この項目は保存されません。
estimate Source
設定しない
明示的な未設定
値を設定
この項目は保存されません。
blocking Reason
設定しない
明示的な未設定
値を設定
この項目は保存されません。
first Person
設定しない
明示的な未設定
値を設定
この項目は保存されません。
addressing
設定しない
明示的な未設定
値を設定
この項目は保存されません。
phrasing
設定しない
明示的な未設定
値を設定
この項目は保存されません。
削除
項目4のキー
対象を選択
制作する場面 · 場面 · 7b1243
受渡し台詞 · 台詞 · 8da15d
場面の実装 · 制作タスク · dfad33
ゲーム入口 · 進行ノード · f89e38
ゲーム終端 · 進行ノード · 86d4b0
ゲーム進行 · 進行線 · cf135a
ゲーム経路 · 分岐図 · 55486a
引用する旧本文 · 公開版 · d22c62
旧版の公開文 · 公開範囲 · 公開投影 · 508fc6
項目4の値 · 必須
項目4の値
40個の項目
summary
設定しない
明示的な未設定
値を設定
この項目は保存されません。
body
設定しない
明示的な未設定
値を設定
この項目は保存されません。
文章
設定しない
明示的な未設定
値を設定
この項目は保存されません。
説明
設定しない
明示的な未設定
値を設定
この項目は保存されません。
question
設定しない
明示的な未設定
値を設定
この項目は保存されません。
intent
設定しない
明示的な未設定
値を設定
この項目は保存されません。
caption
設定しない
明示的な未設定
値を設定
この項目は保存されません。
usage Notes
設定しない
明示的な未設定
値を設定
この項目は保存されません。
interpretation
設定しない
明示的な未設定
値を設定
この項目は保存されません。
examples
設定しない
明示的な未設定
値を設定
この項目は保存されません。
表示名
設定しない
明示的な未設定
値を設定
この項目は保存されません。
読み
設定しない
明示的な未設定
値を設定
この項目は保存されません。
terminal Reason
設定しない
明示的な未設定
値を設定
terminal Reason
理由
設定しない
明示的な未設定
値を設定
この項目は保存されません。
キー
設定しない
明示的な未設定
値を設定
この項目は保存されません。
標準表記
設定しない
明示的な未設定
値を設定
この項目は保存されません。
言語
設定しない
明示的な未設定
値を設定
この項目は保存されません。
ロケール
設定しない
明示的な未設定
値を設定
この項目は保存されません。
source Hash
設定しない
明示的な未設定
値を設定
この項目は保存されません。
expression
設定しない
明示的な未設定
値を設定
この項目は保存されません。
method
設定しない
明示的な未設定
値を設定
この項目は保存されません。
資料の場所
設定しない
明示的な未設定
値を設定
この項目は保存されません。
predicate
設定しない
明示的な未設定
値を設定
この項目は保存されません。
cue Type
設定しない
明示的な未設定
値を設定
この項目は保存されません。
精度
設定しない
明示的な未設定
値を設定
この項目は保存されません。
display Name
設定しない
明示的な未設定
値を設定
この項目は保存されません。
関係の種類
設定しない
明示的な未設定
値を設定
この項目は保存されません。
イベントキー
設定しない
明示的な未設定
値を設定
この項目は保存されません。
reset Reason
設定しない
明示的な未設定
値を設定
この項目は保存されません。
exclusion Reason
設定しない
明示的な未設定
値を設定
この項目は保存されません。
exception Reason
設定しない
明示的な未設定
値を設定
この項目は保存されません。
camera
設定しない
明示的な未設定
値を設定
この項目は保存されません。
呼出しパラメーター
設定しない
明示的な未設定
値を設定
この項目は保存されません。
variants
設定しない
明示的な未設定
値を設定
この項目は保存されません。
estimate Assumptions
設定しない
明示的な未設定
値を設定
この項目は保存されません。
estimate Source
設定しない
明示的な未設定
値を設定
この項目は保存されません。
blocking Reason
設定しない
明示的な未設定
値を設定
この項目は保存されません。
first Person
設定しない
明示的な未設定
値を設定
この項目は保存されません。
addressing
設定しない
明示的な未設定
値を設定
この項目は保存されません。
phrasing
設定しない
明示的な未設定
値を設定
この項目は保存されません。
削除
項目5のキー
対象を選択
制作する場面 · 場面 · 7b1243
受渡し台詞 · 台詞 · 8da15d
場面の実装 · 制作タスク · dfad33
ゲーム入口 · 進行ノード · f89e38
ゲーム終端 · 進行ノード · 86d4b0
ゲーム進行 · 進行線 · cf135a
ゲーム経路 · 分岐図 · 55486a
引用する旧本文 · 公開版 · d22c62
旧版の公開文 · 公開範囲 · 公開投影 · 508fc6
項目5の値 · 必須
項目5の値
40個の項目
summary
設定しない
明示的な未設定
値を設定
この項目は保存されません。
body
設定しない
明示的な未設定
値を設定
この項目は保存されません。
文章
設定しない
明示的な未設定
値を設定
この項目は保存されません。
説明
設定しない
明示的な未設定
値を設定
この項目は保存されません。
question
設定しない
明示的な未設定
値を設定
この項目は保存されません。
intent
設定しない
明示的な未設定
値を設定
この項目は保存されません。
caption
設定しない
明示的な未設定
値を設定
この項目は保存されません。
usage Notes
設定しない
明示的な未設定
値を設定
この項目は保存されません。
interpretation
設定しない
明示的な未設定
値を設定
この項目は保存されません。
examples
設定しない
明示的な未設定
値を設定
この項目は保存されません。
表示名
設定しない
明示的な未設定
値を設定
表示名
読み
設定しない
明示的な未設定
値を設定
この項目は保存されません。
terminal Reason
設定しない
明示的な未設定
値を設定
この項目は保存されません。
理由
設定しない
明示的な未設定
値を設定
この項目は保存されません。
キー
設定しない
明示的な未設定
値を設定
この項目は保存されません。
標準表記
設定しない
明示的な未設定
値を設定
この項目は保存されません。
言語
設定しない
明示的な未設定
値を設定
この項目は保存されません。
ロケール
設定しない
明示的な未設定
値を設定
この項目は保存されません。
source Hash
設定しない
明示的な未設定
値を設定
この項目は保存されません。
expression
設定しない
明示的な未設定
値を設定
この項目は保存されません。
method
設定しない
明示的な未設定
値を設定
この項目は保存されません。
資料の場所
設定しない
明示的な未設定
値を設定
この項目は保存されません。
predicate
設定しない
明示的な未設定
値を設定
この項目は保存されません。
cue Type
設定しない
明示的な未設定
値を設定
この項目は保存されません。
精度
設定しない
明示的な未設定
値を設定
この項目は保存されません。
display Name
設定しない
明示的な未設定
値を設定
この項目は保存されません。
関係の種類
設定しない
明示的な未設定
値を設定
この項目は保存されません。
イベントキー
設定しない
明示的な未設定
値を設定
この項目は保存されません。
reset Reason
設定しない
明示的な未設定
値を設定
この項目は保存されません。
exclusion Reason
設定しない
明示的な未設定
値を設定
この項目は保存されません。
exception Reason
設定しない
明示的な未設定
値を設定
この項目は保存されません。
camera
設定しない
明示的な未設定
値を設定
この項目は保存されません。
呼出しパラメーター
設定しない
明示的な未設定
値を設定
この項目は保存されません。
variants
設定しない
明示的な未設定
値を設定
この項目は保存されません。
estimate Assumptions
設定しない
明示的な未設定
値を設定
この項目は保存されません。
estimate Source
設定しない
明示的な未設定
値を設定
この項目は保存されません。
blocking Reason
設定しない
明示的な未設定
値を設定
この項目は保存されません。
first Person
設定しない
明示的な未設定
値を設定
この項目は保存されません。
addressing
設定しない
明示的な未設定
値を設定
この項目は保存されません。
phrasing
設定しない
明示的な未設定
値を設定
この項目は保存されません。
削除
項目6のキー
対象を選択
制作する場面 · 場面 · 7b1243
受渡し台詞 · 台詞 · 8da15d
場面の実装 · 制作タスク · dfad33
ゲーム入口 · 進行ノード · f89e38
ゲーム終端 · 進行ノード · 86d4b0
ゲーム進行 · 進行線 · cf135a
ゲーム経路 · 分岐図 · 55486a
引用する旧本文 · 公開版 · d22c62
旧版の公開文 · 公開範囲 · 公開投影 · 508fc6
項目6の値 · 必須
項目6の値
40個の項目
summary
設定しない
明示的な未設定
値を設定
この項目は保存されません。
body
設定しない
明示的な未設定
値を設定
この項目は保存されません。
文章
設定しない
明示的な未設定
値を設定
この項目は保存されません。
説明
設定しない
明示的な未設定
値を設定
この項目は保存されません。
question
設定しない
明示的な未設定
値を設定
この項目は保存されません。
intent
設定しない
明示的な未設定
値を設定
この項目は保存されません。
caption
設定しない
明示的な未設定
値を設定
この項目は保存されません。
usage Notes
設定しない
明示的な未設定
値を設定
この項目は保存されません。
interpretation
設定しない
明示的な未設定
値を設定
この項目は保存されません。
examples
設定しない
明示的な未設定
値を設定
この項目は保存されません。
表示名
設定しない
明示的な未設定
値を設定
この項目は保存されません。
読み
設定しない
明示的な未設定
値を設定
この項目は保存されません。
terminal Reason
設定しない
明示的な未設定
値を設定
この項目は保存されません。
理由
設定しない
明示的な未設定
値を設定
この項目は保存されません。
キー
設定しない
明示的な未設定
値を設定
この項目は保存されません。
標準表記
設定しない
明示的な未設定
値を設定
この項目は保存されません。
言語
設定しない
明示的な未設定
値を設定
この項目は保存されません。
ロケール
設定しない
明示的な未設定
値を設定
この項目は保存されません。
source Hash
設定しない
明示的な未設定
値を設定
この項目は保存されません。
expression
設定しない
明示的な未設定
値を設定
この項目は保存されません。
method
設定しない
明示的な未設定
値を設定
この項目は保存されません。
資料の場所
設定しない
明示的な未設定
値を設定
この項目は保存されません。
predicate
設定しない
明示的な未設定
値を設定
この項目は保存されません。
cue Type
設定しない
明示的な未設定
値を設定
この項目は保存されません。
精度
設定しない
明示的な未設定
値を設定
この項目は保存されません。
display Name
設定しない
明示的な未設定
値を設定
この項目は保存されません。
関係の種類
設定しない
明示的な未設定
値を設定
この項目は保存されません。
イベントキー
設定しない
明示的な未設定
値を設定
この項目は保存されません。
reset Reason
設定しない
明示的な未設定
値を設定
この項目は保存されません。
exclusion Reason
設定しない
明示的な未設定
値を設定
この項目は保存されません。
exception Reason
設定しない
明示的な未設定
値を設定
この項目は保存されません。
camera
設定しない
明示的な未設定
値を設定
この項目は保存されません。
呼出しパラメーター
設定しない
明示的な未設定
値を設定
この項目は保存されません。
variants
設定しない
明示的な未設定
値を設定
この項目は保存されません。
estimate Assumptions
設定しない
明示的な未設定
値を設定
この項目は保存されません。
estimate Source
設定しない
明示的な未設定
値を設定
この項目は保存されません。
blocking Reason
設定しない
明示的な未設定
値を設定
この項目は保存されません。
first Person
設定しない
明示的な未設定
値を設定
この項目は保存されません。
addressing
設定しない
明示的な未設定
値を設定
この項目は保存されません。
phrasing
設定しない
明示的な未設定
値を設定
この項目は保存されません。
削除
対象を選択
場面の実装 · 制作タスク · dfad33
引用する旧本文 · 公開版 · d22c62
旧版の公開文 · 公開範囲 · 公開投影 · 508fc6
項目を追加

6件を保持しています。キーと値を個別に編集できます。

対象IDごとに body / summary / text の公開文を指定します。
公開用の値
公開用の値
任意の構造化データ
公開用の値
設定しない
明示的な未設定
値を設定
対象を選択
項目を追加

0件を保持しています。キーと値を個別に編集できます。

出力から除く項目
出力から除く項目
任意の構造化データ
出力から除く項目
設定しない
明示的な未設定
値を設定
出力から除く項目
1件
出力から除く項目 1 · 必須
出力から除く項目 1
↑
↓
削除
項目を追加
作者メモを含める
この端末での項目と画面の表示
使用する雛形
雛形を適用しない
詳細データ・ルビ・本文リンクを編集
カスタム項目を編集
IDと履歴情報
入力内容を修正できます。画面を切り替えても未保存入力を保持します。未保存の入力を持ち出す
アーカイブ
保存する
  ✘  1 [chromium] › tests/e2e/rb08-handoff.spec.ts:29:1 › 通常画面で旧版と現稿の公開範囲を作り、固定引用のUnicode位置を試遊ZIPから開いて戻り、承認をcold復元する (7.2s)


  1) [chromium] › tests/e2e/rb08-handoff.spec.ts:29:1 › 通常画面で旧版と現稿の公開範囲を作り、固定引用のUnicode位置を試遊ZIPから開いて戻り、承認をcold復元する 

    Error: expect(locator).toContainText(expected) failed

    Locator: locator('.editor-save-state')
    Expected substring: "端末内保存済み"
    Received string:    "未保存 · 入力は保持されています版 0"
    Timeout: 5000ms

    Call log:
      - Expect "toContainText" locator('.editor-save-state') with timeout 5000ms
      - waiting for locator('.editor-save-state')
        14 × locator resolved to <div role="status" aria-live="polite" class="editor-save-state">…</div>
           - unexpected value "未保存 · 入力は保持されています版 0"


      29 | test('通常画面で旧版と現稿の公開範囲を作り、固定引用のUnicode位置を試遊ZIPから開いて戻り、承認をcold復元する',async({page,context})=>{
      30 |  const f=story(),p=await createWorldSnapshot(f.p,'引用する旧本文'),pin=p.snapshots.at(-1)!,oldScene=pin.content.entities.find(entity=>entity.id===f.scene.id)!;if(oldScene.kind!=='scene')throw Error('fixture');const current=p.entities.find(entity=>entity.id===f.scene.id)!;if(current.kind!=='scene')throw Error('fixture');current.data.body=[{...textToRichText('😀現在稿から旧本文へ')[0],links:[{start:0,end:1,target:{entityId:f.scene.id,sourceVersionId:pin.id,blockId:oldScene.data.body[0].id,start:0,end:1}}]}];await seed(page,p);await output(page);
    > 31 |  async function createScope(title:string,version:string){const create=page.getByRole('button',{name:'公開範囲を作成',exact:true});if(await create.isVisible())await create.click();else await page.getByRole('button',{name:'新しい範囲',exact:true}).click();const modal=page.getByRole('dialog');await modal.getByLabel('公開範囲の元作品版',{exact:true}).selectOption(version);await modal.getByLabel('公開用の作品名',{exact:true}).fill(title);for(const entity of [f.scene,f.line,f.entry,f.terminal,f.edge,f.p.entities.find(entity=>entity.kind==='flow_graph')!])await modal.getByLabel('追加する対象',{exact:true}).selectOption(entity.id);await modal.getByLabel('選んだ対象の本文・表記を公開文へコピーする',{exact:true}).check();await modal.getByRole('button',{name:'範囲を作成して内容を確認',exact:true}).click();await expect(modal).toBeHidden();await page.getByLabel('情報の状態',{exact:true}).selectOption('confirmed');await expect(page.locator('.editor-save-state')).toContainText('端末内保存済み').catch(async cause=>{console.log('RB08_SCOPE_EDITOR_FAILURE',await page.locator('.detail-panel').innerText());throw cause;});const id=await page.locator('.detail-panel').getAttribute('data-entity-id');await page.getByRole('button',{name:'詳細を閉じる',exact:true}).click();const selected=await page.getByLabel('出力する公開範囲',{exact:true}).inputValue();expect(selected).toBeTruthy();return selected;}
         |                                                                                                                                                                                                                                                                                                                                                                                                                                                                                                                                                                                                                                                                                                                                                                                                                                                                                                                            ^
      32 |  const child=await createScope('旧版の公開文',pin.id),root=await createScope('現在版の公開文','');await page.getByLabel('出力する公開範囲',{exact:true}).selectOption(root);await page.getByLabel('公開出力へ引用する固定版',{exact:true}).selectOption(pin.id);await page.getByLabel('引用版の確認済み公開範囲',{exact:true}).selectOption(child);await quota(page);await page.getByRole('button',{name:'この固定版の公開引用を保存',exact:true}).click();await expect(page.getByRole('alert')).toContainText('容量');await page.getByRole('button',{name:'この固定版の公開引用を保存',exact:true}).click();await expect(page.getByRole('button',{name:'引用承認を外す',exact:true})).toBeEnabled();await page.getByLabel('出力目的',{exact:true}).selectOption('playable_preview');await page.getByRole('button',{name:'内容を検査・プレビュー',exact:true}).click();await expect(page.locator('.export-result')).toContainText('playable-preview.zip');const pending=page.waitForEvent('download');await page.locator('.export-artifact').getByRole('button',{name:'この内容を保存',exact:true}).click();const files=unzipSync(new Uint8Array(await readFile((await(await pending).path())!))),htmlPath=join(await mkdtemp(join(tmpdir(),'rb08-citation-ui-')),'index.html');await writeFile(htmlPath,strFromU8(files['index.html']));const trial=await context.newPage();await trial.goto(pathToFileURL(htmlPath).href);await expect(trial.getByText('😀現在稿から旧本文へ',{exact:true})).toBeVisible();const link=trial.getByRole('button',{name:'関連: 😀',exact:true});await link.click();await expect(trial.getByRole('dialog')).toContainText(oldScene.data.body[0].text);await expect(trial.getByRole('dialog').locator('mark')).toHaveText('😀');await trial.getByRole('button',{name:'元の読み位置へ戻る',exact:true}).click();await expect(link).toBeFocused();await trial.close();await page.reload();const restored=(await backup(page)).project,parent=restored.entities.find(entity=>entity.id===root);expect(parent?.kind==='projection_profile'&&parent.data.citedVersions).toMatchObject([{sourceVersionId:pin.id,profileId:child}]);
      33 | });
      34 |
        at createScope (/workspace/shinariokanri-rb08/tests/e2e/rb08-handoff.spec.ts:31:892)
        at /workspace/shinariokanri-rb08/tests/e2e/rb08-handoff.spec.ts:32:14

    Error Context: test-results/rb08-handoff-通常画面で旧版と現稿の公開-035d7-位置を試遊ZIPから開いて戻り、承認をcold復元する-chromium/error-context.md

    attachment #2: trace (application/zip) ─────────────────────────────────────────────────────────
    test-results/rb08-handoff-通常画面で旧版と現稿の公開-035d7-位置を試遊ZIPから開いて戻り、承認をcold復元する-chromium/trace.zip
    Usage:

        npx playwright show-trace test-results/rb08-handoff-通常画面で旧版と現稿の公開-035d7-位置を試遊ZIPから開いて戻り、承認をcold復元する-chromium/trace.zip

    ────────────────────────────────────────────────────────────────────────────────────────────────

  1 failed
    [chromium] › tests/e2e/rb08-handoff.spec.ts:29:1 › 通常画面で旧版と現稿の公開範囲を作り、固定引用のUnicode位置を試遊ZIPから開いて戻り、承認をcold復元する 
