
 RUN  v5.0.3 /workspace/shinariokanri-rb08

 ❯ src/storage/rb08Handoff.test.ts (6 tests | 3 failed) 373ms
   ❯ RB08 production handoff and independent portable engine (6)
     × retains old media body and pin, freezes source differences, rejects stale/tampered approval and restores the separate candidate 10ms
     × captures media/consultation inputs before asynchronous hashing instead of approving later mutations 4ms
     × executes the generated independent browser engine with the same prestate/presentation/lifecycle result and whole-state back as the application 43ms

⎯⎯⎯⎯⎯⎯⎯ Failed Tests 3 ⎯⎯⎯⎯⎯⎯⎯

 FAIL  src/storage/rb08Handoff.test.ts > RB08 production handoff and independent portable engine > retains old media body and pin, freezes source differences, rejects stale/tampered approval and restores the separate candidate
AssertionError: expected [Function] to throw error including '確認' but got 'REVISION_CONFLICT: 媒体比較後に作品または差分が変わりま…'

Expected: "確認"
Received: "REVISION_CONFLICT: 媒体比較後に作品または差分が変わりました。"

 ❯ src/storage/rb08Handoff.test.ts:21:877


⎯⎯⎯⎯⎯⎯⎯⎯⎯⎯⎯⎯⎯⎯⎯⎯⎯⎯⎯⎯⎯⎯⎯⎯[1/3]⎯

 FAIL  src/storage/rb08Handoff.test.ts > RB08 production handoff and independent portable engine > captures media/consultation inputs before asynchronous hashing instead of approving later mutations
AssertionError: expected [Function] to throw error including '確認' but got 'REVISION_CONFLICT: 媒体比較後に作品または差分が変わりま…'

Expected: "確認"
Received: "REVISION_CONFLICT: 媒体比較後に作品または差分が変わりました。"

 ❯ src/storage/rb08Handoff.test.ts:23:992


⎯⎯⎯⎯⎯⎯⎯⎯⎯⎯⎯⎯⎯⎯⎯⎯⎯⎯⎯⎯⎯⎯⎯⎯[2/3]⎯

 FAIL  src/storage/rb08Handoff.test.ts > RB08 production handoff and independent portable engine > executes the generated independent browser engine with the same prestate/presentation/lifecycle result and whole-state back as the application
DomainValidationError: 未対応の情報種別です。、未対応の情報種別です。、未対応の情報種別です。、未対応の情報種別です。、未対応の情報種別です。、未対応の情報種別です。、未対応の情報種別です。、未対応の情報種別です。、未対応の情報種別です。、未対応の情報種別です。
 ❯ Nn evalmachine.<anonymous>:2:85239
 ❯ br evalmachine.<anonymous>:2:107179
 ❯ Object.xr [as startTrialVerified] evalmachine.<anonymous>:2:107379

⎯⎯⎯⎯⎯⎯⎯⎯⎯⎯⎯⎯⎯⎯⎯⎯⎯⎯⎯⎯⎯⎯⎯⎯[3/3]⎯


 Test Files  1 failed (1)
      Tests  3 failed | 3 passed (6)
   Start at  12:26:44
   Duration  1.18s (transform 54%, tests 35%, import 11%)

