{
  "passed": 0,
  "failed": 5,
  "results": [
    {
      "id": "S5U01 reaction delayed save remains locked across navigation and completes once",
      "status": "failed",
      "error": "locator.click: Timeout 30000ms exceeded.\nCall log:\n\u001b[2m  - waiting for getByRole('button', { name: /^構成/ }).first()\u001b[22m\n\u001b[2m    - locator resolved to <button class=\"nav-item \">…</button>\u001b[22m\n\u001b[2m  - attempting click action\u001b[22m\n\u001b[2m    2 × waiting for element to be visible, enabled and stable\u001b[22m\n\u001b[2m      - element is visible, enabled and stable\u001b[22m\n\u001b[2m      - scrolling into view if needed\u001b[22m\n\u001b[2m      - done scrolling\u001b[22m\n\u001b[2m      - element is outside of the viewport\u001b[22m\n\u001b[2m    - retrying click action\u001b[22m\n\u001b[2m    - waiting 20ms\u001b[22m\n\u001b[2m    2 × waiting for element to be visible, enabled and stable\u001b[22m\n\u001b[2m      - element is visible, enabled and stable\u001b[22m\n\u001b[2m      - scrolling into view if needed\u001b[22m\n\u001b[2m      - done scrolling\u001b[22m\n\u001b[2m      - element is outside of the viewport\u001b[22m\n\u001b[2m    - retrying click action\u001b[22m\n\u001b[2m      - waiting 100ms\u001b[22m\n\u001b[2m    58 × waiting for element to be visible, enabled and stable\u001b[22m\n\u001b[2m       - element is visible, enabled and stable\u001b[22m\n\u001b[2m       - scrolling into view if needed\u001b[22m\n\u001b[2m       - done scrolling\u001b[22m\n\u001b[2m       - element is outside of the viewport\u001b[22m\n\u001b[2m     - retrying click action\u001b[22m\n\u001b[2m       - waiting 500ms\u001b[22m\n",
      "pageErrors": []
    },
    {
      "id": "S5U02 reaction failed save retains input across navigation for a successful retry",
      "status": "failed",
      "error": "locator.click: Timeout 30000ms exceeded.\nCall log:\n\u001b[2m  - waiting for getByRole('button', { name: /^構成/ }).first()\u001b[22m\n\u001b[2m    - locator resolved to <button class=\"nav-item \">…</button>\u001b[22m\n\u001b[2m  - attempting click action\u001b[22m\n\u001b[2m    2 × waiting for element to be visible, enabled and stable\u001b[22m\n\u001b[2m      - element is visible, enabled and stable\u001b[22m\n\u001b[2m      - scrolling into view if needed\u001b[22m\n\u001b[2m      - done scrolling\u001b[22m\n\u001b[2m      - element is outside of the viewport\u001b[22m\n\u001b[2m    - retrying click action\u001b[22m\n\u001b[2m    - waiting 20ms\u001b[22m\n\u001b[2m    2 × waiting for element to be visible, enabled and stable\u001b[22m\n\u001b[2m      - element is visible, enabled and stable\u001b[22m\n\u001b[2m      - scrolling into view if needed\u001b[22m\n\u001b[2m      - done scrolling\u001b[22m\n\u001b[2m      - element is outside of the viewport\u001b[22m\n\u001b[2m    - retrying click action\u001b[22m\n\u001b[2m      - waiting 100ms\u001b[22m\n\u001b[2m    58 × waiting for element to be visible, enabled and stable\u001b[22m\n\u001b[2m       - element is visible, enabled and stable\u001b[22m\n\u001b[2m       - scrolling into view if needed\u001b[22m\n\u001b[2m       - done scrolling\u001b[22m\n\u001b[2m       - element is outside of the viewport\u001b[22m\n\u001b[2m     - retrying click action\u001b[22m\n\u001b[2m       - waiting 500ms\u001b[22m\n",
      "pageErrors": []
    },
    {
      "id": "S5U03 reaction preview stays bound to the confirmed revision after another author save",
      "status": "failed",
      "error": "locator.click: Timeout 30000ms exceeded.\nCall log:\n\u001b[2m  - waiting for getByRole('button', { name: /^構成/ }).first()\u001b[22m\n\u001b[2m    - locator resolved to <button class=\"nav-item \">…</button>\u001b[22m\n\u001b[2m  - attempting click action\u001b[22m\n\u001b[2m    2 × waiting for element to be visible, enabled and stable\u001b[22m\n\u001b[2m      - element is visible, enabled and stable\u001b[22m\n\u001b[2m      - scrolling into view if needed\u001b[22m\n\u001b[2m      - done scrolling\u001b[22m\n\u001b[2m      - element is outside of the viewport\u001b[22m\n\u001b[2m    - retrying click action\u001b[22m\n\u001b[2m    - waiting 20ms\u001b[22m\n\u001b[2m    2 × waiting for element to be visible, enabled and stable\u001b[22m\n\u001b[2m      - element is visible, enabled and stable\u001b[22m\n\u001b[2m      - scrolling into view if needed\u001b[22m\n\u001b[2m      - done scrolling\u001b[22m\n\u001b[2m      - element is outside of the viewport\u001b[22m\n\u001b[2m    - retrying click action\u001b[22m\n\u001b[2m      - waiting 100ms\u001b[22m\n\u001b[2m    58 × waiting for element to be visible, enabled and stable\u001b[22m\n\u001b[2m       - element is visible, enabled and stable\u001b[22m\n\u001b[2m       - scrolling into view if needed\u001b[22m\n\u001b[2m       - done scrolling\u001b[22m\n\u001b[2m       - element is outside of the viewport\u001b[22m\n\u001b[2m     - retrying click action\u001b[22m\n\u001b[2m       - waiting 500ms\u001b[22m\n",
      "pageErrors": []
    },
    {
      "id": "S5U04 partial checkpoint delayed save stays locked after navigation and latest props acknowledge it",
      "status": "failed",
      "error": "locator.click: Timeout 30000ms exceeded.\nCall log:\n\u001b[2m  - waiting for getByRole('button', { name: /^構成/ }).first()\u001b[22m\n\u001b[2m    - locator resolved to <button class=\"nav-item \">…</button>\u001b[22m\n\u001b[2m  - attempting click action\u001b[22m\n\u001b[2m    2 × waiting for element to be visible, enabled and stable\u001b[22m\n\u001b[2m      - element is visible, enabled and stable\u001b[22m\n\u001b[2m      - scrolling into view if needed\u001b[22m\n\u001b[2m      - done scrolling\u001b[22m\n\u001b[2m      - element is outside of the viewport\u001b[22m\n\u001b[2m    - retrying click action\u001b[22m\n\u001b[2m    - waiting 20ms\u001b[22m\n\u001b[2m    2 × waiting for element to be visible, enabled and stable\u001b[22m\n\u001b[2m      - element is visible, enabled and stable\u001b[22m\n\u001b[2m      - scrolling into view if needed\u001b[22m\n\u001b[2m      - done scrolling\u001b[22m\n\u001b[2m      - element is outside of the viewport\u001b[22m\n\u001b[2m    - retrying click action\u001b[22m\n\u001b[2m      - waiting 100ms\u001b[22m\n\u001b[2m    58 × waiting for element to be visible, enabled and stable\u001b[22m\n\u001b[2m       - element is visible, enabled and stable\u001b[22m\n\u001b[2m       - scrolling into view if needed\u001b[22m\n\u001b[2m       - done scrolling\u001b[22m\n\u001b[2m       - element is outside of the viewport\u001b[22m\n\u001b[2m     - retrying click action\u001b[22m\n\u001b[2m       - waiting 500ms\u001b[22m\n",
      "pageErrors": []
    },
    {
      "id": "S5U05 partial checkpoint save failure after navigation explains the failure near the resumed input",
      "status": "failed",
      "error": "locator.click: Timeout 30000ms exceeded.\nCall log:\n\u001b[2m  - waiting for getByRole('button', { name: /^構成/ }).first()\u001b[22m\n\u001b[2m    - locator resolved to <button class=\"nav-item \">…</button>\u001b[22m\n\u001b[2m  - attempting click action\u001b[22m\n\u001b[2m    2 × waiting for element to be visible, enabled and stable\u001b[22m\n\u001b[2m      - element is visible, enabled and stable\u001b[22m\n\u001b[2m      - scrolling into view if needed\u001b[22m\n\u001b[2m      - done scrolling\u001b[22m\n\u001b[2m      - element is outside of the viewport\u001b[22m\n\u001b[2m    - retrying click action\u001b[22m\n\u001b[2m    - waiting 20ms\u001b[22m\n\u001b[2m    2 × waiting for element to be visible, enabled and stable\u001b[22m\n\u001b[2m      - element is visible, enabled and stable\u001b[22m\n\u001b[2m      - scrolling into view if needed\u001b[22m\n\u001b[2m      - done scrolling\u001b[22m\n\u001b[2m      - element is outside of the viewport\u001b[22m\n\u001b[2m    - retrying click action\u001b[22m\n\u001b[2m      - waiting 100ms\u001b[22m\n\u001b[2m    58 × waiting for element to be visible, enabled and stable\u001b[22m\n\u001b[2m       - element is visible, enabled and stable\u001b[22m\n\u001b[2m       - scrolling into view if needed\u001b[22m\n\u001b[2m       - done scrolling\u001b[22m\n\u001b[2m       - element is outside of the viewport\u001b[22m\n\u001b[2m     - retrying click action\u001b[22m\n\u001b[2m       - waiting 500ms\u001b[22m\n",
      "pageErrors": []
    }
  ]
}
