
 RUN  v5.0.3 /tmp/shinariokanri-independent-rb05-structure-20261008-1

 × tests/independent-rb05-structure.test.ts > S5D01 errors in a called lower scene remain counted at its parent chapter and graph 30ms
   → expected 0 to be greater than or equal to 1
 × tests/independent-rb05-structure.test.ts > S5D02 an unknown opening never becomes principal checked regression evidence by a full origin label 33ms
   → expected 1 to be +0 // Object.is equality
 ✓ tests/independent-rb05-structure.test.ts > S5D03 typed partial start with inventory and belief remains partial through native restore clone and replay 129ms
 ✓ tests/independent-rb05-structure.test.ts > S5D04 first_revisit repeated reactions save and replay seed visits undo and lifecycle state 89ms
 ✓ tests/independent-rb05-structure.test.ts > S5D04 sequence repeated reactions save and replay seed visits undo and lifecycle state 71ms
 ✓ tests/independent-rb05-structure.test.ts > S5D04 random repeated reactions save and replay seed visits undo and lifecycle state 64ms

⎯⎯⎯⎯⎯⎯⎯ Failed Tests 2 ⎯⎯⎯⎯⎯⎯⎯

 FAIL  tests/independent-rb05-structure.test.ts > S5D01 errors in a called lower scene remain counted at its parent chapter and graph
AssertionError: expected 0 to be greater than or equal to 1
 ❯ tests/independent-rb05-structure.test.ts:24:163


⎯⎯⎯⎯⎯⎯⎯⎯⎯⎯⎯⎯⎯⎯⎯⎯⎯⎯⎯⎯⎯⎯⎯⎯[1/2]⎯

 FAIL  tests/independent-rb05-structure.test.ts > S5D02 an unknown opening never becomes principal checked regression evidence by a full origin label
AssertionError: expected 1 to be +0 // Object.is equality

- Expected
+ Received

- 0
+ 1

 ❯ tests/independent-rb05-structure.test.ts:32:189


⎯⎯⎯⎯⎯⎯⎯⎯⎯⎯⎯⎯⎯⎯⎯⎯⎯⎯⎯⎯⎯⎯⎯⎯[2/2]⎯


 Test Files  1 failed (1)
      Tests  2 failed | 4 passed (6)
   Start at  04:57:17
   Duration  1.69s (transform 60%, tests 27%, import 13%)

