
 RUN  v5.0.3 /tmp/shinariokanri-independent-rb05-structure-20261008-1

 ✓ tests/independent-rb05-persistence-boundaries.test.ts > Independent RB05 new persistence and evidence boundaries > R5B01 actual candidate label cannot become principal checked evidence 22ms
 ✓ tests/independent-rb05-persistence-boundaries.test.ts > Independent RB05 new persistence and evidence boundaries > R5B01 mixed candidate label cannot become principal checked evidence 6ms
 ✓ tests/independent-rb05-persistence-boundaries.test.ts > Independent RB05 new persistence and evidence boundaries > R5B02 an arbitrary mid-node start saves a consistent partial observation provenance 19ms
 ✓ tests/independent-rb05-persistence-boundaries.test.ts > Independent RB05 new persistence and evidence boundaries > R5B03 chapter occurrence captures the same pre-effect state and verifies it after pinning 10ms
 ✓ tests/independent-rb05-persistence-boundaries.test.ts > Independent RB05 new persistence and evidence boundaries > R5B04 chapter replay refuses a forged optional pre-presentation observation 16ms
 ✓ tests/independent-rb05-review.test.ts > Independent RB05 original-contract review; not whole AT credit > R5A01 valid finite exclusion permission remains usable across flow lifecycle boundaries 25ms
 ✓ tests/independent-rb05-review.test.ts > Independent RB05 original-contract review; not whole AT credit > R5A02 valid finite exclusion permission remains usable at final chapter presentation 12ms
 ✓ tests/independent-rb05-review.test.ts > Independent RB05 original-contract review; not whole AT credit > R5A03 changed state from payoff knowledge effect cannot retroactively grant a presentation exception 16ms
 ✓ tests/independent-rb05-review.test.ts > Independent RB05 original-contract review; not whole AT credit > R5A04 finite presentation visited threshold is explored before state deduplication 20ms
 ✓ tests/independent-rb05-review.test.ts > Independent RB05 original-contract review; not whole AT credit > R5A05 matching a declared stub checkpoint does not become full-play declared-test evidence 12ms
 ✓ tests/independent-rb05-native-roundtrip.test.ts > R5P05 chapter pre-effect observations and linked dialogue survive two native roundtrips and clone with partial coverage 121ms
 ✓ tests/independent-rb05-native-roundtrip.test.ts > R5P06 stub opening stays stub after native roundtrip and clone and never becomes principal declared-test evidence 106ms
 ✓ tests/independent-rb05-native-roundtrip.test.ts > R5P07 native export refuses a forged chapter observation without mutating the source 15ms
 ✓ tests/independent-rb05-native-roundtrip.test.ts > R5P08 unchanged baseline chapter path can be rechecked without inventing missing optional observations 27ms
 ✓ tests/independent-rb05-persistence-boundaries.test.ts > Independent RB05 new persistence and evidence boundaries > R5P03 flow step replay refuses a forged pre-presentation observation without changing canonical data 34ms
 ✓ tests/independent-rb05-persistence-boundaries.test.ts > Independent RB05 new persistence and evidence boundaries > R5P04 initial pre-effect observation survives archive, clone and foreshadow re-evaluation 95ms
 ✓ tests/independent-rb05-persistence-boundaries.test.ts > Independent RB05 new persistence and evidence boundaries > R5B06 an explicitly stubbed opening keeps stub provenance when its saved checkpoint is replayed 13ms
 ✓ tests/independent-rb05-persistence-boundaries.test.ts > Independent RB05 new persistence and evidence boundaries > R5B05 executable projection cannot remove a present scene dialogue dependency 11ms
 ✓ tests/independent-rb05-review.test.ts > Independent RB05 original-contract review; not whole AT credit > R5A06 saving a replayed fixed path retains the live declared-set denominator 35ms
 ✓ tests/independent-rb05-review.test.ts > Independent RB05 original-contract review; not whole AT credit > R5A07 callers cannot raise the stated maximum exploration budgets 4ms
 ✓ tests/independent-rb05-review.test.ts > Independent RB05 original-contract review; not whole AT credit > R5P01 exclusion/alternative/dialogue intention/declaration IDs survive full-file restore and independent clone 132ms
 ✓ tests/independent-rb05-review.test.ts > Independent RB05 original-contract review; not whole AT credit > R5P02 existing executable exporters reject an unsupported exclusion instead of silently dropping it 11ms
 ✓ tests/independent-historical-trace.test.ts > IC11 replays a successful unchanged baseline snapshot trace after a complete-file roundtrip 37ms
 ✓ tests/independent-historical-trace.test.ts > IC12 replays a successful unchanged baseline chapter trace after a complete-file roundtrip 19ms

 Test Files  4 passed (4)
      Tests  24 passed (24)
   Start at  04:54:12
   Duration  1.54s (transform 65%, tests 22%, import 12%, worker 1%)

  Transform  transforming modules took 2.46s · 65% of tracked time, re-done on every run
             persist transforms across runs with fsModuleCache: true
             learn more: https://vitest.dev/guide/improving-performance#caching-between-reruns

