R7U01-split-away-switch-failure-cold complete
R7U02-copy-merge-keeps-history-source complete
R7U03-material-ack-next-clear-cold complete
R7U04-stale-material-input-retained complete
R7U05-dependent-frame-review complete
R7U06-acquired-time-normal-failure complete
R7U07-chapter-flow-cues-timecode complete
{
  "passed": 7,
  "failed": 0,
  "results": [
    {
      "id": "R7U01-split-away-switch-failure-cold",
      "status": "passed",
      "pageErrors": []
    },
    {
      "id": "R7U02-copy-merge-keeps-history-source",
      "status": "passed",
      "pageErrors": []
    },
    {
      "id": "R7U03-material-ack-next-clear-cold",
      "status": "passed",
      "pageErrors": []
    },
    {
      "id": "R7U04-stale-material-input-retained",
      "status": "passed",
      "pageErrors": []
    },
    {
      "id": "R7U05-dependent-frame-review",
      "status": "passed",
      "pageErrors": []
    },
    {
      "id": "R7U06-acquired-time-normal-failure",
      "status": "passed",
      "pageErrors": []
    },
    {
      "id": "R7U07-chapter-flow-cues-timecode",
      "status": "passed",
      "pageErrors": []
    }
  ]
}
