UI01 complete
UI02 complete
UI03 complete
UI04 complete
UI05 complete
UI06 complete
UI07 complete
{
  "passed": 6,
  "failed": 1,
  "results": [
    {
      "id": "UI01",
      "status": "passed",
      "pageErrors": []
    },
    {
      "id": "UI02",
      "status": "passed",
      "pageErrors": []
    },
    {
      "id": "UI03",
      "status": "passed",
      "pageErrors": []
    },
    {
      "id": "UI04",
      "status": "passed",
      "pageErrors": []
    },
    {
      "id": "UI05",
      "status": "failed",
      "error": "expect(locator).toBeDisabled() failed\n\nLocator:  getByRole('region', { name: '開始版の移行と経路の再確認', exact: true }).getByRole('button', { name: '確認した状態を新しい途中開始へ移行', exact: true })\nExpected: disabled\nReceived: enabled\nTimeout:  5000ms\n\nCall log:\n  - Expect \"toBeDisabled\" getByRole('region', { name: '開始版の移行と経路の再確認', exact: true }).getByRole('button', { name: '確認した状態を新しい途中開始へ移行', exact: true }) with timeout 5000ms\n  - waiting for getByRole('region', { name: '開始版の移行と経路の再確認', exact: true }).getByRole('button', { name: '確認した状態を新しい途中開始へ移行', exact: true })\n    14 × locator resolved to <button class=\"button primary\">確認した状態を新しい途中開始へ移行</button>\n       - unexpected value \"enabled\"\n",
      "pageErrors": []
    },
    {
      "id": "UI06",
      "status": "passed",
      "pageErrors": []
    },
    {
      "id": "UI07",
      "status": "passed",
      "pageErrors": []
    }
  ]
}
