R6U01-item-clone-replay complete
R6U02-mapped-away-failure-switch complete
R6U03-new-away-completion complete
R6U04-stale-mapped-preview complete
R6U05-history-away-failure complete
R6U06-history-whole-other complete
R6U07-file-queue-preview complete
R6U08-file-queue-ack complete
{
  "passed": 3,
  "failed": 5,
  "results": [
    {
      "id": "R6U01-item-clone-replay",
      "status": "passed",
      "pageErrors": []
    },
    {
      "id": "R6U02-mapped-away-failure-switch",
      "status": "failed",
      "error": "locator.check: Timeout 10000ms exceeded.\nCall log:\n\u001b[2m  - waiting for getByLabel('復元方法と対象への影響を確認しました')\u001b[22m\n\u001b[2m    - locator resolved to <input disabled type=\"checkbox\"/>\u001b[22m\n\u001b[2m  - attempting click action\u001b[22m\n\u001b[2m    2 × waiting for element to be visible, enabled and stable\u001b[22m\n\u001b[2m      - element is not enabled\u001b[22m\n\u001b[2m    - retrying click action\u001b[22m\n\u001b[2m    - waiting 20ms\u001b[22m\n\u001b[2m    2 × waiting for element to be visible, enabled and stable\u001b[22m\n\u001b[2m      - element is not enabled\u001b[22m\n\u001b[2m    - retrying click action\u001b[22m\n\u001b[2m      - waiting 100ms\u001b[22m\n\u001b[2m    19 × waiting for element to be visible, enabled and stable\u001b[22m\n\u001b[2m       - element is not enabled\u001b[22m\n\u001b[2m     - retrying click action\u001b[22m\n\u001b[2m       - waiting 500ms\u001b[22m\n",
      "pageErrors": []
    },
    {
      "id": "R6U03-new-away-completion",
      "status": "failed",
      "error": "locator.innerText: Timeout 10000ms exceeded.\nCall log:\n\u001b[2m  - waiting for locator('.page-header h1')\u001b[22m\n",
      "pageErrors": []
    },
    {
      "id": "R6U04-stale-mapped-preview",
      "status": "failed",
      "error": "locator.check: Timeout 10000ms exceeded.\nCall log:\n\u001b[2m  - waiting for getByLabel('復元方法と対象への影響を確認しました')\u001b[22m\n\u001b[2m    - locator resolved to <input disabled type=\"checkbox\"/>\u001b[22m\n\u001b[2m  - attempting click action\u001b[22m\n\u001b[2m    2 × waiting for element to be visible, enabled and stable\u001b[22m\n\u001b[2m      - element is not enabled\u001b[22m\n\u001b[2m    - retrying click action\u001b[22m\n\u001b[2m    - waiting 20ms\u001b[22m\n\u001b[2m    2 × waiting for element to be visible, enabled and stable\u001b[22m\n\u001b[2m      - element is not enabled\u001b[22m\n\u001b[2m    - retrying click action\u001b[22m\n\u001b[2m      - waiting 100ms\u001b[22m\n\u001b[2m    19 × waiting for element to be visible, enabled and stable\u001b[22m\n\u001b[2m       - element is not enabled\u001b[22m\n\u001b[2m     - retrying click action\u001b[22m\n\u001b[2m       - waiting 500ms\u001b[22m\n",
      "pageErrors": []
    },
    {
      "id": "R6U05-history-away-failure",
      "status": "passed",
      "pageErrors": []
    },
    {
      "id": "R6U06-history-whole-other",
      "status": "failed",
      "error": "expect(locator).toHaveText(expected) failed\n\nLocator: locator('.project-switch')\nTimeout: 5000ms\n- Expected  - 3\n+ Received  + 1\n\n- 独立 復元先B\n- 作品一覧へ\n- ⌄\n+ 独立 復元先B作品一覧へ⌄\n\nCall log:\n  - Expect \"toHaveText\" locator('.project-switch') with timeout 5000ms\n  - waiting for locator('.project-switch')\n    14 × locator resolved to <button class=\"project-switch\">…</button>\n       - unexpected value \"独立 復元先B作品一覧へ⌄\"\n",
      "pageErrors": []
    },
    {
      "id": "R6U07-file-queue-preview",
      "status": "passed",
      "pageErrors": []
    },
    {
      "id": "R6U08-file-queue-ack",
      "status": "failed",
      "error": "locator.check: Timeout 10000ms exceeded.\nCall log:\n\u001b[2m  - waiting for getByLabel('復元方法と対象への影響を確認しました')\u001b[22m\n\u001b[2m    - locator resolved to <input disabled type=\"checkbox\"/>\u001b[22m\n\u001b[2m  - attempting click action\u001b[22m\n\u001b[2m    2 × waiting for element to be visible, enabled and stable\u001b[22m\n\u001b[2m      - element is not enabled\u001b[22m\n\u001b[2m    - retrying click action\u001b[22m\n\u001b[2m    - waiting 20ms\u001b[22m\n\u001b[2m    2 × waiting for element to be visible, enabled and stable\u001b[22m\n\u001b[2m      - element is not enabled\u001b[22m\n\u001b[2m    - retrying click action\u001b[22m\n\u001b[2m      - waiting 100ms\u001b[22m\n\u001b[2m    19 × waiting for element to be visible, enabled and stable\u001b[22m\n\u001b[2m       - element is not enabled\u001b[22m\n\u001b[2m     - retrying click action\u001b[22m\n\u001b[2m       - waiting 500ms\u001b[22m\n",
      "pageErrors": []
    }
  ]
}
