R6U02-mapped-away-failure-switch complete
R6U03-new-away-completion complete
R6U04-stale-mapped-preview complete
R6U08-file-queue-ack complete
{
  "passed": 3,
  "failed": 1,
  "results": [
    {
      "id": "R6U02-mapped-away-failure-switch",
      "status": "passed",
      "pageErrors": []
    },
    {
      "id": "R6U03-new-away-completion",
      "status": "failed",
      "error": "expect(received).toEqual(expected) // deep equality\n\n- Expected  - 2\n+ Received  + 2\n\n  Object {\n-   \"heading\": \"資料\",\n-   \"project\": \"独立 復元先A\n+   \"heading\": \"年表\",\n+   \"project\": \"独立 取り込みC\n  作品一覧へ\n  ⌄\",\n  }",
      "pageErrors": []
    },
    {
      "id": "R6U04-stale-mapped-preview",
      "status": "passed",
      "pageErrors": []
    },
    {
      "id": "R6U08-file-queue-ack",
      "status": "passed",
      "pageErrors": []
    }
  ]
}
