R6U02-mapped-away-failure-switch complete
R6U03-new-away-completion complete
R6U04-stale-mapped-preview complete
R6U06-history-whole-other complete
R6U08-file-queue-ack complete
{
  "passed": 1,
  "failed": 4,
  "results": [
    {
      "id": "R6U02-mapped-away-failure-switch",
      "status": "failed",
      "error": "locator.check: Timeout 10000ms exceeded.\nCall log:\n\u001b[2m  - waiting for getByLabel('復元方法と対象への影響を確認しました')\u001b[22m\n\u001b[2m    - locator resolved to <input disabled type=\"checkbox\"/>\u001b[22m\n\u001b[2m  - attempting click action\u001b[22m\n\u001b[2m    2 × waiting for element to be visible, enabled and stable\u001b[22m\n\u001b[2m      - element is not enabled\u001b[22m\n\u001b[2m    - retrying click action\u001b[22m\n\u001b[2m    - waiting 20ms\u001b[22m\n\u001b[2m    2 × waiting for element to be visible, enabled and stable\u001b[22m\n\u001b[2m      - element is not enabled\u001b[22m\n\u001b[2m    - retrying click action\u001b[22m\n\u001b[2m      - waiting 100ms\u001b[22m\n\u001b[2m    19 × waiting for element to be visible, enabled and stable\u001b[22m\n\u001b[2m       - element is not enabled\u001b[22m\n\u001b[2m     - retrying click action\u001b[22m\n\u001b[2m       - waiting 500ms\u001b[22m\n",
      "pageErrors": []
    },
    {
      "id": "R6U03-new-away-completion",
      "status": "failed",
      "error": "page.evaluate: ReferenceError: C is not defined\n    at eval (eval at evaluate (:311:30), <anonymous>:1:63)\n    at Array.some (<anonymous>)\n    at eval (eval at evaluate (:311:30), <anonymous>:1:41)\n    at async <anonymous>:337:30",
      "pageErrors": []
    },
    {
      "id": "R6U04-stale-mapped-preview",
      "status": "failed",
      "error": "locator.check: Timeout 10000ms exceeded.\nCall log:\n\u001b[2m  - waiting for getByLabel('復元方法と対象への影響を確認しました')\u001b[22m\n\u001b[2m    - locator resolved to <input disabled type=\"checkbox\"/>\u001b[22m\n\u001b[2m  - attempting click action\u001b[22m\n\u001b[2m    2 × waiting for element to be visible, enabled and stable\u001b[22m\n\u001b[2m      - element is not enabled\u001b[22m\n\u001b[2m    - retrying click action\u001b[22m\n\u001b[2m    - waiting 20ms\u001b[22m\n\u001b[2m    2 × waiting for element to be visible, enabled and stable\u001b[22m\n\u001b[2m      - element is not enabled\u001b[22m\n\u001b[2m    - retrying click action\u001b[22m\n\u001b[2m      - waiting 100ms\u001b[22m\n\u001b[2m    19 × waiting for element to be visible, enabled and stable\u001b[22m\n\u001b[2m       - element is not enabled\u001b[22m\n\u001b[2m     - retrying click action\u001b[22m\n\u001b[2m       - waiting 500ms\u001b[22m\n",
      "pageErrors": []
    },
    {
      "id": "R6U06-history-whole-other",
      "status": "passed",
      "pageErrors": []
    },
    {
      "id": "R6U08-file-queue-ack",
      "status": "failed",
      "error": "locator.check: Timeout 10000ms exceeded.\nCall log:\n\u001b[2m  - waiting for getByLabel('復元方法と対象への影響を確認しました')\u001b[22m\n\u001b[2m    - locator resolved to <input disabled type=\"checkbox\"/>\u001b[22m\n\u001b[2m  - attempting click action\u001b[22m\n\u001b[2m    2 × waiting for element to be visible, enabled and stable\u001b[22m\n\u001b[2m      - element is not enabled\u001b[22m\n\u001b[2m    - retrying click action\u001b[22m\n\u001b[2m    - waiting 20ms\u001b[22m\n\u001b[2m    2 × waiting for element to be visible, enabled and stable\u001b[22m\n\u001b[2m      - element is not enabled\u001b[22m\n\u001b[2m    - retrying click action\u001b[22m\n\u001b[2m      - waiting 100ms\u001b[22m\n\u001b[2m    19 × waiting for element to be visible, enabled and stable\u001b[22m\n\u001b[2m       - element is not enabled\u001b[22m\n\u001b[2m     - retrying click action\u001b[22m\n\u001b[2m       - waiting 500ms\u001b[22m\n",
      "pageErrors": []
    }
  ]
}
