
 RUN  v5.0.3 /tmp/shinariokanri-independent-candidate-20261008-1

 × tests/independent-candidate-boundaries.test.ts > Independent candidate boundary checks: Node only > IC01 records every scene/chapter/run reset cause in a terminal transition 32ms
   → expected [ [ 'run_end', …(3) ] ] to deeply equal [ [ 'scene_end', …(3) ], …(2) ]
 × tests/independent-candidate-boundaries.test.ts > Independent candidate boundary checks: Node only > IC02 closing a run also closes its final scene even when terminal reuses that scene 7ms
   → expected { type: 'integer', value: 5 } to deeply equal { type: 'integer', value: +0 }
 × tests/independent-candidate-boundaries.test.ts > Independent candidate boundary checks: Node only > IC03 chapter reading executes the same scene boundary declaration as flow reading 7ms
   → expected { type: 'integer', value: 5 } to deeply equal { type: 'integer', value: +0 }
 × tests/independent-candidate-boundaries.test.ts > Independent candidate boundary checks: Node only > IC04 a valid partial state remains valid after a declaration initializes its missing value 3ms
   → expected 'error' to be 'terminal' // Object.is equality
 ✓ tests/independent-candidate-boundaries.test.ts > Independent candidate boundary checks: Node only > IC05 observes all disclosure conditions before any disclosure effects 2ms
 ✓ tests/independent-candidate-boundaries.test.ts > Independent candidate boundary checks: Node only > IC06 evaluates explicit transition exception valid atomically 1ms
 ✓ tests/independent-candidate-boundaries.test.ts > Independent candidate boundary checks: Node only > IC06 evaluates explicit transition exception expired atomically 1ms
 ✓ tests/independent-candidate-boundaries.test.ts > Independent candidate boundary checks: Node only > IC06 evaluates explicit transition exception out_of_scope atomically 1ms
 ✓ tests/independent-candidate-boundaries.test.ts > Independent candidate boundary checks: Node only > IC06 evaluates explicit transition exception unknown_route atomically 1ms
 ✓ tests/independent-candidate-boundaries.test.ts > Independent candidate boundary checks: Node only > IC06 evaluates explicit transition exception missing_tick atomically 1ms
 ✓ tests/independent-candidate-boundaries.test.ts > Independent candidate boundary checks: Node only > IC06 evaluates explicit transition exception missing_evidence atomically 1ms

⎯⎯⎯⎯⎯⎯⎯ Failed Tests 4 ⎯⎯⎯⎯⎯⎯⎯

 FAIL  tests/independent-candidate-boundaries.test.ts > Independent candidate boundary checks: Node only > IC01 records every scene/chapter/run reset cause in a terminal transition
AssertionError: expected [ [ 'run_end', …(3) ] ] to deeply equal [ [ 'scene_end', …(3) ], …(2) ]

- Expected
+ Received

@@ -1,31 +1,7 @@
  [
    [
-     "scene_end",
-     {
-       "type": "integer",
-       "value": 5,
-     },
-     {
-       "type": "integer",
-       "value": 0,
-     },
-     "scene closed",
-   ],
-   [
-     "chapter_end",
-     {
-       "type": "integer",
-       "value": 0,
-     },
-     {
-       "type": "integer",
-       "value": 1,
-     },
-     "chapter closed",
-   ],
-   [
      "run_end",
      {
        "type": "integer",
        "value": 1,
      },

 ❯ tests/independent-candidate-boundaries.test.ts:21:77


⎯⎯⎯⎯⎯⎯⎯⎯⎯⎯⎯⎯⎯⎯⎯⎯⎯⎯⎯⎯⎯⎯⎯⎯[1/4]⎯

 FAIL  tests/independent-candidate-boundaries.test.ts > Independent candidate boundary checks: Node only > IC02 closing a run also closes its final scene even when terminal reuses that scene
AssertionError: expected { type: 'integer', value: 5 } to deeply equal { type: 'integer', value: +0 }

- Expected
+ Received

  {
    "type": "integer",
-   "value": 0,
+   "value": 5,
  }

 ❯ tests/independent-candidate-boundaries.test.ts:25:260


⎯⎯⎯⎯⎯⎯⎯⎯⎯⎯⎯⎯⎯⎯⎯⎯⎯⎯⎯⎯⎯⎯⎯⎯[2/4]⎯

 FAIL  tests/independent-candidate-boundaries.test.ts > Independent candidate boundary checks: Node only > IC03 chapter reading executes the same scene boundary declaration as flow reading
AssertionError: expected { type: 'integer', value: 5 } to deeply equal { type: 'integer', value: +0 }

- Expected
+ Received

  {
    "type": "integer",
-   "value": 0,
+   "value": 5,
  }

 ❯ tests/independent-candidate-boundaries.test.ts:30:86


⎯⎯⎯⎯⎯⎯⎯⎯⎯⎯⎯⎯⎯⎯⎯⎯⎯⎯⎯⎯⎯⎯⎯⎯[3/4]⎯

 FAIL  tests/independent-candidate-boundaries.test.ts > Independent candidate boundary checks: Node only > IC04 a valid partial state remains valid after a declaration initializes its missing value
AssertionError: expected 'error' to be 'terminal' // Object.is equality

Expected: "terminal"
Received: "error"

 ❯ tests/independent-candidate-boundaries.test.ts:34:249


⎯⎯⎯⎯⎯⎯⎯⎯⎯⎯⎯⎯⎯⎯⎯⎯⎯⎯⎯⎯⎯⎯⎯⎯[4/4]⎯


 Test Files  1 failed (1)
      Tests  4 failed | 7 passed (11)
   Start at  02:22:51
   Duration  692ms (transform 81%, tests 10%, import 8%, worker 1%)

