
 RUN  v5.0.3 /tmp/shinariokanri-independent-candidate-20261008-3

 ✓ tests/independent-candidate-boundaries.test.ts > Independent candidate boundary checks: Node only > IC01 records every scene/chapter/run reset cause in a terminal transition 48ms
 ✓ tests/independent-candidate-boundaries.test.ts > Independent candidate boundary checks: Node only > IC02 closing a run also closes its final scene even when terminal reuses that scene 5ms
 ✓ tests/independent-candidate-boundaries.test.ts > Independent candidate boundary checks: Node only > IC03 chapter reading executes the same scene boundary declaration as flow reading 13ms
 ✓ tests/independent-candidate-boundaries.test.ts > Independent candidate boundary checks: Node only > IC04 a valid partial state remains valid after a declaration initializes its missing value 3ms
 ✓ tests/independent-candidate-boundaries.test.ts > Independent candidate boundary checks: Node only > IC05 observes all disclosure conditions before any disclosure effects 4ms
 ✓ tests/independent-candidate-boundaries.test.ts > Independent candidate boundary checks: Node only > IC06 evaluates explicit transition exception valid atomically 2ms
 ✓ tests/independent-candidate-boundaries.test.ts > Independent candidate boundary checks: Node only > IC06 evaluates explicit transition exception expired atomically 1ms
 ✓ tests/independent-candidate-boundaries.test.ts > Independent candidate boundary checks: Node only > IC06 evaluates explicit transition exception out_of_scope atomically 1ms
 ✓ tests/independent-candidate-boundaries.test.ts > Independent candidate boundary checks: Node only > IC06 evaluates explicit transition exception unknown_route atomically 1ms
 ✓ tests/independent-candidate-boundaries.test.ts > Independent candidate boundary checks: Node only > IC06 evaluates explicit transition exception missing_tick atomically 1ms
 ✓ tests/independent-candidate-boundaries.test.ts > Independent candidate boundary checks: Node only > IC06 evaluates explicit transition exception missing_evidence atomically 5ms
 ✓ tests/independent-candidate-boundaries.test.ts > Independent candidate boundary checks: Node only > IC07 a known different chapter stays out of scope when graph context is unavailable 4ms
 ✓ tests/independent-historical-trace.test.ts > IC11 replays a successful unchanged baseline snapshot trace after a complete-file roundtrip 73ms
 ✓ tests/independent-historical-trace.test.ts > IC12 replays a successful unchanged baseline chapter trace after a complete-file roundtrip 45ms
 ✓ tests/independent-contract-regressions.test.ts > Independent audit: expected original contracts > IR01 rejected state definitions do not initialize effective trial values 13ms
 ✓ tests/independent-contract-regressions.test.ts > Independent audit: expected original contracts > IR02 unresolved presentation outside the current chapter cannot block arrival 3ms
 ✓ tests/independent-contract-regressions.test.ts > Independent audit: expected original contracts > RV01 scene_end resets, back/replay obligation remains separate 5ms
 ✓ tests/independent-contract-regressions.test.ts > Independent audit: expected original contracts > RV01 explicit new_loop supersedes carryover 1ms
 ✓ tests/independent-contract-regressions.test.ts > Independent audit: expected original contracts > RV02 free reason cannot authorize forbidden transition or accompanying money 1ms
 ✓ tests/independent-contract-regressions.test.ts > Independent audit: expected original contracts > RV03 rejected world assertions are excluded from effective candidates and index 1ms
 ✓ tests/independent-contract-regressions.test.ts > Independent audit: expected original contracts > RV03 rejected trust is not an active effective relationship 1ms
 ✓ tests/independent-contract-regressions.test.ts > Independent audit: expected original contracts > RV04 trial resolves adopted variable from the pinned registry 9ms
 ✓ tests/independent-contract-regressions.test.ts > Independent audit: expected original contracts > RV10 another chapter disclosure is ignored consistently without effects 3ms

 Test Files  3 passed (3)
      Tests  23 passed (23)
   Start at  02:33:40
   Duration  1.67s (transform 75%, import 16%, tests 9%, worker 1%)

  Transform  transforming modules took 2.17s · 75% of tracked time, re-done on every run
             persist transforms across runs with fsModuleCache: true
             learn more: https://vitest.dev/guide/improving-performance#caching-between-reruns

