
 RUN  v5.0.3 /tmp/shinariokanri-independent-candidate-20261008-5

 ✓ tests/independent-candidate-boundaries.test.ts > Independent candidate boundary checks: Node only > IC01 records every scene/chapter/run reset cause in a terminal transition 28ms
 ✓ tests/independent-candidate-boundaries.test.ts > Independent candidate boundary checks: Node only > IC02 closing a run also closes its final scene even when terminal reuses that scene 2ms
 ✓ tests/independent-candidate-boundaries.test.ts > Independent candidate boundary checks: Node only > IC03 chapter reading executes the same scene boundary declaration as flow reading 5ms
 ✓ tests/independent-candidate-boundaries.test.ts > Independent candidate boundary checks: Node only > IC04 a valid partial state remains valid after a declaration initializes its missing value 5ms
 ✓ tests/independent-candidate-boundaries.test.ts > Independent candidate boundary checks: Node only > IC05 observes all disclosure conditions before any disclosure effects 5ms
 ✓ tests/independent-candidate-boundaries.test.ts > Independent candidate boundary checks: Node only > IC06 evaluates explicit transition exception valid atomically 4ms
 ✓ tests/independent-candidate-boundaries.test.ts > Independent candidate boundary checks: Node only > IC06 evaluates explicit transition exception expired atomically 3ms
 ✓ tests/independent-candidate-boundaries.test.ts > Independent candidate boundary checks: Node only > IC06 evaluates explicit transition exception out_of_scope atomically 3ms
 ✓ tests/independent-candidate-boundaries.test.ts > Independent candidate boundary checks: Node only > IC06 evaluates explicit transition exception unknown_route atomically 4ms
 ✓ tests/independent-candidate-boundaries.test.ts > Independent candidate boundary checks: Node only > IC06 evaluates explicit transition exception missing_tick atomically 2ms
 ✓ tests/independent-candidate-boundaries.test.ts > Independent candidate boundary checks: Node only > IC06 evaluates explicit transition exception missing_evidence atomically 2ms
 ✓ tests/independent-candidate-boundaries.test.ts > Independent candidate boundary checks: Node only > IC07 a known different chapter stays out of scope when graph context is unavailable 2ms
 ✓ tests/independent-contract-regressions.test.ts > Independent audit: expected original contracts > IR01 rejected state definitions do not initialize effective trial values 29ms
 ✓ tests/independent-contract-regressions.test.ts > Independent audit: expected original contracts > IR02 unresolved presentation outside the current chapter cannot block arrival 4ms
 ✓ tests/independent-contract-regressions.test.ts > Independent audit: expected original contracts > RV01 scene_end resets, back/replay obligation remains separate 18ms
 ✓ tests/independent-contract-regressions.test.ts > Independent audit: expected original contracts > RV01 explicit new_loop supersedes carryover 2ms
 ✓ tests/independent-contract-regressions.test.ts > Independent audit: expected original contracts > RV02 free reason cannot authorize forbidden transition or accompanying money 1ms
 ✓ tests/independent-contract-regressions.test.ts > Independent audit: expected original contracts > RV03 rejected world assertions are excluded from effective candidates and index 2ms
 ✓ tests/independent-contract-regressions.test.ts > Independent audit: expected original contracts > RV03 rejected trust is not an active effective relationship 2ms
 ✓ tests/independent-contract-regressions.test.ts > Independent audit: expected original contracts > RV04 trial resolves adopted variable from the pinned registry 15ms
 ✓ tests/independent-contract-regressions.test.ts > Independent audit: expected original contracts > RV10 another chapter disclosure is ignored consistently without effects 5ms
 ✓ tests/independent-borrowed-quest.test.ts > IC13 a quest transition table from a verified fixed world rejects a forbidden disclosure effect group 32ms
 ✓ tests/independent-historical-trace.test.ts > IC11 replays a successful unchanged baseline snapshot trace after a complete-file roundtrip 68ms
 ✓ tests/independent-historical-trace.test.ts > IC12 replays a successful unchanged baseline chapter trace after a complete-file roundtrip 40ms
 ✓ tests/independent-exception-lifecycle.test.ts > IC14a a supplied starting tick executes the same valid opening exception as shared presentation 28ms
 ✓ tests/independent-exception-lifecycle.test.ts > IC14b absent/expired/outside tick undefined refuses the whole opening effect group 8ms
 ✓ tests/independent-exception-lifecycle.test.ts > IC14b absent/expired/outside tick 10 refuses the whole opening effect group 7ms
 ✓ tests/independent-exception-lifecycle.test.ts > IC14b absent/expired/outside tick -1 refuses the whole opening effect group 7ms
 ✓ tests/independent-exception-lifecycle.test.ts > IC14c flow opening tick survives complete-file restore and independent clone without repeating opening effects 92ms
 ✓ tests/independent-exception-lifecycle.test.ts > IC14d chapter opening uses and replays the same captured tick after a complete-file restore 52ms
 ✓ tests/independent-exception-lifecycle.test.ts > IC14e a noninteger starting tick fails safely before any opening effect 2ms

 Test Files  5 passed (5)
      Tests  31 passed (31)
   Start at  02:50:40
   Duration  1.48s (transform 70%, tests 15%, import 15%, worker 1%)

  Transform  transforming modules took 2.32s · 70% of tracked time, re-done on every run
             persist transforms across runs with fsModuleCache: true
             learn more: https://vitest.dev/guide/improving-performance#caching-between-reruns

