
 RUN  v5.0.3 /tmp/shinariokanri-independent-candidate-20261008-6

 ✓ tests/independent-historical-trace.test.ts > IC11 replays a successful unchanged baseline snapshot trace after a complete-file roundtrip 41ms
 ✓ tests/independent-historical-trace.test.ts > IC12 replays a successful unchanged baseline chapter trace after a complete-file roundtrip 16ms
 ✓ tests/independent-contract-regressions.test.ts > Independent audit: expected original contracts > IR01 rejected state definitions do not initialize effective trial values 12ms
 ✓ tests/independent-contract-regressions.test.ts > Independent audit: expected original contracts > IR02 unresolved presentation outside the current chapter cannot block arrival 3ms
 ✓ tests/independent-contract-regressions.test.ts > Independent audit: expected original contracts > RV01 scene_end resets, back/replay obligation remains separate 6ms
 ✓ tests/independent-contract-regressions.test.ts > Independent audit: expected original contracts > RV01 explicit new_loop supersedes carryover 1ms
 ✓ tests/independent-contract-regressions.test.ts > Independent audit: expected original contracts > RV02 free reason cannot authorize forbidden transition or accompanying money 1ms
 ✓ tests/independent-contract-regressions.test.ts > Independent audit: expected original contracts > RV03 rejected world assertions are excluded from effective candidates and index 1ms
 ✓ tests/independent-contract-regressions.test.ts > Independent audit: expected original contracts > RV03 rejected trust is not an active effective relationship 1ms
 ✓ tests/independent-contract-regressions.test.ts > Independent audit: expected original contracts > RV04 trial resolves adopted variable from the pinned registry 8ms
 ✓ tests/independent-contract-regressions.test.ts > Independent audit: expected original contracts > RV10 another chapter disclosure is ignored consistently without effects 3ms
 ✓ tests/independent-exception-lifecycle.test.ts > IC14a a supplied starting tick executes the same valid opening exception as shared presentation 31ms
 ✓ tests/independent-exception-lifecycle.test.ts > IC14b absent/expired/outside tick undefined refuses the whole opening effect group 15ms
 ✓ tests/independent-exception-lifecycle.test.ts > IC14b absent/expired/outside tick 10 refuses the whole opening effect group 7ms
 ✓ tests/independent-exception-lifecycle.test.ts > IC14b absent/expired/outside tick -1 refuses the whole opening effect group 6ms
 ✓ tests/independent-borrowed-quest.test.ts > IC13 a quest transition table from a verified fixed world rejects a forbidden disclosure effect group 18ms
 ✓ tests/independent-candidate-boundaries.test.ts > Independent candidate boundary checks: Node only > IC01 records every scene/chapter/run reset cause in a terminal transition 16ms
 ✓ tests/independent-candidate-boundaries.test.ts > Independent candidate boundary checks: Node only > IC02 closing a run also closes its final scene even when terminal reuses that scene 2ms
 ✓ tests/independent-candidate-boundaries.test.ts > Independent candidate boundary checks: Node only > IC03 chapter reading executes the same scene boundary declaration as flow reading 4ms
 ✓ tests/independent-candidate-boundaries.test.ts > Independent candidate boundary checks: Node only > IC04 a valid partial state remains valid after a declaration initializes its missing value 2ms
 ✓ tests/independent-candidate-boundaries.test.ts > Independent candidate boundary checks: Node only > IC05 observes all disclosure conditions before any disclosure effects 3ms
 ✓ tests/independent-candidate-boundaries.test.ts > Independent candidate boundary checks: Node only > IC06 evaluates explicit transition exception valid atomically 3ms
 ✓ tests/independent-candidate-boundaries.test.ts > Independent candidate boundary checks: Node only > IC06 evaluates explicit transition exception expired atomically 1ms
 ✓ tests/independent-candidate-boundaries.test.ts > Independent candidate boundary checks: Node only > IC06 evaluates explicit transition exception out_of_scope atomically 1ms
 ✓ tests/independent-candidate-boundaries.test.ts > Independent candidate boundary checks: Node only > IC06 evaluates explicit transition exception unknown_route atomically 1ms
 ✓ tests/independent-candidate-boundaries.test.ts > Independent candidate boundary checks: Node only > IC06 evaluates explicit transition exception missing_tick atomically 2ms
 ✓ tests/independent-candidate-boundaries.test.ts > Independent candidate boundary checks: Node only > IC06 evaluates explicit transition exception missing_evidence atomically 2ms
 ✓ tests/independent-candidate-boundaries.test.ts > Independent candidate boundary checks: Node only > IC07 a known different chapter stays out of scope when graph context is unavailable 2ms
 ✓ tests/independent-exception-lifecycle.test.ts > IC14c flow opening tick survives complete-file restore and independent clone without repeating opening effects 294ms
 ✓ tests/independent-exception-lifecycle.test.ts > IC14d chapter opening uses and replays the same captured tick after a complete-file restore 43ms
 ✓ tests/independent-exception-lifecycle.test.ts > IC14e a noninteger starting tick fails safely before any opening effect 2ms
 ✓ tests/independent-async-capture.test.ts > IC16 chapter world tick is captured before asynchronous content verification 12ms
 ✓ tests/independent-async-capture.test.ts > IC17 analysis nested state/stub and entry are captured before asynchronous verification 11ms

 Test Files  6 passed (6)
      Tests  33 passed (33)
   Start at  02:59:27
   Duration  1.56s (transform 66%, tests 17%, import 16%, worker 1%)

  Transform  transforming modules took 2.27s · 66% of tracked time, re-done on every run
             persist transforms across runs with fsModuleCache: true
             learn more: https://vitest.dev/guide/improving-performance#caching-between-reruns

