R6U01-item-clone-replay complete
R6U02-mapped-away-failure-switch complete
R6U03-new-away-completion complete
R6U04-stale-mapped-preview complete
R6U05-history-away-failure complete
R6U06-history-whole-other complete
R6U07-file-queue-preview complete
R6U08-file-queue-ack complete
{
  "passed": 8,
  "failed": 0,
  "results": [
    {
      "id": "R6U01-item-clone-replay",
      "status": "passed",
      "pageErrors": []
    },
    {
      "id": "R6U02-mapped-away-failure-switch",
      "status": "passed",
      "pageErrors": []
    },
    {
      "id": "R6U03-new-away-completion",
      "status": "passed",
      "pageErrors": []
    },
    {
      "id": "R6U04-stale-mapped-preview",
      "status": "passed",
      "pageErrors": []
    },
    {
      "id": "R6U05-history-away-failure",
      "status": "passed",
      "pageErrors": []
    },
    {
      "id": "R6U06-history-whole-other",
      "status": "passed",
      "pageErrors": []
    },
    {
      "id": "R6U07-file-queue-preview",
      "status": "passed",
      "pageErrors": []
    },
    {
      "id": "R6U08-file-queue-ack",
      "status": "passed",
      "pageErrors": []
    }
  ]
}
