
> shinariokanri@0.1.0 pretest
> node scripts/build/portable-runtime.mjs

Production portable runtime generated: 141549 characters

> shinariokanri@0.1.0 test
> vitest run --maxWorkers=2 --testTimeout=30000 --reporter=default --reporter=json --outputFile.json=/tmp/shinariokanri-rb08-c2-unit.json


 RUN  v5.0.3 /workspace/shinariokanri-rb08

stderr | src/storage/rb06Recovery.test.ts > RB06 complete recovery and arbitrary historical selection > retains native file and mapping drafts across restart, and freezes migration restore-point approval
Another connection wants to delete database 'draft-27cb9e75-d414-416b-8e82-1602bd14897f'. Closing db now to resume the delete request.

stderr | src/storage/rb06Recovery.test.ts > RB06 complete recovery and arbitrary historical selection > upgrades a v1 database with genuine old native content by appending operational tables without changing saved IDs or replay
Another connection wants to delete database 'v1-upgrade-6c1db052-28ca-4712-90f5-166d0bcd6a2b'. Closing db now to resume the delete request.

 ✓ src/storage/rb06Recovery.test.ts (13 tests) 6849ms
   ✓ RB06 complete recovery and arbitrary historical selection (13)
     ✓ preserves a declared item ID shared with runtime inventories through enumeration and clone recovery 2163ms
     ✓ selects history older than fifty, distinguishes unit from whole, freezes approval and retains immutable editions 904ms
     ✓ restores every kind, stable body IDs, selected immutable edition, transitive worlds, author receipts, bytes and ordered pending to empty and clone environments 3020ms
 ✓ tests/exports.test.ts (21 tests) 1784ms
   ✓ purpose-specific export (21)
     ✓ runs the exported HTML in Chromium, renders active text safely, and restores the complete state 865ms
     ✓ rolls back every exported effect when a later effect violates an integer bound 602ms
 ✓ tests/timelineLayout.test.ts (5 tests) 1623ms
   ✓ timeline lanes preserve references and all overlapping events (5)
     ✓ represents every resolved ID in the large seeded fixture and every ID is reachable in virtual windows 1433ms
stderr | src/storage/performance.test.ts > R06 changed-record saves and portable recovery > loads current editing rows after restart without reading history; retains all history on save/export/empty recovery
Another connection wants to delete database 'lazy-9a50e9bd-80a0-4aac-a8b1-c56796665908'. Closing db now to resume the delete request.

stderr | src/storage/performance.test.ts > R06 changed-record saves and portable recovery > retains checkpoints, old revisions and undo across more than 64 compact commands
Another connection wants to delete database 'checkpoints-1998ba25-8b01-4048-aa21-90ea69049004'. Closing db now to resume the delete request.

stderr | src/storage/performance.test.ts > R06 changed-record saves and portable recovery > rejects stale editing tokens, replaced tokens and tampered full history without committing
Another connection wants to delete database 'tokens-ba734e35-9029-4314-b26f-8730f4c35627'. Closing db now to resume the delete request.

stderr | src/storage/performance.test.ts > R06 changed-record saves and portable recovery > preserves an imported revision-zero header in the first compact edit, including after restart
Another connection wants to delete database 'import-zero-02e850cb-97bc-4bff-a9d7-1b17699e48da'. Closing db now to resume the delete request.

 ✓ tests/timeResolver.test.ts (5 tests) 11985ms
   ✓ canonical iterative time resolution (5)
     ✓ validates, saves, reloads and restores a real 5,001-event relative chain 11979ms
stderr | src/storage/performance.test.ts > R06 changed-record saves and portable recovery > reads legacy v1 full rows/outbox and replays original hashes before adding new deltas
Another connection wants to delete database 'legacy-ae25e36f-8540-4ff8-9f04-af3fd688a8aa'. Closing db now to resume the delete request.

stderr | src/storage/performance.test.ts > R06 changed-record saves and portable recovery > rejects a missing delta base and duplicate immutable snapshot IDs
Another connection wants to delete database 'corrupt-03813e88-86da-4f32-a618-5ffd16d134ec'. Closing db now to resume the delete request.

 ✓ src/storage/performance.test.ts (11 tests) 901ms
 ✓ src/domain/domain.test.ts (95 tests) 999ms
   ✓ versioned entity and reference contracts (64)
     ✓ compiles the actual JSON Schema and accepts all-kind/condition/query fixtures while rejecting unknown payloads 873ms
 ✓ src/storage/rb08Handoff.test.ts (12 tests) 1442ms
   ✓ receives explicit game-owned contracts and stable dialogue/asset IDs, verifies actual mechanics and replay, then atomically saves/reloads/empty-clones the receipt without executing a game from trials 393ms
   ✓ exports independently approved old citations with Unicode positions and distinct old/new asset bytes, verifies receipt, and empty-restores native policies 381ms
stderr | src/storage/authorAlternativesDurability.test.ts > native author alternative durability > keeps branch-only attachment bytes through save, close/reopen, full backup, and restore
Another connection wants to delete database 'alternative-asset-d171e121-468e-43bb-9f59-5b6f404a1d4f'. Closing db now to resume the delete request.

stderr | src/storage/storage.test.ts > atomic IndexedDB commands > persists stable IDs, links, original text and huge negative ticks across restart; undo appends history
Another connection wants to delete database 'restart-7eeee514-420f-4c27-beba-c152483c736c'. Closing db now to resume the delete request.

stderr | src/storage/authorAlternativesDurability.test.ts > native author alternative durability > keeps reference-valued adoption receipts valid through full backup, clone, reopen, and re-export
Another connection wants to delete database 'alternative-clone-e5f6ec0a-4889-4fcd-b057-b9ec59342cba'. Closing db now to resume the delete request.

stderr | src/storage/authorAlternativesDurability.test.ts > native author alternative durability > records removed entities and relations as logically absent across native reopen and full backup
Another connection wants to delete database 'alternative-removal-9366c4c4-a768-4c7a-8ea1-19606a20f774'. Closing db now to resume the delete request.

 ✓ src/storage/storage.test.ts (43 tests) 824ms
 ✓ src/storage/authorAlternativesDurability.test.ts (14 tests) 1172ms
   ✓ native author alternative durability (14)
     ✓ keeps reference-valued adoption receipts valid through full backup, clone, reopen, and re-export 424ms
stderr | src/storage/rb07Production.test.ts > RB07 authored production workflow and complete recovery > keeps production input and material bytes across reopening; rejects damaged drafts and oversized/active attachments without touching saved author data
Another connection wants to delete database 'rb07-draft-16db94d7-2f47-4f10-97e9-f885a4f7f55d'. Closing db now to resume the delete request.

 ✓ src/domain/catalogPerformance.test.ts (4 tests) 927ms
   ✓ catalog batch evaluation cost and dependencies (4)
     ✓ reads Standard records at most twice for production, foreshadow, participant and compound queries 529ms
     ✓ uses the same linear batch path for a saved dynamic collection 394ms
 ✓ src/storage/rb07Production.test.ts (22 tests) 1182ms
   ✓ RB07 authored production workflow and complete recovery (12)
     ✓ splits Unicode text with ruby, links and positional cue once; atomically retains old IDs, deliverables and immutable editions through empty/clone roundtrips 460ms
 ✓ tests/rb05-edition-extra.test.ts (9 tests) 639ms
 ✓ src/storage/worldPins.test.ts (8 tests) 392ms
stderr | src/storage/flowWorldDurability.test.ts > RV04 exact fixed world across native save, restore and clone (fake IndexedDB) > keeps gate, borrowed values, saved replay and hashes tied to the old edition after world revision
Another connection wants to delete database 'flow-world-47fc3723-5287-4179-a240-2211f537c867'. Closing db now to resume the delete request.

 ✓ src/storage/flowWorldDurability.test.ts (2 tests) 367ms
 ✓ tests/rb05-reuse.test.ts (7 tests) 378ms
 ✓ tests/runtime.test.ts (35 tests) 379ms
 ✓ tests/performanceFixture.test.ts (1 test) 384ms
   ✓ performance dataset provenance (1)
     ✓ produces a deterministic, populated standard fixture with explicit unmeasured asset bytes 382ms
 ✓ tests/rb05-reviewed-regressions.test.ts (9 tests) 222ms
 ✓ tests/rb05-reconfirmation.test.ts (7 tests) 349ms
 ✓ tests/rb05-reuse-boundaries.test.ts (11 tests) 246ms
 ✓ tests/rb05-native-roundtrip.test.ts (4 tests) 212ms
stderr | src/storage/authorAlternativeAdoptionGuard.test.ts > rejects unrelated adoption content and forged generated-review metadata atomically, then persists the exact derived review
Another connection wants to delete database 'independent-adoption-guard-6e7f491e-886d-4dc1-9ec1-5ecb58ea4f6f'. Closing db now to resume the delete request.

 ✓ src/storage/authorAlternativeAdoptionGuard.test.ts (1 test) 229ms
 ✓ tests/rb05-edition-boundaries.test.ts (6 tests) 240ms
 ✓ tests/runtime-regressions.test.ts (26 tests) 287ms
 ✓ src/storage/rb05StateDurability.test.ts (1 test) 202ms
 ✓ tests/rb05-structure-reading.test.ts (6 tests) 155ms
 ✓ tests/templates.test.ts (34 tests) 195ms
stderr | src/storage/cacheConcurrency.test.ts > does not repopulate caches when an initial uncached read resumes after close
Another connection wants to delete database 'cache-close-971eb090-b2bb-4c96-a99f-aa838111fea7'. Closing db now to resume the delete request.

 ✓ src/storage/cacheConcurrency.test.ts (3 tests) 156ms
 ✓ tests/rb05-persistence-boundaries.test.ts (9 tests) 155ms
 ✓ tests/sync.test.ts (40 tests) 112ms
 ✓ tests/timeEditing.test.ts (11 tests) 133ms
 ✓ tests/textEditing.test.ts (17 tests) 96ms
 ✓ src/ui/StructuredDataField.test.ts (11 tests) 134ms
 ✓ src/domain/changeReviews.test.ts (6 tests) 115ms
 ✓ tests/presentation.test.ts (13 tests) 98ms
 ✓ src/domain/maintenance.test.ts (5 tests) 79ms
 ✓ tests/rb05-narrative-boundaries.test.ts (14 tests) 115ms
 ✓ tests/rb05-state-exploration.test.ts (5 tests) 44ms
 ✓ tests/conditionEditing.test.ts (6 tests) 62ms
 ✓ tests/world.test.ts (17 tests) 54ms
 ✓ src/ui/SnapshotAnchorPreview.test.ts (2 tests) 39ms
 ✓ tests/rb05-reuse-nested.test.ts (1 test) 51ms
 ✓ tests/readingExportOrder.test.ts (1 test) 44ms
 ✓ tests/rb05-narrative.test.ts (6 tests) 57ms
 ✓ tests/review-runtime-regressions.test.ts (10 tests) 37ms
 ✓ src/domain/writingWorkspace.test.ts (11 tests) 38ms
 ✓ src/domain/authorAlternativeIntegrity.test.ts (3 tests) 28ms
 ✓ tests/rb05-reuse-hierarchy.test.ts (1 test) 34ms
 ✓ tests/projection.test.ts (14 tests) 35ms
 ✓ src/ui/WritingWorkspace.test.ts (3 tests) 20ms
 ✓ src/domain/linkCandidates.test.ts (7 tests) 21ms
 ✓ src/ui/Fields.test.ts (3 tests) 21ms
 ✓ src/ui/TextAnnotations.test.ts (1 test) 18ms
 ✓ src/domain/catalog.test.ts (10 tests) 21ms
 ✓ src/domain/notes.test.ts (5 tests) 25ms
 ✓ src/domain/catalogPositions.test.ts (3 tests) 12ms
 ✓ tests/reader-fallback.test.ts (5 tests) 18ms
 ✓ src/domain/catalogEdits.test.ts (4 tests) 22ms
 ✓ tests/maintenance.test.ts (1 test) 13ms
 ✓ tests/production.test.ts (3 tests) 12ms
 ✓ src/domain/referenceChoices.test.ts (3 tests) 18ms
 ✓ src/domain/publicCatalog.test.ts (2 tests) 12ms
 ✓ tests/editorNavigation.test.ts (5 tests) 14ms
 ✓ tests/attachments.test.ts (3 tests) 8ms
 ✓ src/ui/viewPreferences.test.ts (8 tests) 7ms
 ✓ src/ui/structuredNumberDrafts.test.ts (3 tests) 5ms
 ✓ src/ui/draftState.test.ts (2 tests) 7ms
 ✓ src/domain/worldSources.test.ts (2 tests) 7ms
 ✓ tests/diagnostics.test.ts (1 test) 4ms
 ✓ src/ui/AuthorAlternativeDraft.test.ts (2 tests) 7ms
 ✓ tests/editorState.test.ts (2 tests) 5ms
 ✓ src/ui/linkCandidatePreferences.test.ts (2 tests) 3ms

 Test Files  72 passed (72)
      Tests  698 passed (698)
   Start at  15:05:42
   Duration  26.49s (tests 81%, import 12%, transform 6%, worker 1%)

    Isolate  72 workers spawned · ~99ms startup each (spawn + environment, per file)
             at least ~3.47s faster with isolate: false — reuses workers across files instead of one per file

JSON report written to /tmp/shinariokanri-rb08-c2-unit.json
