
 RUN  v5.0.3 /tmp/shinariokanri-independent-rb08-bf0f6b0

 ❯ tests/independent-rb08-fixed-approval.test.ts (2 tests | 1 failed) 1053ms
   × R8V12 fixed approval uses its original private edition after current note changes, and a different existing snapshot anchor refuses atomically 302ms

⎯⎯⎯⎯⎯⎯⎯ Failed Tests 1 ⎯⎯⎯⎯⎯⎯⎯

 FAIL  tests/independent-rb08-fixed-approval.test.ts > R8V12 fixed approval uses its original private edition after current note changes, and a different existing snapshot anchor refuses atomically
AssertionError: expected { …(14) } to deeply equal { …(14) }

- Expected
+ Received

@@ -577,11 +577,11 @@
          ],
          "convertedToIds": [],
          "handoffReceipt": {
            "approval": {
              "entityId": "7741931f-4aea-45eb-b942-0f5fc37a0ceb",
-             "sourceVersionId": "7a7bcad9-b8dd-487e-b5f6-16031cbd8134",
+             "sourceVersionId": "0edf3f3e-0594-48c7-9083-14749674b954",
            },
            "citationBindings": [],
            "idMappings": [
              {
                "entityId": "0e81aca8-f89c-4086-bccb-ec38f1cd93c1",

 ❯ tests/independent-rb08-fixed-approval.test.ts:21:121


⎯⎯⎯⎯⎯⎯⎯⎯⎯⎯⎯⎯⎯⎯⎯⎯⎯⎯⎯⎯⎯⎯⎯⎯[1/1]⎯


 Test Files  1 failed (1)
      Tests  1 failed | 1 passed (2)
   Start at  16:26:18
   Duration  1.83s (tests 61%, transform 32%, import 7%)

