DO
DO
DO
CREATE SCHEMA
CREATE TABLE
CREATE TABLE
CREATE FUNCTION
CREATE FUNCTION
GRANT
GRANT
CREATE SCHEMA
CREATE TABLE
CREATE TABLE
ALTER TABLE
GRANT
GRANT
GRANT
BEGIN
CREATE SCHEMA
REVOKE
GRANT
CREATE TABLE
CREATE TABLE
CREATE INDEX
CREATE TABLE
CREATE TABLE
CREATE TABLE
CREATE TABLE
CREATE TABLE
CREATE TABLE
CREATE INDEX
CREATE TABLE
CREATE INDEX
CREATE TABLE
CREATE FUNCTION
CREATE FUNCTION
CREATE FUNCTION
CREATE FUNCTION
CREATE FUNCTION
CREATE FUNCTION
CREATE FUNCTION
CREATE FUNCTION
CREATE TRIGGER
CREATE FUNCTION
CREATE TRIGGER
ALTER TABLE
ALTER TABLE
ALTER TABLE
ALTER TABLE
ALTER TABLE
ALTER TABLE
ALTER TABLE
ALTER TABLE
ALTER TABLE
ALTER TABLE
CREATE POLICY
CREATE POLICY
CREATE POLICY
CREATE POLICY
CREATE POLICY
CREATE POLICY
CREATE POLICY
CREATE POLICY
CREATE POLICY
CREATE POLICY
CREATE POLICY
GRANT
GRANT
GRANT
REVOKE
GRANT
GRANT
GRANT
GRANT
INSERT 0 1
CREATE POLICY
COMMIT
BEGIN
ALTER TABLE
ALTER TABLE
CREATE TABLE
ALTER TABLE
CREATE POLICY
GRANT
CREATE TABLE
ALTER TABLE
GRANT
CREATE TABLE
ALTER TABLE
GRANT
CREATE FUNCTION
CREATE FUNCTION
CREATE FUNCTION
CREATE FUNCTION
CREATE FUNCTION
REVOKE
GRANT
COMMIT
BEGIN
CREATE TABLE
ALTER TABLE
GRANT
DROP POLICY
CREATE POLICY
DROP POLICY
CREATE POLICY
DROP POLICY
CREATE POLICY
CREATE FUNCTION
REVOKE
GRANT
CREATE FUNCTION
CREATE FUNCTION
CREATE FUNCTION
CREATE FUNCTION
CREATE FUNCTION
CREATE FUNCTION
CREATE FUNCTION
CREATE FUNCTION
CREATE FUNCTION
REVOKE
GRANT
GRANT
COMMIT
BEGIN
ALTER TABLE
CREATE FUNCTION
CREATE FUNCTION
CREATE FUNCTION
CREATE TABLE
ALTER TABLE
GRANT
GRANT
CREATE POLICY
INSERT 0 1
CREATE FUNCTION
CREATE FUNCTION
CREATE POLICY
REVOKE
GRANT
COMMIT
BEGIN
ALTER TABLE
DROP FUNCTION
CREATE FUNCTION
CREATE FUNCTION
CREATE FUNCTION
REVOKE
GRANT
COMMIT
BEGIN
CREATE FUNCTION
REVOKE
GRANT
COMMIT
BEGIN
ERROR:  function "scenario_sync_commit_prepared" already exists with same argument types
