measurement helper ready
fixture seeded large
production App ready
cold local display 1 16165.79999999702
cold local display 2 13932.79999999702
cold local display 3 16161
cold local display 4 11655.60000000894
cold local display 5 12833.29999999702
cold local display 6 14646.20000000298
cold local display 7 13787.60000000894
cold local display 8 13544
cold local display 9 14540
cold local display 10 13011.29999999702
cold local display 11 13226.09999999404
cold local display 12 12221.10000000894
cold local display 13 13103.59999999404
cold local display 14 11636.29999999702
cold local display 15 9837.70000000298
cold local display 16 11199.89999999106
cold local display 17 9472.89999999106
cold local display 18 10428.10000000894
cold local display 19 10069.40000000596
