
> shinariokanri@0.1.0 build
> tsc -b && vite build && node scripts/build/service-worker.mjs

vite v8.3.2 building client environment for production...
transforming...
✓ 122 modules transformed.
rendering chunks...
computing gzip size...
dist/index.html                             0.56 kB │ gzip:   0.41 kB
dist/assets/archive.worker-uH19SdLY.js    164.35 kB
dist/assets/index-Hji0zUF5.css             75.52 kB │ gzip:  14.99 kB
dist/assets/index-hMoye5y7.js           1,346.94 kB │ gzip: 400.59 kB

[33m[INEFFECTIVE_DYNAMIC_IMPORT] [0msrc/domain/presentation.ts is dynamically imported by src/domain/checkpoints.ts but also statically imported by src/domain/narrative.ts, src/domain/runtime.ts, src/domain/runtimeRecordValidation.ts, src/domain/stateRules.ts, src/domain/traceReconfirmation.ts, ..., dynamic import will not move module into another chunk.

[plugin builtin:vite-reporter] 
(!) Some chunks are larger than 500 kB after minification. Consider:
- Using dynamic import() to code-split the application
- Use build.rolldownOptions.output.codeSplitting to improve chunking: https://rolldown.rs/reference/OutputOptions.codeSplitting
- Adjust chunk size limit for this warning via build.chunkSizeWarningLimit.
[33m[INEFFECTIVE_DYNAMIC_IMPORT] [0msrc/domain/runtimeVerified.ts is dynamically imported by src/domain/checkpoints.ts but also statically imported by src/domain/traceReconfirmation.ts, src/ui/Reader.tsx, dynamic import will not move module into another chunk.

✓ built in 1.83s
Offline shell generated: f9ac47d6e4d097b20e50, /shinariokanri/
