UI01 complete
UI02 complete
UI03 complete
UI04 complete
UI05 complete
UI06 complete
UI07 complete
{
  "passed": 6,
  "failed": 1,
  "results": [
    {
      "id": "UI01",
      "status": "passed",
      "pageErrors": []
    },
    {
      "id": "UI02",
      "status": "passed",
      "pageErrors": []
    },
    {
      "id": "UI03",
      "status": "failed",
      "error": "expect(locator).toContainText(expected) failed\n\nLocator: getByRole('region', { name: '開始版の移行と経路の再確認', exact: true })\nExpected substring: \"確認後に作品版が変わりました\"\nReceived string:    \"開始版の移行・変更後の経路確認旧版を保持し、確認した基底revisionで新しい状態と証跡を保存します。移行した開始状態は途中開始として扱います。別版の開始状態を移行する旧版の途中開始 · 固定版 0 · partial旧通し開始 · 固定版 0 · full_play開始状態の移行差分を確認確認基底revision 2。移行対象 現在稿。確認した開始点 入口 · 4c1e4ac0-3827-4779-a1a7-e89c76a2953e確認後に作品版・開始点・読み方が変わりました。入力を保持して差分を再確認してください。持ち越す · 持ち越す金額 · 宣言が同じ状態値を移行します。確認した状態を新しい途中開始へ移行対象版の初期値から途中開始を再作成保存した経路を改訂稿で再確認する旧金額の経路 · 再確認待ち 1箇所 · 分岐 · 内部状態旧経路を改訂稿で再実行して確認\"\nTimeout: 5000ms\n\nCall log:\n  - Expect \"toContainText\" getByRole('region', { name: '開始版の移行と経路の再確認', exact: true }) with timeout 5000ms\n  - waiting for getByRole('region', { name: '開始版の移行と経路の再確認', exact: true })\n    14 × locator resolved to <section aria-label=\"開始版の移行と経路の再確認\">…</section>\n       - unexpected value \"開始版の移行・変更後の経路確認旧版を保持し、確認した基底revisionで新しい状態と証跡を保存します。移行した開始状態は途中開始として扱います。別版の開始状態を移行する旧版の途中開始 · 固定版 0 · partial旧通し開始 · 固定版 0 · full_play開始状態の移行差分を確認確認基底revision 2。移行対象 現在稿。確認した開始点 入口 · 4c1e4ac0-3827-4779-a1a7-e89c76a2953e確認後に作品版・開始点・読み方が変わりました。入力を保持して差分を再確認してください。持ち越す · 持ち越す金額 · 宣言が同じ状態値を移行します。確認した状態を新しい途中開始へ移行対象版の初期値から途中開始を再作成保存した経路を改訂稿で再確認する旧金額の経路 · 再確認待ち 1箇所 · 分岐 · 内部状態旧経路を改訂稿で再実行して確認\"\n",
      "pageErrors": []
    },
    {
      "id": "UI04",
      "status": "passed",
      "pageErrors": []
    },
    {
      "id": "UI05",
      "status": "passed",
      "pageErrors": []
    },
    {
      "id": "UI06",
      "status": "passed",
      "pageErrors": []
    },
    {
      "id": "UI07",
      "status": "passed",
      "pageErrors": []
    }
  ]
}
