R7U01-split-away-switch-failure-cold complete
R7U02-copy-merge-keeps-history-source complete
R7U03-material-ack-next-clear-cold complete
R7U04-stale-material-input-retained complete
R7U05-dependent-frame-review complete
R7U06-acquired-time-normal-failure complete
R7U07-chapter-flow-cues-timecode complete
{
  "passed": 1,
  "failed": 6,
  "results": [
    {
      "id": "R7U01-split-away-switch-failure-cold",
      "status": "failed",
      "error": "locator.click: Timeout 10000ms exceeded.\nCall log:\n\u001b[2m  - waiting for locator('.sidebar').getByRole('button', { name: /^資料/ }).first()\u001b[22m\n\u001b[2m    - locator resolved to <button class=\"nav-item \">…</button>\u001b[22m\n\u001b[2m  - attempting click action\u001b[22m\n\u001b[2m    2 × waiting for element to be visible, enabled and stable\u001b[22m\n\u001b[2m      - element is visible, enabled and stable\u001b[22m\n\u001b[2m      - scrolling into view if needed\u001b[22m\n\u001b[2m      - done scrolling\u001b[22m\n\u001b[2m      - element is outside of the viewport\u001b[22m\n\u001b[2m    - retrying click action\u001b[22m\n\u001b[2m    - waiting 20ms\u001b[22m\n\u001b[2m    2 × waiting for element to be visible, enabled and stable\u001b[22m\n\u001b[2m      - element is visible, enabled and stable\u001b[22m\n\u001b[2m      - scrolling into view if needed\u001b[22m\n\u001b[2m      - done scrolling\u001b[22m\n\u001b[2m      - element is outside of the viewport\u001b[22m\n\u001b[2m    - retrying click action\u001b[22m\n\u001b[2m      - waiting 100ms\u001b[22m\n\u001b[2m    17 × waiting for element to be visible, enabled and stable\u001b[22m\n\u001b[2m       - element is visible, enabled and stable\u001b[22m\n\u001b[2m       - scrolling into view if needed\u001b[22m\n\u001b[2m       - done scrolling\u001b[22m\n\u001b[2m       - element is outside of the viewport\u001b[22m\n\u001b[2m     - retrying click action\u001b[22m\n\u001b[2m       - waiting 500ms\u001b[22m\n",
      "pageErrors": []
    },
    {
      "id": "R7U02-copy-merge-keeps-history-source",
      "status": "failed",
      "error": "locator.click: Timeout 10000ms exceeded.\nCall log:\n\u001b[2m  - waiting for locator('.sidebar').getByRole('button', { name: /^資料/ }).first()\u001b[22m\n\u001b[2m    - locator resolved to <button class=\"nav-item \">…</button>\u001b[22m\n\u001b[2m  - attempting click action\u001b[22m\n\u001b[2m    2 × waiting for element to be visible, enabled and stable\u001b[22m\n\u001b[2m      - element is visible, enabled and stable\u001b[22m\n\u001b[2m      - scrolling into view if needed\u001b[22m\n\u001b[2m      - done scrolling\u001b[22m\n\u001b[2m      - element is outside of the viewport\u001b[22m\n\u001b[2m    - retrying click action\u001b[22m\n\u001b[2m    - waiting 20ms\u001b[22m\n\u001b[2m    2 × waiting for element to be visible, enabled and stable\u001b[22m\n\u001b[2m      - element is visible, enabled and stable\u001b[22m\n\u001b[2m      - scrolling into view if needed\u001b[22m\n\u001b[2m      - done scrolling\u001b[22m\n\u001b[2m      - element is outside of the viewport\u001b[22m\n\u001b[2m    - retrying click action\u001b[22m\n\u001b[2m      - waiting 100ms\u001b[22m\n\u001b[2m    18 × waiting for element to be visible, enabled and stable\u001b[22m\n\u001b[2m       - element is visible, enabled and stable\u001b[22m\n\u001b[2m       - scrolling into view if needed\u001b[22m\n\u001b[2m       - done scrolling\u001b[22m\n\u001b[2m       - element is outside of the viewport\u001b[22m\n\u001b[2m     - retrying click action\u001b[22m\n\u001b[2m       - waiting 500ms\u001b[22m\n",
      "pageErrors": []
    },
    {
      "id": "R7U03-material-ack-next-clear-cold",
      "status": "failed",
      "error": "expect(locator).toContainText(expected) failed\n\nLocator: locator('.production-tools')\nExpected substring: \"new-b.mp4\"\nReceived string:    \"素材の追加・版差替え資料・素材の形式画像・音声・動画・PDFを内容で判定UTF-8文章（ファイル保存で確認）JSON（ファイル保存で確認）その他の資料（ファイル保存で確認）素材ファイルを選ぶ変更の影響を確認制作変更を確認・保存中…\"\nTimeout: 5000ms\n\nCall log:\n  - Expect \"toContainText\" locator('.production-tools') with timeout 5000ms\n  - waiting for locator('.production-tools')\n    14 × locator resolved to <details open=\"\" class=\"settings-card production-tools\">…</details>\n       - unexpected value \"素材の追加・版差替え資料・素材の形式画像・音声・動画・PDFを内容で判定UTF-8文章（ファイル保存で確認）JSON（ファイル保存で確認）その他の資料（ファイル保存で確認）素材ファイルを選ぶ変更の影響を確認制作変更を確認・保存中…\"\n",
      "pageErrors": []
    },
    {
      "id": "R7U04-stale-material-input-retained",
      "status": "passed",
      "pageErrors": []
    },
    {
      "id": "R7U05-dependent-frame-review",
      "status": "failed",
      "error": "page.evaluate: TypeError: Cannot read properties of undefined (reading 'read')\n    at eval (eval at evaluate (:311:30), <anonymous>:1:21)\n    at UtilityScript.evaluate (<anonymous>:313:16)\n    at UtilityScript.<anonymous> (<anonymous>:1:44)",
      "pageErrors": []
    },
    {
      "id": "R7U06-acquired-time-normal-failure",
      "status": "failed",
      "error": "locator.click: Timeout 10000ms exceeded.\nCall log:\n\u001b[2m  - waiting for locator('.detail-panel').getByRole('button', { name: '保存する', exact: true })\u001b[22m\n",
      "pageErrors": []
    },
    {
      "id": "R7U07-chapter-flow-cues-timecode",
      "status": "failed",
      "error": "locator.check: Timeout 10000ms exceeded.\nCall log:\n\u001b[2m  - waiting for locator('.presentation-cues').getByLabel('演出・絵コンテを表示', { exact: true })\u001b[22m\n",
      "pageErrors": []
    }
  ]
}
