CTX-UI-child complete
CTX-UI-child-save-failure complete
CTX-UI-child-away-failure complete
{
  "passed": 2,
  "failed": 1,
  "results": [
    {
      "id": "CTX-UI-child",
      "status": "passed",
      "pageErrors": []
    },
    {
      "id": "CTX-UI-child-save-failure",
      "status": "passed",
      "pageErrors": []
    },
    {
      "id": "CTX-UI-child-away-failure",
      "status": "failed",
      "error": "expect(received).toBe(expected) // Object.is equality\n\nExpected: true\nReceived: false",
      "pageErrors": []
    }
  ]
}
