
 RUN  v5.0.3 /tmp/shinariokanri-independent-rb05-narrative-32c1608

 ❯ tests/independent-edition-context-clock.test.ts (5 tests | 2 failed) 463ms
   × EN16 explicit chapter selection does not append an unselected orphan or expand an empty chosen set 26ms
   × EN17 ordinary flow clock contradictions are rejected at durable/native boundaries as well as replay 22ms

⎯⎯⎯⎯⎯⎯⎯ Failed Tests 2 ⎯⎯⎯⎯⎯⎯⎯

 FAIL  tests/independent-edition-context-clock.test.ts > EN16 explicit chapter selection does not append an unselected orphan or expand an empty chosen set
AssertionError: expected [ …(2) ] to deeply equal [ Array(1) ]

- Expected
+ Received

  [
    "022dde07-26e8-466a-bfb2-e2217a515424",
+   "e66e6cf2-04bf-4470-9d51-69b1f822199c",
  ]

 ❯ tests/independent-edition-context-clock.test.ts:47:507


⎯⎯⎯⎯⎯⎯⎯⎯⎯⎯⎯⎯⎯⎯⎯⎯⎯⎯⎯⎯⎯⎯⎯⎯[1/2]⎯

 FAIL  tests/independent-edition-context-clock.test.ts > EN17 ordinary flow clock contradictions are rejected at durable/native boundaries as well as replay
AssertionError: expected 0 to be greater than 0
 ❯ tests/independent-edition-context-clock.test.ts:50:1260


⎯⎯⎯⎯⎯⎯⎯⎯⎯⎯⎯⎯⎯⎯⎯⎯⎯⎯⎯⎯⎯⎯⎯⎯[2/2]⎯


 Test Files  1 failed (1)
      Tests  2 failed | 3 passed (5)
   Start at  08:35:08
   Duration  1.11s (tests 46%, transform 45%, import 9%)

