UI01 complete
UI02 complete
UI03 complete
UI04 complete
UI05 complete
UI06 complete
UI07 complete
{
  "passed": 2,
  "failed": 5,
  "results": [
    {
      "id": "UI01",
      "status": "failed",
      "error": "locator.click: Timeout 10000ms exceeded.\nCall log:\n\u001b[2m  - waiting for locator('.sidebar').getByRole('button', { name: /^構成/ }).first()\u001b[22m\n\u001b[2m    - locator resolved to <button class=\"nav-item \">…</button>\u001b[22m\n\u001b[2m  - attempting click action\u001b[22m\n\u001b[2m    2 × waiting for element to be visible, enabled and stable\u001b[22m\n\u001b[2m      - element is visible, enabled and stable\u001b[22m\n\u001b[2m      - scrolling into view if needed\u001b[22m\n\u001b[2m      - done scrolling\u001b[22m\n\u001b[2m      - element is outside of the viewport\u001b[22m\n\u001b[2m    - retrying click action\u001b[22m\n\u001b[2m    - waiting 20ms\u001b[22m\n\u001b[2m    2 × waiting for element to be visible, enabled and stable\u001b[22m\n\u001b[2m      - element is visible, enabled and stable\u001b[22m\n\u001b[2m      - scrolling into view if needed\u001b[22m\n\u001b[2m      - done scrolling\u001b[22m\n\u001b[2m      - element is outside of the viewport\u001b[22m\n\u001b[2m    - retrying click action\u001b[22m\n\u001b[2m      - waiting 100ms\u001b[22m\n\u001b[2m    19 × waiting for element to be visible, enabled and stable\u001b[22m\n\u001b[2m       - element is visible, enabled and stable\u001b[22m\n\u001b[2m       - scrolling into view if needed\u001b[22m\n\u001b[2m       - done scrolling\u001b[22m\n\u001b[2m       - element is outside of the viewport\u001b[22m\n\u001b[2m     - retrying click action\u001b[22m\n\u001b[2m       - waiting 500ms\u001b[22m\n",
      "pageErrors": []
    },
    {
      "id": "UI02",
      "status": "passed",
      "pageErrors": []
    },
    {
      "id": "UI03",
      "status": "passed",
      "pageErrors": []
    },
    {
      "id": "UI04",
      "status": "failed",
      "error": "locator.click: Timeout 10000ms exceeded.\nCall log:\n\u001b[2m  - waiting for locator('.sidebar').getByRole('button', { name: /^構成/ }).first()\u001b[22m\n\u001b[2m    - locator resolved to <button class=\"nav-item \">…</button>\u001b[22m\n\u001b[2m  - attempting click action\u001b[22m\n\u001b[2m    2 × waiting for element to be visible, enabled and stable\u001b[22m\n\u001b[2m      - element is visible, enabled and stable\u001b[22m\n\u001b[2m      - scrolling into view if needed\u001b[22m\n\u001b[2m      - done scrolling\u001b[22m\n\u001b[2m      - element is outside of the viewport\u001b[22m\n\u001b[2m    - retrying click action\u001b[22m\n\u001b[2m    - waiting 20ms\u001b[22m\n\u001b[2m    2 × waiting for element to be visible, enabled and stable\u001b[22m\n\u001b[2m      - element is visible, enabled and stable\u001b[22m\n\u001b[2m      - scrolling into view if needed\u001b[22m\n\u001b[2m      - done scrolling\u001b[22m\n\u001b[2m      - element is outside of the viewport\u001b[22m\n\u001b[2m    - retrying click action\u001b[22m\n\u001b[2m      - waiting 100ms\u001b[22m\n\u001b[2m    19 × waiting for element to be visible, enabled and stable\u001b[22m\n\u001b[2m       - element is visible, enabled and stable\u001b[22m\n\u001b[2m       - scrolling into view if needed\u001b[22m\n\u001b[2m       - done scrolling\u001b[22m\n\u001b[2m       - element is outside of the viewport\u001b[22m\n\u001b[2m     - retrying click action\u001b[22m\n\u001b[2m       - waiting 500ms\u001b[22m\n",
      "pageErrors": []
    },
    {
      "id": "UI05",
      "status": "failed",
      "error": "expect(locator).toBeDisabled() failed\n\nLocator:  getByRole('region', { name: '開始版の移行と経路の再確認', exact: true }).getByRole('button', { name: '確認した状態を新しい途中開始へ移行', exact: true })\nExpected: disabled\nReceived: enabled\nTimeout:  5000ms\n\nCall log:\n  - Expect \"toBeDisabled\" getByRole('region', { name: '開始版の移行と経路の再確認', exact: true }).getByRole('button', { name: '確認した状態を新しい途中開始へ移行', exact: true }) with timeout 5000ms\n  - waiting for getByRole('region', { name: '開始版の移行と経路の再確認', exact: true }).getByRole('button', { name: '確認した状態を新しい途中開始へ移行', exact: true })\n    14 × locator resolved to <button class=\"button primary\">確認した状態を新しい途中開始へ移行</button>\n       - unexpected value \"enabled\"\n",
      "pageErrors": []
    },
    {
      "id": "UI06",
      "status": "failed",
      "error": "locator.click: Timeout 10000ms exceeded.\nCall log:\n\u001b[2m  - waiting for locator('.sidebar').getByRole('button', { name: /^構成/ }).first()\u001b[22m\n\u001b[2m    - locator resolved to <button class=\"nav-item \">…</button>\u001b[22m\n\u001b[2m  - attempting click action\u001b[22m\n\u001b[2m    2 × waiting for element to be visible, enabled and stable\u001b[22m\n\u001b[2m      - element is visible, enabled and stable\u001b[22m\n\u001b[2m      - scrolling into view if needed\u001b[22m\n\u001b[2m      - done scrolling\u001b[22m\n\u001b[2m      - element is outside of the viewport\u001b[22m\n\u001b[2m    - retrying click action\u001b[22m\n\u001b[2m    - waiting 20ms\u001b[22m\n\u001b[2m    2 × waiting for element to be visible, enabled and stable\u001b[22m\n\u001b[2m      - element is visible, enabled and stable\u001b[22m\n\u001b[2m      - scrolling into view if needed\u001b[22m\n\u001b[2m      - done scrolling\u001b[22m\n\u001b[2m      - element is outside of the viewport\u001b[22m\n\u001b[2m    - retrying click action\u001b[22m\n\u001b[2m      - waiting 100ms\u001b[22m\n\u001b[2m    19 × waiting for element to be visible, enabled and stable\u001b[22m\n\u001b[2m       - element is visible, enabled and stable\u001b[22m\n\u001b[2m       - scrolling into view if needed\u001b[22m\n\u001b[2m       - done scrolling\u001b[22m\n\u001b[2m       - element is outside of the viewport\u001b[22m\n\u001b[2m     - retrying click action\u001b[22m\n\u001b[2m       - waiting 500ms\u001b[22m\n",
      "pageErrors": []
    },
    {
      "id": "UI07",
      "status": "failed",
      "error": "locator.click: Timeout 10000ms exceeded.\nCall log:\n\u001b[2m  - waiting for locator('.sidebar').getByRole('button', { name: /^構成/ }).first()\u001b[22m\n\u001b[2m    - locator resolved to <button class=\"nav-item \">…</button>\u001b[22m\n\u001b[2m  - attempting click action\u001b[22m\n\u001b[2m    2 × waiting for element to be visible, enabled and stable\u001b[22m\n\u001b[2m      - element is visible, enabled and stable\u001b[22m\n\u001b[2m      - scrolling into view if needed\u001b[22m\n\u001b[2m      - done scrolling\u001b[22m\n\u001b[2m      - element is outside of the viewport\u001b[22m\n\u001b[2m    - retrying click action\u001b[22m\n\u001b[2m    - waiting 20ms\u001b[22m\n\u001b[2m    2 × waiting for element to be visible, enabled and stable\u001b[22m\n\u001b[2m      - element is visible, enabled and stable\u001b[22m\n\u001b[2m      - scrolling into view if needed\u001b[22m\n\u001b[2m      - done scrolling\u001b[22m\n\u001b[2m      - element is outside of the viewport\u001b[22m\n\u001b[2m    - retrying click action\u001b[22m\n\u001b[2m      - waiting 100ms\u001b[22m\n\u001b[2m    19 × waiting for element to be visible, enabled and stable\u001b[22m\n\u001b[2m       - element is visible, enabled and stable\u001b[22m\n\u001b[2m       - scrolling into view if needed\u001b[22m\n\u001b[2m       - done scrolling\u001b[22m\n\u001b[2m       - element is outside of the viewport\u001b[22m\n\u001b[2m     - retrying click action\u001b[22m\n\u001b[2m       - waiting 500ms\u001b[22m\n",
      "pageErrors": []
    }
  ]
}
