CTX-UI-child complete
CTX-UI-child-save-failure complete
CTX-UI-child-away-failure complete
{
  "passed": 0,
  "failed": 3,
  "results": [
    {
      "id": "CTX-UI-child",
      "status": "failed",
      "error": "expect(locator).toContainText(expected) failed\n\nLocator: locator('.reader-state-panel')\nTimeout: 5000ms\n- Expected substring  - 2\n+ Received string     + 1\n\n- 呼出し階層\n- 1\n+ 試読の状態作品の設定値とは別に保持しています。子内の限定値child_transition0仮値子内の金額child_money4仮値所持品0個知識・事実0件既読の対象3件抽選位置0呼出し階層1直前の状態差分未指定[\"e64da40c-4813-41b4-8bd1-0386201662f4\",\"7eb256ae-9a4d-4f50-829f-ed99b97690ba\"] → [\"e64da40c-4813-41b4-8bd1-0386201662f4\",\"7eb256ae-9a4d-4f50-829f-ed99b97690ba\",\"e9b77da9-61c6-4e24-b9a3-2c30f8f4f7f2\"]固定子の入口未設定 → 1未指定[] → [{\"graphId\":\"084e9fb1-8ad7-4c53-b027-516e03518efb\",\"returnNodeId\":\"11943dd6-c2cd-47d2-8f98-e34b7f6a2e01\",\"parameters\":{}}]未指定7eb256ae-9a4d-4f50-829f-ed99b97690ba → e9b77da9-61c6-4e24-b9a3-2c30f8f4f7f2\n\nCall log:\n  - Expect \"toContainText\" locator('.reader-state-panel') with timeout 5000ms\n  - waiting for locator('.reader-state-panel')\n    14 × locator resolved to <aside class=\"reader-state-panel\">…</aside>\n       - unexpected value \"試読の状態作品の設定値とは別に保持しています。子内の限定値child_transition0仮値子内の金額child_money4仮値所持品0個知識・事実0件既読の対象3件抽選位置0呼出し階層1直前の状態差分未指定[\"e64da40c-4813-41b4-8bd1-0386201662f4\",\"7eb256ae-9a4d-4f50-829f-ed99b97690ba\"] → [\"e64da40c-4813-41b4-8bd1-0386201662f4\",\"7eb256ae-9a4d-4f50-829f-ed99b97690ba\",\"e9b77da9-61c6-4e24-b9a3-2c30f8f4f7f2\"]固定子の入口未設定 → 1未指定[] → [{\"graphId\":\"084e9fb1-8ad7-4c53-b027-516e03518efb\",\"returnNodeId\":\"11943dd6-c2cd-47d2-8f98-e34b7f6a2e01\",\"parameters\":{}}]未指定7eb256ae-9a4d-4f50-829f-ed99b97690ba → e9b77da9-61c6-4e24-b9a3-2c30f8f4f7f2\"\n",
      "pageErrors": []
    },
    {
      "id": "CTX-UI-child-save-failure",
      "status": "failed",
      "error": "expect(locator).toContainText(expected) failed\n\nLocator: locator('.reader-state-panel')\nTimeout: 5000ms\n- Expected substring  - 2\n+ Received string     + 1\n\n- 呼出し階層\n- 1\n+ 試読の状態作品の設定値とは別に保持しています。子内の限定値child_transition0仮値子内の金額child_money4仮値所持品0個知識・事実0件既読の対象3件抽選位置0呼出し階層1直前の状態差分未指定[\"e64da40c-4813-41b4-8bd1-0386201662f4\",\"7eb256ae-9a4d-4f50-829f-ed99b97690ba\"] → [\"e64da40c-4813-41b4-8bd1-0386201662f4\",\"7eb256ae-9a4d-4f50-829f-ed99b97690ba\",\"e9b77da9-61c6-4e24-b9a3-2c30f8f4f7f2\"]固定子の入口未設定 → 1未指定[] → [{\"graphId\":\"084e9fb1-8ad7-4c53-b027-516e03518efb\",\"returnNodeId\":\"11943dd6-c2cd-47d2-8f98-e34b7f6a2e01\",\"parameters\":{}}]未指定7eb256ae-9a4d-4f50-829f-ed99b97690ba → e9b77da9-61c6-4e24-b9a3-2c30f8f4f7f2\n\nCall log:\n  - Expect \"toContainText\" locator('.reader-state-panel') with timeout 5000ms\n  - waiting for locator('.reader-state-panel')\n    14 × locator resolved to <aside class=\"reader-state-panel\">…</aside>\n       - unexpected value \"試読の状態作品の設定値とは別に保持しています。子内の限定値child_transition0仮値子内の金額child_money4仮値所持品0個知識・事実0件既読の対象3件抽選位置0呼出し階層1直前の状態差分未指定[\"e64da40c-4813-41b4-8bd1-0386201662f4\",\"7eb256ae-9a4d-4f50-829f-ed99b97690ba\"] → [\"e64da40c-4813-41b4-8bd1-0386201662f4\",\"7eb256ae-9a4d-4f50-829f-ed99b97690ba\",\"e9b77da9-61c6-4e24-b9a3-2c30f8f4f7f2\"]固定子の入口未設定 → 1未指定[] → [{\"graphId\":\"084e9fb1-8ad7-4c53-b027-516e03518efb\",\"returnNodeId\":\"11943dd6-c2cd-47d2-8f98-e34b7f6a2e01\",\"parameters\":{}}]未指定7eb256ae-9a4d-4f50-829f-ed99b97690ba → e9b77da9-61c6-4e24-b9a3-2c30f8f4f7f2\"\n",
      "pageErrors": []
    },
    {
      "id": "CTX-UI-child-away-failure",
      "status": "failed",
      "error": "expect(locator).toContainText(expected) failed\n\nLocator: locator('.reader-state-panel')\nTimeout: 5000ms\n- Expected substring  - 2\n+ Received string     + 1\n\n- 呼出し階層\n- 1\n+ 試読の状態作品の設定値とは別に保持しています。子内の限定値child_transition0仮値子内の金額child_money4仮値所持品0個知識・事実0件既読の対象3件抽選位置0呼出し階層1直前の状態差分未指定[\"e64da40c-4813-41b4-8bd1-0386201662f4\",\"7eb256ae-9a4d-4f50-829f-ed99b97690ba\"] → [\"e64da40c-4813-41b4-8bd1-0386201662f4\",\"7eb256ae-9a4d-4f50-829f-ed99b97690ba\",\"e9b77da9-61c6-4e24-b9a3-2c30f8f4f7f2\"]固定子の入口未設定 → 1未指定[] → [{\"graphId\":\"084e9fb1-8ad7-4c53-b027-516e03518efb\",\"returnNodeId\":\"11943dd6-c2cd-47d2-8f98-e34b7f6a2e01\",\"parameters\":{}}]未指定7eb256ae-9a4d-4f50-829f-ed99b97690ba → e9b77da9-61c6-4e24-b9a3-2c30f8f4f7f2\n\nCall log:\n  - Expect \"toContainText\" locator('.reader-state-panel') with timeout 5000ms\n  - waiting for locator('.reader-state-panel')\n    14 × locator resolved to <aside class=\"reader-state-panel\">…</aside>\n       - unexpected value \"試読の状態作品の設定値とは別に保持しています。子内の限定値child_transition0仮値子内の金額child_money4仮値所持品0個知識・事実0件既読の対象3件抽選位置0呼出し階層1直前の状態差分未指定[\"e64da40c-4813-41b4-8bd1-0386201662f4\",\"7eb256ae-9a4d-4f50-829f-ed99b97690ba\"] → [\"e64da40c-4813-41b4-8bd1-0386201662f4\",\"7eb256ae-9a4d-4f50-829f-ed99b97690ba\",\"e9b77da9-61c6-4e24-b9a3-2c30f8f4f7f2\"]固定子の入口未設定 → 1未指定[] → [{\"graphId\":\"084e9fb1-8ad7-4c53-b027-516e03518efb\",\"returnNodeId\":\"11943dd6-c2cd-47d2-8f98-e34b7f6a2e01\",\"parameters\":{}}]未指定7eb256ae-9a4d-4f50-829f-ed99b97690ba → e9b77da9-61c6-4e24-b9a3-2c30f8f4f7f2\"\n",
      "pageErrors": []
    }
  ]
}
