
> shinariokanri@0.1.0 test
> vitest run src/storage/rb07Production.test.ts --maxWorkers=2 --testTimeout=30000


 RUN  v5.0.3 /workspace/shinariokanri-rb07

 ❯ src/storage/rb07Production.test.ts (6 tests | 3 failed) 214ms
   ❯ RB07 authored production workflow and complete recovery (6)
     × splits Unicode text with ruby, links and positional cue once; atomically retains old IDs, deliverables and immutable editions through empty/clone roundtrips 86ms
     × merges adjacent same-speaker lines into fresh IDs and blocks, keeps intents/reasons, relocates precise anchors and leaves existing audio mappings for review 6ms
     × saves accessed real time, source provenance, attachment bytes and ms cues separately; missing metadata remains missing and material replacement keeps pinned versions 15ms

⎯⎯⎯⎯⎯⎯⎯ Failed Tests 3 ⎯⎯⎯⎯⎯⎯⎯

 FAIL  src/storage/rb07Production.test.ts > RB07 authored production workflow and complete recovery > splits Unicode text with ruby, links and positional cue once; atomically retains old IDs, deliverables and immutable editions through empty/clone roundtrips
AssertionError: expected { ok: true, value: { …(13) } } to deeply equal []

- Expected:
[]

+ Received:
{
  "ok": true,
  "value": {
    "calendarId": "proleptic-gregorian-second",
    "calendars": [
      {
        "id": "proleptic-gregorian-second",
        "kind": "gregorian",
        "name": "先発グレゴリオ暦",
        "originLabel": "0000-01-01 00:00:00",
        "ticksPerDay": "86400",
      },
    ],
    "entities": [
      {
        "createdAt": "2026-10-08T10:34:44.073Z",
        "customValues": {},
        "data": {
          "aliases": [],
          "authorNotes": [],
          "body": [],
          "goals": [],
          "reading": "",
          "summary": [],
          "voiceRules": [],
        },
        "id": "a4c70680-1b7a-4b20-9ab5-5305d677d20f",
        "kind": "character",
        "name": "改名前の話者",
        "projectId": "246a97b0-58fa-49ed-96d5-1dd050152e84",
        "revision": "0",
        "status": "confirmed",
        "updatedAt": "2026-10-08T10:34:44.073Z",
        "visibility": "private",
      },
      {
        "createdAt": "2026-10-08T10:34:44.074Z",
        "customValues": {},
        "data": {
          "choiceEdgeId": null,
          "cueIds": [
            "f73d09b3-d75f-4770-9ae3-b3363f67e0b7",
          ],
          "originLineIds": [],
          "replacedByLineIds": [
            "eb85d94e-c2ea-42ce-aa39-b854ba9009c0",
            "4fdb7c7b-28b5-48e1-99c4-594f8ca9e70a",
          ],
          "speakerId": "a4c70680-1b7a-4b20-9ab5-5305d677d20f",
          "text": [
            {
              "id": "47f20a79-8e47-4d60-a6d8-04e71b77e425",
              "kind": "paragraph",
              "links": [
                [Object],
              ],
              "ruby": [
                [Object],
              ],
              "text": "😀赤い扉へ帰る",
            },
          ],
        },
        "id": "95d1d24f-04c1-4299-ae64-c27467c3d673",
        "kind": "dialogue_line",
        "name": "原台詞L1",
        "projectId": "246a97b0-58fa-49ed-96d5-1dd050152e84",
        "revision": "0",
        "status": "rejected",
        "updatedAt": "2026-10-08T10:34:44.074Z",
        "visibility": "private",
      },
      {
        "createdAt": "2026-10-08T10:34:44.074Z",
        "customValues": {},
        "data": {
          "anchor": {
            "blockId": "217e58c6-a9af-493c-b076-03c128ee3b3d",
            "end": 3,
            "entityId": "4fdb7c7b-28b5-48e1-99c4-594f8ca9e70a",
            "lineId": "4fdb7c7b-28b5-48e1-99c4-594f8ca9e70a",
            "start": 1,
          },
          "attachmentId": null,
          "camera": null,
          "cueType": "sound",
          "expression": "",
          "mediaTime": 123,
          "speakerId": null,
          "stage": "",
          "waitMs": 456,
        },
        "id": "f73d09b3-d75f-4770-9ae3-b3363f67e0b7",
        "kind": "cue",
        "name": "右側の音声",
        "projectId": "246a97b0-58fa-49ed-96d5-1dd050152e84",
        "revision": "0",
        "status": "confirmed",
        "updatedAt": "2026-10-08T10:34:44.074Z",
        "visibility": "private",
      },
      {
        "createdAt": "2026-10-08T10:34:44.074Z",
        "customValues": {},
        "data": {
          "authorNotes": [],
          "blockIds": [],
          "body": [],
          "chapterId": null,
          "conflicts": [],
          "dialogueLineIds": [
            "eb85d94e-c2ea-42ce-aa39-b854ba9009c0",
            "4fdb7c7b-28b5-48e1-99c4-594f8ca9e70a",
          ],
          "eventIds": [],
          "goals": [],
          "importance": null,
          "newInformation": [],
          "povId": null,
          "results": [],
          "summary": [],
          "tension": null,
          "threadIds": [],
        },
        "id": "1008003b-eda9-4ef4-9241-123d0f51723a",
        "kind": "scene",
        "name": "原場面",
        "projectId": "246a97b0-58fa-49ed-96d5-1dd050152e84",
        "revision": "0",
        "status": "confirmed",
        "updatedAt": "2026-10-08T10:34:44.074Z",
        "visibility": "private",
      },
      {
        "createdAt": "2026-10-08T10:34:44.075Z",
        "customValues": {},
        "data": {
          "language": "en",
          "recordingIds": [],
          "reviewedBy": null,
          "sourceHash": "a7210b2c5de88a541acc084e8d25cd35299c2d8b0781e8eb80483aac0dbb1a07",
          "sourceLineId": "95d1d24f-04c1-4299-ae64-c27467c3d673",
          "stage": "needs_review",
          "text": [
            {
              "id": "60306fcd-4f3e-4f7d-b680-a6fdd8b4fbff",
              "kind": "paragraph",
              "text": "Return to the red door.",
            },
          ],
        },
        "id": "c87ec4b8-ac72-4e48-bdcb-d364c75540de",
        "kind": "localization",
        "name": "翻訳L1",
        "projectId": "246a97b0-58fa-49ed-96d5-1dd050152e84",
        "revision": "0",
        "status": "confirmed",
        "updatedAt": "2026-10-08T10:34:44.075Z",
        "visibility": "private",
      },
      {
        "createdAt": "2026-10-08T10:34:44.076Z",
        "customValues": {},
        "data": {
          "attachmentId": null,
          "language": "ja",
          "notes": [],
          "reviewedBy": null,
          "sourceHash": "a7210b2c5de88a541acc084e8d25cd35299c2d8b0781e8eb80483aac0dbb1a07",
          "sourceLineId": "95d1d24f-04c1-4299-ae64-c27467c3d673",
          "stage": "needs_review",
          "translationId": null,
        },
        "id": "23728e1e-1337-40f5-8eb6-50a93fff035f",
        "kind": "recording",
        "name": "収録L1",
        "projectId": "246a97b0-58fa-49ed-96d5-1dd050152e84",
        "revision": "0",
        "status": "confirmed",
        "updatedAt": "2026-10-08T10:34:44.076Z",
        "visibility": "private",
      },
      {
        "createdAt": "2026-10-08T10:34:44.081Z",
        "customValues": {},
        "data": {
          "contentHash": "7e6f13ba93572217ec28bd115f8188f018f88fbb574301458a30d616628f1115",
          "immutable": true,
          "parentVersionIds": [],
          "referencedWorldVersionIds": [],
          "releasedAt": null,
          "versionLabel": "変更前の公開版",
        },
        "id": "107262be-cbf8-4557-9256-5165c6ebbb50",
        "kind": "snapshot",
        "name": "変更前の公開版",
        "projectId": "246a97b0-58fa-49ed-96d5-1dd050152e84",
        "revision": "0",
        "status": "provisional",
        "updatedAt": "2026-10-08T10:34:44.081Z",
        "visibility": "private",
      },
      {
        "createdAt": "2026-10-08T10:34:44.138Z",
        "customValues": {},
        "data": {
          "choiceEdgeId": null,
          "claimAssertionIds": [],
          "cueIds": [],
          "lineage": {
            "baseRevision": "1",
            "mode": "split",
            "reason": "音声の収録単位を分ける",
            "segments": [
              {
                "source": [Object],
                "target": [Object],
              },
            ],
          },
          "originLineIds": [
            "95d1d24f-04c1-4299-ae64-c27467c3d673",
          ],
          "speakerId": "a4c70680-1b7a-4b20-9ab5-5305d677d20f",
          "text": [
            {
              "id": "656bce5b-8755-483e-9954-bcfbe3b387cb",
              "kind": "paragraph",
              "links": [],
              "ruby": [
                [Object],
              ],
              "text": "😀赤い扉",
            },
          ],
        },
        "id": "eb85d94e-c2ea-42ce-aa39-b854ba9009c0",
        "kind": "dialogue_line",
        "name": "原台詞L1 · 分割1",
        "projectId": "246a97b0-58fa-49ed-96d5-1dd050152e84",
        "revision": "0",
        "status": "confirmed",
        "updatedAt": "2026-10-08T10:34:44.138Z",
        "visibility": "private",
      },
      {
        "createdAt": "2026-10-08T10:34:44.139Z",
        "customValues": {},
        "data": {
          "choiceEdgeId": null,
          "claimAssertionIds": [],
          "cueIds": [
            "f73d09b3-d75f-4770-9ae3-b3363f67e0b7",
          ],
          "lineage": {
            "baseRevision": "1",
            "mode": "split",
            "reason": "音声の収録単位を分ける",
            "segments": [
              {
                "source": [Object],
                "target": [Object],
              },
            ],
          },
          "originLineIds": [
            "95d1d24f-04c1-4299-ae64-c27467c3d673",
          ],
          "speakerId": "a4c70680-1b7a-4b20-9ab5-5305d677d20f",
          "text": [
            {
              "id": "217e58c6-a9af-493c-b076-03c128ee3b3d",
              "kind": "paragraph",
              "links": [
                [Object],
              ],
              "ruby": [],
              "text": "へ帰る",
            },
          ],
        },
        "id": "4fdb7c7b-28b5-48e1-99c4-594f8ca9e70a",
        "kind": "dialogue_line",
        "name": "原台詞L1 · 分割2",
        "projectId": "246a97b0-58fa-49ed-96d5-1dd050152e84",
        "revision": "0",
        "status": "confirmed",
        "updatedAt": "2026-10-08T10:34:44.139Z",
        "visibility": "private",
      },
    ],
    "formatVersion": "1.0.0",
    "history": [
      {
        "after": {
          "calendarId": "proleptic-gregorian-second",
          "calendars": [
            {
              "id": "proleptic-gregorian-second",
              "kind": "gregorian",
              "name": "先発グレゴリオ暦",
              "originLabel": "0000-01-01 00:00:00",
              "ticksPerDay": "86400",
            },
          ],
          "entities": [
            {
              "createdAt": "2026-10-08T10:34:44.073Z",
              "customValues": {},
              "data": {
                "aliases": [Array],
                "authorNotes": [Array],
                "body": [Array],
                "goals": [Array],
                "reading": "",
                "summary": [Array],
                "voiceRules": [Array],
              },
              "id": "a4c70680-1b7a-4b20-9ab5-5305d677d20f",
              "kind": "character",
              "name": "改名前の話者",
              "projectId": "246a97b0-58fa-49ed-96d5-1dd050152e84",
              "revision": "0",
              "status": "confirmed",
              "updatedAt": "2026-10-08T10:34:44.073Z",
              "visibility": "private",
            },
            {
              "createdAt": "2026-10-08T10:34:44.074Z",
              "customValues": {},
              "data": {
                "choiceEdgeId": null,
                "cueIds": [Array],
                "originLineIds": [Array],
                "speakerId": "a4c70680-1b7a-4b20-9ab5-5305d677d20f",
                "text": [Array],
              },
              "id": "95d1d24f-04c1-4299-ae64-c27467c3d673",
              "kind": "dialogue_line",
              "name": "原台詞L1",
              "projectId": "246a97b0-58fa-49ed-96d5-1dd050152e84",
              "revision": "0",
              "status": "confirmed",
              "updatedAt": "2026-10-08T10:34:44.074Z",
              "visibility": "private",
            },
            {
              "createdAt": "2026-10-08T10:34:44.074Z",
              "customValues": {},
              "data": {
                "anchor": [Object],
                "attachmentId": null,
                "camera": null,
                "cueType": "sound",
                "expression": "",
                "mediaTime": 123,
                "speakerId": null,
                "stage": "",
                "waitMs": 456,
              },
              "id": "f73d09b3-d75f-4770-9ae3-b3363f67e0b7",
              "kind": "cue",
              "name": "右側の音声",
              "projectId": "246a97b0-58fa-49ed-96d5-1dd050152e84",
              "revision": "0",
              "status": "confirmed",
              "updatedAt": "2026-10-08T10:34:44.074Z",
              "visibility": "private",
            },
            {
              "createdAt": "2026-10-08T10:34:44.074Z",
              "customValues": {},
              "data": {
                "authorNotes": [Array],
                "blockIds": [Array],
                "body": [Array],
                "chapterId": null,
                "conflicts": [Array],
                "dialogueLineIds": [Array],
                "eventIds": [Array],
                "goals": [Array],
                "importance": null,
                "newInformation": [Array],
                "povId": null,
                "results": [Array],
                "summary": [Array],
                "tension": null,
                "threadIds": [Array],
              },
              "id": "1008003b-eda9-4ef4-9241-123d0f51723a",
              "kind": "scene",
              "name": "原場面",
              "projectId": "246a97b0-58fa-49ed-96d5-1dd050152e84",
              "revision": "0",
              "status": "confirmed",
              "updatedAt": "2026-10-08T10:34:44.074Z",
              "visibility": "private",
            },
            {
              "createdAt": "2026-10-08T10:34:44.075Z",
              "customValues": {},
              "data": {
                "language": "en",
                "recordingIds": [Array],
                "reviewedBy": null,
                "sourceHash": "a7210b2c5de88a541acc084e8d25cd35299c2d8b0781e8eb80483aac0dbb1a07",
                "sourceLineId": "95d1d24f-04c1-4299-ae64-c27467c3d673",
                "stage": "reviewed",
                "text": [Array],
              },
              "id": "c87ec4b8-ac72-4e48-bdcb-d364c75540de",
              "kind": "localization",
              "name": "翻訳L1",
              "projectId": "246a97b0-58fa-49ed-96d5-1dd050152e84",
              "revision": "0",
              "status": "confirmed",
              "updatedAt": "2026-10-08T10:34:44.075Z",
              "visibility": "private",
            },
            {
              "createdAt": "2026-10-08T10:34:44.076Z",
              "customValues": {},
              "data": {
                "attachmentId": null,
                "language": "ja",
                "notes": [Array],
                "reviewedBy": null,
                "sourceHash": "a7210b2c5de88a541acc084e8d25cd35299c2d8b0781e8eb80483aac0dbb1a07",
                "sourceLineId": "95d1d24f-04c1-4299-ae64-c27467c3d673",
                "stage": "reviewed",
                "translationId": null,
              },
              "id": "23728e1e-1337-40f5-8eb6-50a93fff035f",
              "kind": "recording",
              "name": "収録L1",
              "projectId": "246a97b0-58fa-49ed-96d5-1dd050152e84",
              "revision": "0",
              "status": "confirmed",
              "updatedAt": "2026-10-08T10:34:44.076Z",
              "visibility": "private",
            },
            {
              "createdAt": "2026-10-08T10:34:44.081Z",
              "customValues": {},
              "data": {
                "contentHash": "7e6f13ba93572217ec28bd115f8188f018f88fbb574301458a30d616628f1115",
                "immutable": true,
                "parentVersionIds": [Array],
                "referencedWorldVersionIds": [Array],
                "releasedAt": null,
                "versionLabel": "変更前の公開版",
              },
              "id": "107262be-cbf8-4557-9256-5165c6ebbb50",
              "kind": "snapshot",
              "name": "変更前の公開版",
              "projectId": "246a97b0-58fa-49ed-96d5-1dd050152e84",
              "revision": "0",
              "status": "provisional",
              "updatedAt": "2026-10-08T10:34:44.081Z",
              "visibility": "private",
            },
          ],
          "formatVersion": "1.0.0",
          "mainStart": "0",
          "name": "台詞・資料の対応確認",
          "projectId": "246a97b0-58fa-49ed-96d5-1dd050152e84",
          "relations": [],
          "revision": "1",
          "snapshots": [
            {
              "content": {
                "calendarId": "proleptic-gregorian-second",
                "calendars": [Array],
                "entities": [Array],
                "formatVersion": "1.0.0",
                "mainStart": "0",
                "name": "台詞・資料の対応確認",
                "projectId": "246a97b0-58fa-49ed-96d5-1dd050152e84",
                "relations": [Array],
                "revision": "0",
                "views": [Array],
                "worldReferences": [Array],
              },
              "contentHash": "7e6f13ba93572217ec28bd115f8188f018f88fbb574301458a30d616628f1115",
              "createdAt": "2026-10-08T10:34:44.081Z",
              "id": "107262be-cbf8-4557-9256-5165c6ebbb50",
              "versionLabel": "変更前の公開版",
            },
          ],
          "views": [],
          "worldReferences": [],
        },
        "baseRevision": "0",
        "before": {
          "calendarId": "proleptic-gregorian-second",
          "calendars": [
            {
              "id": "proleptic-gregorian-second",
              "kind": "gregorian",
              "name": "先発グレゴリオ暦",
              "originLabel": "0000-01-01 00:00:00",
              "ticksPerDay": "86400",
            },
          ],
          "entities": [],
          "formatVersion": "1.0.0",
          "mainStart": "0",
          "name": "台詞・資料の対応確認",
          "projectId": "246a97b0-58fa-49ed-96d5-1dd050152e84",
          "relations": [],
          "revision": "0",
          "snapshots": [],
          "views": [],
          "worldReferences": [],
        },
        "createdAt": "2026-10-08T10:34:44.082Z",
        "operationId": "85de7493-938e-46b0-8397-3677bc672ea1",
        "projectId": "246a97b0-58fa-49ed-96d5-1dd050152e84",
        "reason": "元の台詞を保存",
        "revision": "1",
        "targetIds": [
          "a4c70680-1b7a-4b20-9ab5-5305d677d20f",
          "95d1d24f-04c1-4299-ae64-c27467c3d673",
          "f73d09b3-d75f-4770-9ae3-b3363f67e0b7",
          "1008003b-eda9-4ef4-9241-123d0f51723a",
          "c87ec4b8-ac72-4e48-bdcb-d364c75540de",
          "23728e1e-1337-40f5-8eb6-50a93fff035f",
          "107262be-cbf8-4557-9256-5165c6ebbb50",
          "246a97b0-58fa-49ed-96d5-1dd050152e84",
        ],
      },
    ],
    "mainStart": "0",
    "name": "台詞・資料の対応確認",
    "projectId": "246a97b0-58fa-49ed-96d5-1dd050152e84",
    "relations": [],
    "revision": "1",
    "snapshots": [
      {
        "content": {
          "calendarId": "proleptic-gregorian-second",
          "calendars": [
            {
              "id": "proleptic-gregorian-second",
              "kind": "gregorian",
              "name": "先発グレゴリオ暦",
              "originLabel": "0000-01-01 00:00:00",
              "ticksPerDay": "86400",
            },
          ],
          "entities": [
            {
              "createdAt": "2026-10-08T10:34:44.073Z",
              "customValues": {},
              "data": {
                "aliases": [Array],
                "authorNotes": [Array],
                "body": [Array],
                "goals": [Array],
                "reading": "",
                "summary": [Array],
                "voiceRules": [Array],
              },
              "id": "a4c70680-1b7a-4b20-9ab5-5305d677d20f",
              "kind": "character",
              "name": "改名前の話者",
              "projectId": "246a97b0-58fa-49ed-96d5-1dd050152e84",
              "revision": "0",
              "status": "confirmed",
              "updatedAt": "2026-10-08T10:34:44.073Z",
              "visibility": "private",
            },
            {
              "createdAt": "2026-10-08T10:34:44.074Z",
              "customValues": {},
              "data": {
                "choiceEdgeId": null,
                "cueIds": [Array],
                "originLineIds": [Array],
                "speakerId": "a4c70680-1b7a-4b20-9ab5-5305d677d20f",
                "text": [Array],
              },
              "id": "95d1d24f-04c1-4299-ae64-c27467c3d673",
              "kind": "dialogue_line",
              "name": "原台詞L1",
              "projectId": "246a97b0-58fa-49ed-96d5-1dd050152e84",
              "revision": "0",
              "status": "confirmed",
              "updatedAt": "2026-10-08T10:34:44.074Z",
              "visibility": "private",
            },
            {
              "createdAt": "2026-10-08T10:34:44.074Z",
              "customValues": {},
              "data": {
                "anchor": [Object],
                "attachmentId": null,
                "camera": null,
                "cueType": "sound",
                "expression": "",
                "mediaTime": 123,
                "speakerId": null,
                "stage": "",
                "waitMs": 456,
              },
              "id": "f73d09b3-d75f-4770-9ae3-b3363f67e0b7",
              "kind": "cue",
              "name": "右側の音声",
              "projectId": "246a97b0-58fa-49ed-96d5-1dd050152e84",
              "revision": "0",
              "status": "confirmed",
              "updatedAt": "2026-10-08T10:34:44.074Z",
              "visibility": "private",
            },
            {
              "createdAt": "2026-10-08T10:34:44.074Z",
              "customValues": {},
              "data": {
                "authorNotes": [Array],
                "blockIds": [Array],
                "body": [Array],
                "chapterId": null,
                "conflicts": [Array],
                "dialogueLineIds": [Array],
                "eventIds": [Array],
                "goals": [Array],
                "importance": null,
                "newInformation": [Array],
                "povId": null,
                "results": [Array],
                "summary": [Array],
                "tension": null,
                "threadIds": [Array],
              },
              "id": "1008003b-eda9-4ef4-9241-123d0f51723a",
              "kind": "scene",
              "name": "原場面",
              "projectId": "246a97b0-58fa-49ed-96d5-1dd050152e84",
              "revision": "0",
              "status": "confirmed",
              "updatedAt": "2026-10-08T10:34:44.074Z",
              "visibility": "private",
            },
            {
              "createdAt": "2026-10-08T10:34:44.075Z",
              "customValues": {},
              "data": {
                "language": "en",
                "recordingIds": [Array],
                "reviewedBy": null,
                "sourceHash": "a7210b2c5de88a541acc084e8d25cd35299c2d8b0781e8eb80483aac0dbb1a07",
                "sourceLineId": "95d1d24f-04c1-4299-ae64-c27467c3d673",
                "stage": "reviewed",
                "text": [Array],
              },
              "id": "c87ec4b8-ac72-4e48-bdcb-d364c75540de",
              "kind": "localization",
              "name": "翻訳L1",
              "projectId": "246a97b0-58fa-49ed-96d5-1dd050152e84",
              "revision": "0",
              "status": "confirmed",
              "updatedAt": "2026-10-08T10:34:44.075Z",
              "visibility": "private",
            },
            {
              "createdAt": "2026-10-08T10:34:44.076Z",
              "customValues": {},
              "data": {
                "attachmentId": null,
                "language": "ja",
                "notes": [Array],
                "reviewedBy": null,
                "sourceHash": "a7210b2c5de88a541acc084e8d25cd35299c2d8b0781e8eb80483aac0dbb1a07",
                "sourceLineId": "95d1d24f-04c1-4299-ae64-c27467c3d673",
                "stage": "reviewed",
                "translationId": null,
              },
              "id": "23728e1e-1337-40f5-8eb6-50a93fff035f",
              "kind": "recording",
              "name": "収録L1",
              "projectId": "246a97b0-58fa-49ed-96d5-1dd050152e84",
              "revision": "0",
              "status": "confirmed",
              "updatedAt": "2026-10-08T10:34:44.076Z",
              "visibility": "private",
            },
          ],
          "formatVersion": "1.0.0",
          "mainStart": "0",
          "name": "台詞・資料の対応確認",
          "projectId": "246a97b0-58fa-49ed-96d5-1dd050152e84",
          "relations": [],
          "revision": "0",
          "views": [],
          "worldReferences": [],
        },
        "contentHash": "7e6f13ba93572217ec28bd115f8188f018f88fbb574301458a30d616628f1115",
        "createdAt": "2026-10-08T10:34:44.081Z",
        "id": "107262be-cbf8-4557-9256-5165c6ebbb50",
        "versionLabel": "変更前の公開版",
      },
    ],
    "views": [],
    "worldReferences": [],
  },
}

 ❯ src/storage/rb07Production.test.ts:29:38


⎯⎯⎯⎯⎯⎯⎯⎯⎯⎯⎯⎯⎯⎯⎯⎯⎯⎯⎯⎯⎯⎯⎯⎯[1/3]⎯

 FAIL  src/storage/rb07Production.test.ts > RB07 authored production workflow and complete recovery > merges adjacent same-speaker lines into fresh IDs and blocks, keeps intents/reasons, relocates precise anchors and leaves existing audio mappings for review
AssertionError: expected { ok: true, value: { …(13) } } to deeply equal []

- Expected:
[]

+ Received:
{
  "ok": true,
  "value": {
    "calendarId": "proleptic-gregorian-second",
    "calendars": [
      {
        "id": "proleptic-gregorian-second",
        "kind": "gregorian",
        "name": "先発グレゴリオ暦",
        "originLabel": "0000-01-01 00:00:00",
        "ticksPerDay": "86400",
      },
    ],
    "entities": [
      {
        "createdAt": "2026-10-08T10:34:44.162Z",
        "customValues": {},
        "data": {
          "aliases": [],
          "authorNotes": [],
          "body": [],
          "goals": [],
          "reading": "",
          "summary": [],
          "voiceRules": [],
        },
        "id": "2629fb7a-3c4c-48f6-94e2-b86c96c1cdbd",
        "kind": "character",
        "name": "改名前の話者",
        "projectId": "e923d149-6df6-493d-8847-fe2269df33be",
        "revision": "0",
        "status": "confirmed",
        "updatedAt": "2026-10-08T10:34:44.162Z",
        "visibility": "private",
      },
      {
        "createdAt": "2026-10-08T10:34:44.162Z",
        "customValues": {},
        "data": {
          "assertionReason": "第一の根拠",
          "choiceEdgeId": null,
          "cueIds": [
            "c7c8582d-9211-4f1f-b459-35a8c75b0898",
          ],
          "originLineIds": [],
          "replacedByLineIds": [
            "985ca287-ed5b-4972-b0c5-5ede1e9572a7",
          ],
          "speakerId": "2629fb7a-3c4c-48f6-94e2-b86c96c1cdbd",
          "text": [
            {
              "id": "f86c3157-958b-4139-bf36-cccad82b2d1f",
              "kind": "paragraph",
              "links": [
                [Object],
              ],
              "ruby": [
                [Object],
              ],
              "text": "😀赤い扉へ帰る",
            },
          ],
        },
        "id": "51754874-5d7f-482c-9a47-bd1446a653a3",
        "kind": "dialogue_line",
        "name": "原台詞L1",
        "projectId": "e923d149-6df6-493d-8847-fe2269df33be",
        "revision": "0",
        "status": "rejected",
        "updatedAt": "2026-10-08T10:34:44.162Z",
        "visibility": "private",
      },
      {
        "createdAt": "2026-10-08T10:34:44.162Z",
        "customValues": {},
        "data": {
          "anchor": {
            "blockId": "afb53a1f-480b-4fd6-8ca8-525244e13045",
            "end": 7,
            "entityId": "985ca287-ed5b-4972-b0c5-5ede1e9572a7",
            "lineId": "985ca287-ed5b-4972-b0c5-5ede1e9572a7",
            "start": 5,
          },
          "attachmentId": null,
          "camera": null,
          "cueType": "sound",
          "expression": "",
          "mediaTime": 123,
          "speakerId": null,
          "stage": "",
          "waitMs": 456,
        },
        "id": "c7c8582d-9211-4f1f-b459-35a8c75b0898",
        "kind": "cue",
        "name": "右側の音声",
        "projectId": "e923d149-6df6-493d-8847-fe2269df33be",
        "revision": "0",
        "status": "confirmed",
        "updatedAt": "2026-10-08T10:34:44.162Z",
        "visibility": "private",
      },
      {
        "createdAt": "2026-10-08T10:34:44.162Z",
        "customValues": {},
        "data": {
          "authorNotes": [],
          "blockIds": [],
          "body": [],
          "chapterId": null,
          "conflicts": [],
          "dialogueLineIds": [
            "985ca287-ed5b-4972-b0c5-5ede1e9572a7",
          ],
          "eventIds": [],
          "goals": [],
          "importance": null,
          "newInformation": [],
          "povId": null,
          "results": [],
          "summary": [],
          "tension": null,
          "threadIds": [],
        },
        "id": "c851537f-cac0-475a-83de-32aaec2c975e",
        "kind": "scene",
        "name": "原場面",
        "projectId": "e923d149-6df6-493d-8847-fe2269df33be",
        "revision": "0",
        "status": "confirmed",
        "updatedAt": "2026-10-08T10:34:44.162Z",
        "visibility": "private",
      },
      {
        "createdAt": "2026-10-08T10:34:44.162Z",
        "customValues": {},
        "data": {
          "language": "en",
          "recordingIds": [],
          "reviewedBy": null,
          "sourceHash": "678ede0c17618958abdd9bfc16cc072b500c31ffd4eb4433204d940d96b06c3c",
          "sourceLineId": "51754874-5d7f-482c-9a47-bd1446a653a3",
          "stage": "needs_review",
          "text": [
            {
              "id": "7d5ca51b-8032-4357-93e1-420ed2d17898",
              "kind": "paragraph",
              "text": "Return to the red door.",
            },
          ],
        },
        "id": "b946aae7-f78b-49fb-82ed-df92f9be40da",
        "kind": "localization",
        "name": "翻訳L1",
        "projectId": "e923d149-6df6-493d-8847-fe2269df33be",
        "revision": "0",
        "status": "confirmed",
        "updatedAt": "2026-10-08T10:34:44.162Z",
        "visibility": "private",
      },
      {
        "createdAt": "2026-10-08T10:34:44.162Z",
        "customValues": {},
        "data": {
          "attachmentId": null,
          "language": "ja",
          "notes": [],
          "reviewedBy": null,
          "sourceHash": "678ede0c17618958abdd9bfc16cc072b500c31ffd4eb4433204d940d96b06c3c",
          "sourceLineId": "51754874-5d7f-482c-9a47-bd1446a653a3",
          "stage": "needs_review",
          "translationId": null,
        },
        "id": "b66c3981-53a0-4e84-94dd-86bde7dfc1e3",
        "kind": "recording",
        "name": "収録L1",
        "projectId": "e923d149-6df6-493d-8847-fe2269df33be",
        "revision": "0",
        "status": "confirmed",
        "updatedAt": "2026-10-08T10:34:44.162Z",
        "visibility": "private",
      },
      {
        "createdAt": "2026-10-08T10:34:44.162Z",
        "customValues": {},
        "data": {
          "assertionReason": "第二の根拠",
          "choiceEdgeId": null,
          "cueIds": [],
          "originLineIds": [],
          "replacedByLineIds": [
            "985ca287-ed5b-4972-b0c5-5ede1e9572a7",
          ],
          "speakerId": "2629fb7a-3c4c-48f6-94e2-b86c96c1cdbd",
          "text": [
            {
              "id": "410dd948-7d40-478e-9fb8-6484a89995e7",
              "kind": "paragraph",
              "text": "次の一言",
            },
          ],
        },
        "id": "227441cd-67b7-464b-81de-9b515f6c4cc0",
        "kind": "dialogue_line",
        "name": "原台詞L2",
        "projectId": "e923d149-6df6-493d-8847-fe2269df33be",
        "revision": "0",
        "status": "rejected",
        "updatedAt": "2026-10-08T10:34:44.162Z",
        "visibility": "private",
      },
      {
        "createdAt": "2026-10-08T10:34:44.162Z",
        "customValues": {},
        "data": {
          "assertionReason": "第一の根拠
第二の根拠",
          "choiceEdgeId": null,
          "claimAssertionIds": [],
          "cueIds": [
            "c7c8582d-9211-4f1f-b459-35a8c75b0898",
          ],
          "lineage": {
            "baseRevision": "0",
            "mode": "merge",
            "reason": "同じ収録単位",
            "segments": [
              {
                "source": [Object],
                "target": [Object],
              },
              {
                "source": [Object],
                "target": [Object],
              },
            ],
          },
          "originLineIds": [
            "51754874-5d7f-482c-9a47-bd1446a653a3",
            "227441cd-67b7-464b-81de-9b515f6c4cc0",
          ],
          "speakerId": "2629fb7a-3c4c-48f6-94e2-b86c96c1cdbd",
          "text": [
            {
              "id": "afb53a1f-480b-4fd6-8ca8-525244e13045",
              "kind": "paragraph",
              "links": [
                [Object],
              ],
              "ruby": [
                [Object],
              ],
              "text": "😀赤い扉へ帰る",
            },
            {
              "id": "78587783-8e1b-4106-b04c-0c469014426a",
              "kind": "paragraph",
              "text": "次の一言",
            },
          ],
        },
        "id": "985ca287-ed5b-4972-b0c5-5ede1e9572a7",
        "kind": "dialogue_line",
        "name": "原台詞L1 · 統合",
        "projectId": "e923d149-6df6-493d-8847-fe2269df33be",
        "revision": "0",
        "status": "confirmed",
        "updatedAt": "2026-10-08T10:34:44.162Z",
        "visibility": "private",
      },
    ],
    "formatVersion": "1.0.0",
    "history": [],
    "mainStart": "0",
    "name": "台詞・資料の対応確認",
    "projectId": "e923d149-6df6-493d-8847-fe2269df33be",
    "relations": [],
    "revision": "0",
    "snapshots": [],
    "views": [],
    "worldReferences": [],
  },
}

 ❯ src/storage/rb07Production.test.ts:46:254


⎯⎯⎯⎯⎯⎯⎯⎯⎯⎯⎯⎯⎯⎯⎯⎯⎯⎯⎯⎯⎯⎯⎯⎯[2/3]⎯

 FAIL  src/storage/rb07Production.test.ts > RB07 authored production workflow and complete recovery > saves accessed real time, source provenance, attachment bytes and ms cues separately; missing metadata remains missing and material replacement keeps pinned versions
StorageError: project.entities[7].data.accessedAt: UTCのRFC 3339日時を指定してください。
 ❯ validatedCurrent src/storage/store.ts:174:19
    172|   const result = validateCurrentProject(input, { worldSnapshots }, pre…
    173|   if (!result.ok) {
    174|     const error = new StorageError('VALIDATION_FAILED', result.issues.…
       |                   ^
    175|     Object.assign(error, { issues: result.issues });
    176|     throw error;
 ❯ ScenarioStore.saveProject src/storage/store.ts:654:19
 ❯ src/storage/rb07Production.test.ts:57:704

⎯⎯⎯⎯⎯⎯⎯⎯⎯⎯⎯⎯⎯⎯⎯⎯⎯⎯⎯⎯⎯⎯⎯⎯[3/3]⎯


 Test Files  1 failed (1)
      Tests  3 failed | 3 passed (6)
   Start at  10:34:43
   Duration  1.15s (transform 68%, tests 21%, import 10%, worker 1%)

