
> shinariokanri@0.1.0 test
> vitest run src/storage/rb07Production.test.ts --testTimeout=30000


 RUN  v5.0.3 /workspace/shinariokanri-rb07

 ❯ src/storage/rb07Production.test.ts (10 tests | 2 failed) 493ms
   ❯ RB07 authored production workflow and complete recovery (10)
     × observes literal Unicode reading/spelling in source, translation and caption; rejected, expired, unknown and old-edition rules never become an approval 8ms
     × exports only task-assigned deliverables and their material dependencies, keeps stable public IDs and never exposes the private assignee ID 1ms

⎯⎯⎯⎯⎯⎯⎯ Failed Tests 2 ⎯⎯⎯⎯⎯⎯⎯

 FAIL  src/storage/rb07Production.test.ts > RB07 authored production workflow and complete recovery > observes literal Unicode reading/spelling in source, translation and caption; rejected, expired, unknown and old-edition rules never become an approval
AssertionError: expected [ { …(8) }, { …(8) }, { …(8) }, …(1) ] to deeply equal []

- Expected
+ Received

- []
+ [
+   {
+     "anchor": {
+       "blockId": "792196b1-d92a-4ec0-9e13-85fcf6f3f447",
+       "end": 4,
+       "entityId": "02a3b2e6-4aac-42b4-a7b0-7d2aa2b3520f",
+       "lineId": "02a3b2e6-4aac-42b4-a7b0-7d2aa2b3520f",
+       "start": 1,
+     },
+     "id": "02a3b2e6-4aac-42b4-a7b0-7d2aa2b3520f:530edfa4-dc1b-4f00-8f28-28e82a4f567e:792196b1-d92a-4ec0-9e13-85fcf6f3f447:1:reading",
+     "kind": "reading",
+     "lineId": "02a3b2e6-4aac-42b4-a7b0-7d2aa2b3520f",
+     "message": "読みを確認：「赤い扉」・用語の読み「あかいとびら」・本文ルビ「未指定」。",
+     "reasons": [],
+     "ruleId": "530edfa4-dc1b-4f00-8f28-28e82a4f567e",
+     "value": "true",
+   },
+   {
+     "anchor": {
+       "blockId": "8498b71d-0e0b-47d5-80df-3a407645711e",
+       "end": 4,
+       "entityId": "13d2a593-c0c2-48bb-9664-28d54944e216",
+       "start": 1,
+     },
+     "id": "13d2a593-c0c2-48bb-9664-28d54944e216:530edfa4-dc1b-4f00-8f28-28e82a4f567e:8498b71d-0e0b-47d5-80df-3a407645711e:1:spelling",
+     "kind": "spelling",
+     "lineId": "13d2a593-c0c2-48bb-9664-28d54944e216",
+     "message": "表記候補「赤き扉」・標準「赤い扉」。許容する表記か作者が確認します。",
+     "reasons": [],
+     "ruleId": "530edfa4-dc1b-4f00-8f28-28e82a4f567e",
+     "value": "true",
+   },
+   {
+     "anchor": {
+       "blockId": "8498b71d-0e0b-47d5-80df-3a407645711e",
+       "end": 4,
+       "entityId": "13d2a593-c0c2-48bb-9664-28d54944e216",
+       "start": 1,
+     },
+     "id": "13d2a593-c0c2-48bb-9664-28d54944e216:530edfa4-dc1b-4f00-8f28-28e82a4f567e:8498b71d-0e0b-47d5-80df-3a407645711e:1:reading",
+     "kind": "reading",
+     "lineId": "13d2a593-c0c2-48bb-9664-28d54944e216",
+     "message": "読みを確認：「赤き扉」・用語の読み「あかいとびら」・本文ルビ「未指定」。",
+     "reasons": [],
+     "ruleId": "530edfa4-dc1b-4f00-8f28-28e82a4f567e",
+     "value": "true",
+   },
+   {
+     "anchor": {
+       "blockId": "2281f3e9-0ef3-4628-bc08-ab37c080077f",
+       "end": 4,
+       "entityId": "331d7bd0-68b1-456b-b019-9982872f5a3e",
+       "start": 1,
+     },
+     "id": "331d7bd0-68b1-456b-b019-9982872f5a3e:530edfa4-dc1b-4f00-8f28-28e82a4f567e:2281f3e9-0ef3-4628-bc08-ab37c080077f:1:reading",
+     "kind": "reading",
+     "lineId": "331d7bd0-68b1-456b-b019-9982872f5a3e",
+     "message": "読みを確認：「赤い扉」・用語の読み「あかいとびら」・本文ルビ「未指定」。",
+     "reasons": [],
+     "ruleId": "530edfa4-dc1b-4f00-8f28-28e82a4f567e",
+     "value": "true",
+   },
+ ]

 ❯ src/storage/rb07Production.test.ts:73:465


⎯⎯⎯⎯⎯⎯⎯⎯⎯⎯⎯⎯⎯⎯⎯⎯⎯⎯⎯⎯⎯⎯⎯⎯[1/2]⎯

 FAIL  src/storage/rb07Production.test.ts > RB07 authored production workflow and complete recovery > exports only task-assigned deliverables and their material dependencies, keeps stable public IDs and never exposes the private assignee ID
TypeError: buildExport is not a function
 ❯ src/storage/rb07Production.test.ts:79:831


⎯⎯⎯⎯⎯⎯⎯⎯⎯⎯⎯⎯⎯⎯⎯⎯⎯⎯⎯⎯⎯⎯⎯⎯[2/2]⎯


 Test Files  1 failed (1)
      Tests  2 failed | 8 passed (10)
   Start at  11:04:39
   Duration  1.17s (tests 46%, transform 43%, import 10%)

