
 RUN  v5.0.3 /tmp/shinariokanri-independent-rb09-4d14113

 ❯ tests/independent-rb09-authority-boundaries.test.ts (5 tests | 2 failed) 77ms
   × R9E05 expired conflict-resolution authorization rejects before updating local choices/confirmed base/prepared command 17ms
   × R9E06 a recovery approval created before authorization expiry cannot adopt active editor values after expiry 9ms

⎯⎯⎯⎯⎯⎯⎯ Failed Tests 2 ⎯⎯⎯⎯⎯⎯⎯

 FAIL  tests/independent-rb09-authority-boundaries.test.ts > R9E05 expired conflict-resolution authorization rejects before updating local choices/confirmed base/prepared command
SyncProtocolError: PROTOCOL_INVALID
 ❯ assertAck src/sync/validation.ts:19:11
     17|   }
     18|   if (ack.status === 'conflict' && !sameValue(ack.conflicts, expectedC…
     19|     throw new SyncProtocolError('PROTOCOL_INVALID');
       |           ^
     20|   }
     21| }
 ❯ ScopedEditorStore.acknowledge src/sync/editorStore.ts:21:440
 ❯ tests/independent-rb09-authority-boundaries.test.ts:17:870

⎯⎯⎯⎯⎯⎯⎯⎯⎯⎯⎯⎯⎯⎯⎯⎯⎯⎯⎯⎯⎯⎯⎯⎯[1/2]⎯

 FAIL  tests/independent-rb09-authority-boundaries.test.ts > R9E06 a recovery approval created before authorization expiry cannot adopt active editor values after expiry
AssertionError: expected undefined to match object { code: 'FORBIDDEN' }

- Expected:
{
  "code": "FORBIDDEN",
}

+ Received:
undefined

 ❯ tests/independent-rb09-authority-boundaries.test.ts:18:638


⎯⎯⎯⎯⎯⎯⎯⎯⎯⎯⎯⎯⎯⎯⎯⎯⎯⎯⎯⎯⎯⎯⎯⎯[2/2]⎯


 Test Files  1 failed (1)
      Tests  2 failed | 3 passed (5)
   Start at  20:32:43
   Duration  556ms (transform 62%, tests 18%, import 18%, worker 2%)

