
 RUN  v5.0.3 /tmp/shinariokanri-independent-rb09-4d14113

 ❯ tests/independent-rb09-authority-boundaries.test.ts (5 tests | 2 failed) 65ms
   × R9E05 expired conflict-resolution authorization rejects before updating local choices/confirmed base/prepared command 22ms
   × R9E06 a recovery approval created before authorization expiry cannot adopt active editor values after expiry 6ms

⎯⎯⎯⎯⎯⎯⎯ Failed Tests 2 ⎯⎯⎯⎯⎯⎯⎯

 FAIL  tests/independent-rb09-authority-boundaries.test.ts > R9E05 expired conflict-resolution authorization rejects before updating local choices/confirmed base/prepared command
AssertionError: expected undefined to match object { code: 'FORBIDDEN' }

- Expected:
{
  "code": "FORBIDDEN",
}

+ Received:
undefined

 ❯ tests/independent-rb09-authority-boundaries.test.ts:18:1321


⎯⎯⎯⎯⎯⎯⎯⎯⎯⎯⎯⎯⎯⎯⎯⎯⎯⎯⎯⎯⎯⎯⎯⎯[1/2]⎯

 FAIL  tests/independent-rb09-authority-boundaries.test.ts > R9E06 a recovery approval created before authorization expiry cannot adopt active editor values after expiry
AssertionError: expected undefined to match object { code: 'FORBIDDEN' }

- Expected:
{
  "code": "FORBIDDEN",
}

+ Received:
undefined

 ❯ tests/independent-rb09-authority-boundaries.test.ts:19:638


⎯⎯⎯⎯⎯⎯⎯⎯⎯⎯⎯⎯⎯⎯⎯⎯⎯⎯⎯⎯⎯⎯⎯⎯[2/2]⎯


 Test Files  1 failed (1)
      Tests  2 failed | 3 passed (5)
   Start at  20:34:00
   Duration  459ms (transform 63%, tests 18%, import 18%, worker 1%)

