
> shinariokanri@0.1.0 pretest
> node scripts/build/portable-runtime.mjs

Production portable runtime generated: 144259 characters

> shinariokanri@0.1.0 test
> vitest run --reporter=default --reporter=json --outputFile=/tmp/shinariokanri-rb10-c2-unit.json


 RUN  v5.0.3 /workspace/shinariokanri-rb10

stderr | src/storage/rb06Recovery.test.ts > RB06 complete recovery and arbitrary historical selection > retains native file and mapping drafts across restart, and freezes migration restore-point approval
Another connection wants to delete database 'draft-a6030ccc-7acd-4de0-9ceb-b6c4c6626f6f'. Closing db now to resume the delete request.

stderr | src/storage/rb06Recovery.test.ts > RB06 complete recovery and arbitrary historical selection > upgrades a v1 database with genuine old native content by appending operational tables without changing saved IDs or replay
Another connection wants to delete database 'v1-upgrade-fbc10ee7-4b69-48d9-b525-49e9a666d6a5'. Closing db now to resume the delete request.

 ✓ src/storage/rb06Recovery.test.ts (13 tests) 7311ms
   ✓ RB06 complete recovery and arbitrary historical selection (13)
     ✓ preserves a declared item ID shared with runtime inventories through enumeration and clone recovery 1381ms
     ✓ selects history older than fifty, distinguishes unit from whole, freezes approval and retains immutable editions 1189ms
     ✓ atomically maps all source IDs into another project while preserving source timelines and portable pending origins 433ms
     ✓ restores every kind, stable body IDs, selected immutable edition, transitive worlds, author receipts, bytes and ordered pending to empty and clone environments 3692ms
 ✓ src/storage/rb08Handoff.test.ts (17 tests) 2860ms
   ✓ RB08 production handoff and independent portable engine (6)
     ✓ imports consultation text only into a sealed author alternative with source/edition and independent paragraph IDs, then roundtrips without applying canonical text 334ms
   ✓ receives explicit game-owned contracts and stable dialogue/asset IDs, verifies actual mechanics and replay, then atomically saves/reloads/empty-clones the receipt without executing a game from trials 509ms
   ✓ exports independently approved old citations with Unicode positions and distinct old/new asset bytes, verifies receipt, and empty-restores native policies 773ms
   ✓ keeps an explicitly approved world citation on its verified old edition after adoption advances, and refuses absent hashes/cyclic approval 487ms
 ✓ tests/timeResolver.test.ts (5 tests) 11431ms
   ✓ canonical iterative time resolution (5)
     ✓ validates, saves, reloads and restores a real 5,001-event relative chain 11425ms
 ✓ tests/exports.test.ts (21 tests) 2082ms
   ✓ purpose-specific export (21)
     ✓ runs the exported HTML in Chromium, renders active text safely, and restores the complete state 1032ms
     ✓ rolls back every exported effect when a later effect violates an integer bound 670ms
 ✓ tests/timelineLayout.test.ts (5 tests) 1906ms
   ✓ timeline lanes preserve references and all overlapping events (5)
     ✓ represents every resolved ID in the large seeded fixture and every ID is reachable in virtual windows 1625ms
 ✓ src/storage/recordParts.test.ts (5 tests) 1294ms
   ✓ refuses missing, altered, wrong-scope and repeated parts, cyclic graphs, sparse arrays and cancelled work 1245ms
 ✓ src/domain/domain.test.ts (95 tests) 1000ms
   ✓ versioned entity and reference contracts (64)
     ✓ compiles the actual JSON Schema and accepts all-kind/condition/query fixtures while rejecting unknown payloads 879ms
stderr | src/storage/authorAlternativesDurability.test.ts > native author alternative durability > keeps branch-only attachment bytes through save, close/reopen, full backup, and restore
Another connection wants to delete database 'alternative-asset-057549fe-8d5a-4828-b5cf-b6cea8ac1172'. Closing db now to resume the delete request.

stderr | src/storage/rb07Production.test.ts > RB07 authored production workflow and complete recovery > keeps production input and material bytes across reopening; rejects damaged drafts and oversized/active attachments without touching saved author data
Another connection wants to delete database 'rb07-draft-128fe13b-41dd-4fec-b606-8614aaedaa84'. Closing db now to resume the delete request.

stderr | src/storage/authorAlternativesDurability.test.ts > native author alternative durability > keeps reference-valued adoption receipts valid through full backup, clone, reopen, and re-export
Another connection wants to delete database 'alternative-clone-33e6a66c-0326-4b0f-8bde-91520001532c'. Closing db now to resume the delete request.

stderr | src/storage/authorAlternativesDurability.test.ts > native author alternative durability > records removed entities and relations as logically absent across native reopen and full backup
Another connection wants to delete database 'alternative-removal-67fb210d-de2a-47d6-8610-1fd521238aca'. Closing db now to resume the delete request.

 ✓ src/storage/authorAlternativesDurability.test.ts (14 tests) 1549ms
   ✓ native author alternative durability (14)
     ✓ keeps reference-valued adoption receipts valid through full backup, clone, reopen, and re-export 506ms
 ✓ src/storage/rb07Production.test.ts (22 tests) 1453ms
   ✓ RB07 authored production workflow and complete recovery (12)
     ✓ splits Unicode text with ruby, links and positional cue once; atomically retains old IDs, deliverables and immutable editions through empty/clone roundtrips 502ms
stderr | src/storage/performance.test.ts > R06 changed-record saves and portable recovery > loads current editing rows after restart without reading history; retains all history on save/export/empty recovery
Another connection wants to delete database 'lazy-2ab0ca05-34c1-49b5-a25f-efdcaeeced93'. Closing db now to resume the delete request.

stderr | src/storage/storage.test.ts > atomic IndexedDB commands > persists stable IDs, links, original text and huge negative ticks across restart; undo appends history
Another connection wants to delete database 'restart-14cda860-3d7b-499e-b8f8-4fe3c3a4cf3b'. Closing db now to resume the delete request.

stderr | src/storage/performance.test.ts > R06 changed-record saves and portable recovery > retains checkpoints, old revisions and undo across more than 64 compact commands
Another connection wants to delete database 'checkpoints-395f3d43-9237-4442-b7a0-ddc8ec899a71'. Closing db now to resume the delete request.

stderr | src/storage/performance.test.ts > R06 changed-record saves and portable recovery > rejects stale editing tokens, replaced tokens and tampered full history without committing
Another connection wants to delete database 'tokens-4f0df25c-5474-4a2c-8078-7a8b784a086f'. Closing db now to resume the delete request.

stderr | src/storage/performance.test.ts > R06 changed-record saves and portable recovery > preserves an imported revision-zero header in the first compact edit, including after restart
Another connection wants to delete database 'import-zero-4bbfd272-2c1b-4870-900b-6a23ba6552ee'. Closing db now to resume the delete request.

stderr | src/storage/performance.test.ts > R06 changed-record saves and portable recovery > reads legacy v1 full rows/outbox and replays original hashes before adding new deltas
Another connection wants to delete database 'legacy-57821b8a-3d06-4aae-a5f0-e18afd75e06d'. Closing db now to resume the delete request.

stderr | src/storage/performance.test.ts > R06 changed-record saves and portable recovery > rejects a missing delta base and duplicate immutable snapshot IDs
Another connection wants to delete database 'corrupt-4a4e5d99-d70b-483d-afc6-fbc5e0db290f'. Closing db now to resume the delete request.

 ✓ src/storage/performance.test.ts (11 tests) 1059ms
 ✓ src/storage/storage.test.ts (43 tests) 1540ms
 ✓ tests/rb09Features.test.ts (27 tests) 914ms
   ✓ round-trips native confirmed base, prepared batch, history and raw original IDs into a cold new and clone recovery without automatically sending 302ms
 ✓ src/domain/catalogPerformance.test.ts (4 tests) 790ms
   ✓ catalog batch evaluation cost and dependencies (4)
     ✓ reads Standard records at most twice for production, foreshadow, participant and compound queries 476ms
     ✓ uses the same linear batch path for a saved dynamic collection 311ms
 ✓ src/storage/worldPins.test.ts (8 tests) 459ms
 ✓ tests/rb05-edition-extra.test.ts (9 tests) 909ms
stderr | src/storage/rb09Sync.test.ts > native prepared synchronization (contract server, not real Auth/RLS/Storage) > prepares from confirmed common base rather than the last local command, merges separate fields, persists ack and reopens the same native edition
Another connection wants to delete database 'rb09-74c322d9-4b1e-429d-aa65-eac24109e3ab'. Closing db now to resume the delete request.

stderr | src/storage/rb09Sync.test.ts > native prepared synchronization (contract server, not real Auth/RLS/Storage) > keeps the entire rejected batch and base/local/server alternatives across cold reopen, rejects changed approval, and confirms an explicit server resolution
Another connection wants to delete database 'rb09-f2af3c96-c99a-4203-a57d-f42a04091eae'. Closing db now to resume the delete request.

 ✓ src/storage/rb09Sync.test.ts (5 tests) 619ms
stderr | src/storage/flowWorldDurability.test.ts > RV04 exact fixed world across native save, restore and clone (fake IndexedDB) > keeps gate, borrowed values, saved replay and hashes tied to the old edition after world revision
Another connection wants to delete database 'flow-world-22934b27-5f7b-4757-ad67-ae0c73a4c7b3'. Closing db now to resume the delete request.

 ✓ src/storage/flowWorldDurability.test.ts (2 tests) 628ms
   ✓ RV04 exact fixed world across native save, restore and clone (fake IndexedDB) (2)
     ✓ keeps gate, borrowed values, saved replay and hashes tied to the old edition after world revision 439ms
stderr | src/storage/cacheConcurrency.test.ts > does not repopulate caches when an initial uncached read resumes after close
Another connection wants to delete database 'cache-close-453208eb-c4c8-460c-a7f3-5e47eb095e9b'. Closing db now to resume the delete request.

 ✓ src/storage/cacheConcurrency.test.ts (4 tests) 194ms
 ✓ tests/rb05-reconfirmation.test.ts (7 tests) 394ms
 ✓ tests/runtime.test.ts (35 tests) 311ms
 ✓ tests/rb05-reviewed-regressions.test.ts (9 tests) 284ms
stderr | src/storage/rb10Reviews.test.ts > AT-F29 preserves the original version, Unicode quotation and production task through failure, deletion, stages, cold reload and complete clone restoration
Another connection wants to delete database 'rb10-review-b537bc2c-0f02-4cd3-87c5-f37c13af1b89'. Closing db now to resume the delete request.

 ✓ src/storage/rb10Reviews.test.ts (3 tests) 283ms
stderr | src/storage/authorAlternativeAdoptionGuard.test.ts > rejects unrelated adoption content and forged generated-review metadata atomically, then persists the exact derived review
Another connection wants to delete database 'independent-adoption-guard-a53c1f26-113a-4c11-ba37-ee05e5204e9b'. Closing db now to resume the delete request.

 ✓ src/storage/authorAlternativeAdoptionGuard.test.ts (1 test) 217ms
 ✓ tests/rb05-reuse.test.ts (7 tests) 397ms
 ✓ tests/rb05-edition-boundaries.test.ts (6 tests) 216ms
 ✓ tests/runtime-regressions.test.ts (26 tests) 261ms
 ✓ tests/rb05-structure-reading.test.ts (6 tests) 159ms
 ✓ tests/rb05-native-roundtrip.test.ts (4 tests) 251ms
 ✓ tests/rb05-reuse-boundaries.test.ts (11 tests) 227ms
 ✓ tests/rb05-persistence-boundaries.test.ts (9 tests) 244ms
 ✓ src/storage/rb05StateDurability.test.ts (1 test) 233ms
 ✓ tests/templates.test.ts (34 tests) 251ms
 ✓ src/ui/StructuredDataField.test.ts (11 tests) 101ms
 ✓ tests/timeEditing.test.ts (11 tests) 153ms
 ✓ src/storage/rb10Diagnostics.test.ts (4 tests) 178ms
 ✓ tests/sync.test.ts (40 tests) 108ms
 ✓ tests/rb05-narrative-boundaries.test.ts (14 tests) 93ms
 ✓ tests/readingExportOrder.test.ts (1 test) 40ms
 ✓ src/domain/changeReviews.test.ts (6 tests) 114ms
 ✓ tests/textEditing.test.ts (17 tests) 101ms
 ✓ tests/world.test.ts (17 tests) 64ms
 ✓ tests/presentation.test.ts (13 tests) 83ms
 ✓ tests/conditionEditing.test.ts (6 tests) 93ms
 ✓ tests/rb05-reuse-nested.test.ts (1 test) 69ms
 ✓ tests/rb05-narrative.test.ts (6 tests) 42ms
 ✓ src/domain/maintenance.test.ts (5 tests) 59ms
 ✓ tests/review-runtime-regressions.test.ts (10 tests) 49ms
 ✓ tests/rb05-state-exploration.test.ts (5 tests) 57ms
 ✓ src/ui/SnapshotAnchorPreview.test.ts (2 tests) 36ms
 ✓ src/domain/writingWorkspace.test.ts (11 tests) 38ms
 ✓ tests/rb05-reuse-hierarchy.test.ts (1 test) 41ms
 ✓ src/ui/WritingWorkspace.test.ts (3 tests) 34ms
 ✓ src/ui/Fields.test.ts (3 tests) 33ms
 ✓ tests/projection.test.ts (14 tests) 32ms
 ✓ src/domain/authorAlternativeIntegrity.test.ts (3 tests) 44ms
 ✓ src/domain/catalog.test.ts (10 tests) 25ms
 ✓ src/ui/TextAnnotations.test.ts (1 test) 23ms
 ✓ tests/stateMeaning.test.ts (1 test) 16ms
 ✓ src/domain/linkCandidates.test.ts (7 tests) 30ms
 ✓ tests/production.test.ts (3 tests) 13ms
 ✓ tests/reader-fallback.test.ts (5 tests) 24ms
 ✓ src/storage/recordDictionary.test.ts (4 tests) 23ms
 ✓ tests/maintenance.test.ts (1 test) 13ms
 ✓ src/domain/notes.test.ts (5 tests) 17ms
 ✓ src/domain/publicCatalog.test.ts (2 tests) 12ms
 ✓ tests/attachments.test.ts (3 tests) 9ms
 ✓ src/domain/catalogPositions.test.ts (3 tests) 13ms
 ✓ src/domain/catalogEdits.test.ts (4 tests) 16ms
 ✓ tests/editorNavigation.test.ts (5 tests) 8ms
 ✓ src/domain/referenceChoices.test.ts (3 tests) 12ms
 ✓ src/ui/draftState.test.ts (2 tests) 7ms
 ✓ src/ui/viewPreferences.test.ts (8 tests) 10ms
 ✓ src/domain/worldSources.test.ts (2 tests) 9ms
 ✓ src/ui/AuthorAlternativeDraft.test.ts (2 tests) 5ms
 ✓ tests/editorState.test.ts (2 tests) 6ms
 ✓ tests/diagnostics.test.ts (1 test) 4ms
 ✓ src/storage/jsonValidation.test.ts (2 tests) 7ms
 ✓ src/ui/linkCandidatePreferences.test.ts (2 tests) 5ms
 ✓ src/ui/structuredNumberDrafts.test.ts (3 tests) 4ms
 ✓ tests/performanceFixture.test.ts (2 tests) 151571ms
   ✓ performance dataset provenance (2)
     ✓ produces a deterministic, populated standard fixture with explicit unmeasured asset bytes 333ms
     ✓ includes actual bounded Large materials and restores every byte from a complete file 151230ms

 Test Files  80 passed (80)
      Tests  756 passed (756)
   Start at  02:30:03
   Duration  152.38s (tests 94%, import 4%, transform 2%)

JSON report written to /tmp/shinariokanri-rb10-c2-unit.json
