
 RUN  v5.0.3 /tmp/shinariokanri-independent-rb08-b59fddc

 ❯ tests/independent-rb08-boundaries.test.ts (9 tests | 6 failed) 455ms
   × R8D01 buildGameReceipt captures requests before its first await, later caller progress is a separate operation 63ms
   × R8D02 verifyGameReceipt captures valid received bytes before awaiting package verification 34ms
   × R8D03 durable save rejects rehashed final state that cannot replay from the original received package 130ms
   × R8D04 complete native chapter route reports its actual full origin, independent of empty flow steps 5ms
   × R8D05 normal internal route is not labeled external stub 12ms
   × R8V04 consultation is immutable canonical data until selected adoption, stale approval rejects, archive restores sealed alternative 80ms

⎯⎯⎯⎯⎯⎯⎯ Failed Tests 6 ⎯⎯⎯⎯⎯⎯⎯

 FAIL  tests/independent-rb08-boundaries.test.ts > R8D01 buildGameReceipt captures requests before its first await, later caller progress is a separate operation
AssertionError: expected [ {} ] to deeply equal []

- Expected
+ Received

- []
+ [
+   {},
+ ]

 ❯ tests/independent-rb08-boundaries.test.ts:29:452


⎯⎯⎯⎯⎯⎯⎯⎯⎯⎯⎯⎯⎯⎯⎯⎯⎯⎯⎯⎯⎯⎯⎯⎯[1/6]⎯

 FAIL  tests/independent-rb08-boundaries.test.ts > R8D02 verifyGameReceipt captures valid received bytes before awaiting package verification
Error: INTEGRITY_FAILED: 受領証跡または受取パッケージのhashが一致しません。
 ❯ failure src/domain/gameProtocol.ts:15:46

 ❯ verifyGameReceipt src/domain/gameProtocol.ts:45:1122
 ❯ tests/independent-rb08-boundaries.test.ts:30:359

⎯⎯⎯⎯⎯⎯⎯⎯⎯⎯⎯⎯⎯⎯⎯⎯⎯⎯⎯⎯⎯⎯⎯⎯[2/6]⎯

 FAIL  tests/independent-rb08-boundaries.test.ts > R8D03 durable save rejects rehashed final state that cannot replay from the original received package
AssertionError: expected false to be true // Object.is equality

- Expected
+ Received

- true
+ false

 ❯ tests/independent-rb08-boundaries.test.ts:31:1422


⎯⎯⎯⎯⎯⎯⎯⎯⎯⎯⎯⎯⎯⎯⎯⎯⎯⎯⎯⎯⎯⎯⎯⎯[3/6]⎯

 FAIL  tests/independent-rb08-boundaries.test.ts > R8D04 complete native chapter route reports its actual full origin, independent of empty flow steps
AssertionError: expected 'partial' to be 'full_play' // Object.is equality

Expected: "full_play"
Received: "partial"

 ❯ tests/independent-rb08-boundaries.test.ts:32:338


⎯⎯⎯⎯⎯⎯⎯⎯⎯⎯⎯⎯⎯⎯⎯⎯⎯⎯⎯⎯⎯⎯⎯⎯[4/6]⎯

 FAIL  tests/independent-rb08-boundaries.test.ts > R8D05 normal internal route is not labeled external stub
AssertionError: expected 'stub' to be null // Object.is equality

- Expected:
null

+ Received:
"stub"

 ❯ tests/independent-rb08-boundaries.test.ts:33:1109


⎯⎯⎯⎯⎯⎯⎯⎯⎯⎯⎯⎯⎯⎯⎯⎯⎯⎯⎯⎯⎯⎯⎯⎯[5/6]⎯

 FAIL  tests/independent-rb08-boundaries.test.ts > R8V04 consultation is immutable canonical data until selected adoption, stale approval rejects, archive restores sealed alternative
StorageError: project.authorAlternatives[0].versions[1].content.project.entities[13].data.blockSources.a5f3cba2-b34b-484e-ac97-d7d474b9630c: 参照先が存在しないか、指定した作品・共通世界の範囲外です。
project.history[0].after.authorAlternatives[0].versions[1].content.project.entities[13].data.blockSources.a5f3cba2-b34b-484e-ac97-d7d474b9630c: 参照先が存在しないか、指定した作品・共通世界の範囲外です。
 ❯ validateDurableIntegrity src/storage/store.ts:182:42
    180| async function validateDurableIntegrity(project: ProjectData, worldSna…
    181|   const issues = await validateProjectIntegrity(project, { worldSnapsh…
    182|   if (issues.length) throw Object.assign(new StorageError('VALIDATION_…
       |                                          ^
    183| }
    184|
 ❯ ScenarioStore.saveProject src/storage/store.ts:668:7
 ❯ tests/independent-rb08-boundaries.test.ts:36:753

⎯⎯⎯⎯⎯⎯⎯⎯⎯⎯⎯⎯⎯⎯⎯⎯⎯⎯⎯⎯⎯⎯⎯⎯[6/6]⎯


 Test Files  1 failed (1)
      Tests  6 failed | 3 passed (9)
   Start at  15:10:57
   Duration  1.29s (transform 51%, tests 38%, import 10%)

