3:19:33 PM [vite] (client) Re-optimizing dependencies because vite config has changed

  VITE v8.3.2  ready in 191 ms

  ➜  Local:   http://127.0.0.1:5367/shinariokanri/
3:20:05 PM [vite] (client) page reload independent/production-traces/.playwright-artifacts-0/traces/resources/726fb72d3fc756714fa711413749a2e49e634feb.html
3:20:05 PM [vite] (client) page reload independent/production-traces/.playwright-artifacts-0/traces/resources/726fb72d3fc756714fa711413749a2e49e634feb.html
3:20:05 PM [vite] (client) page reload independent/production-traces/.playwright-artifacts-0/traces/resources/da39a3ee5e6b4b0d3255bfef95601890afd80709.html
3:20:14 PM [vite] (client) page reload independent/production-traces/.playwright-artifacts-0/traces/resources/726fb72d3fc756714fa711413749a2e49e634feb.html
3:20:14 PM [vite] (client) page reload independent/production-traces/.playwright-artifacts-0/traces/resources/da39a3ee5e6b4b0d3255bfef95601890afd80709.html
3:20:15 PM [vite] (client) page reload independent/production-traces/.playwright-artifacts-1/traces/resources/726fb72d3fc756714fa711413749a2e49e634feb.html
3:20:15 PM [vite] (client) page reload independent/production-traces/.playwright-artifacts-1/traces/resources/da39a3ee5e6b4b0d3255bfef95601890afd80709.html
3:20:19 PM [vite] (client) page reload independent/production-traces/.playwright-artifacts-1/traces/resources/a8b9ed3eac37bce5e3fd1d2178c40852c2656b1a.html
3:20:23 PM [vite] (client) page reload independent/production-traces/.playwright-artifacts-1/traces/resources/305796ae73305d26c0a7b2b2c38e9f0feb873aca.html
3:20:23 PM [vite] (client) page reload independent/production-traces/.playwright-artifacts-1/traces/resources/305796ae73305d26c0a7b2b2c38e9f0feb873aca.html
3:20:24 PM [vite] (client) page reload independent/production-traces/.playwright-artifacts-1/traces/resources/726fb72d3fc756714fa711413749a2e49e634feb.html
3:20:24 PM [vite] (client) page reload independent/production-traces/.playwright-artifacts-1/traces/resources/a8b9ed3eac37bce5e3fd1d2178c40852c2656b1a.html
3:20:24 PM [vite] (client) page reload independent/production-traces/.playwright-artifacts-1/traces/resources/da39a3ee5e6b4b0d3255bfef95601890afd80709.html
3:20:24 PM [vite] (client) page reload independent/production-traces/.playwright-artifacts-1/traces/resources/305796ae73305d26c0a7b2b2c38e9f0feb873aca.html
3:27:22 PM [vite] (client) page reload independent/production-traces-final/.playwright-artifacts-0/traces/resources/726fb72d3fc756714fa711413749a2e49e634feb.html
3:27:23 PM [vite] (client) page reload independent/production-traces-final/.playwright-artifacts-0/traces/resources/da39a3ee5e6b4b0d3255bfef95601890afd80709.html
3:27:37 PM [vite] (client) page reload independent/production-traces-final/.playwright-artifacts-0/traces/resources/1026712f81f0460f9701bab6a1536accd6921f99.html
3:27:44 PM [vite] (client) page reload independent/production-traces-final/.playwright-artifacts-0/traces/resources/59d05f74d49ebbd0d7c8eb22570ff168bbdc1a5c.html
3:27:44 PM [vite] (client) page reload independent/production-traces-final/.playwright-artifacts-0/traces/resources/59d05f74d49ebbd0d7c8eb22570ff168bbdc1a5c.html
3:27:52 PM [vite] (client) page reload independent/production-traces-final/.playwright-artifacts-0/traces/resources/470e12d27e32f8b72dd979887fdba6b3f28f62be.html
3:27:53 PM [vite] (client) page reload independent/production-traces-final/.playwright-artifacts-0/traces/resources/1026712f81f0460f9701bab6a1536accd6921f99.html
3:27:53 PM [vite] (client) page reload independent/production-traces-final/.playwright-artifacts-0/traces/resources/726fb72d3fc756714fa711413749a2e49e634feb.html
3:27:53 PM [vite] (client) page reload independent/production-traces-final/.playwright-artifacts-0/traces/resources/da39a3ee5e6b4b0d3255bfef95601890afd80709.html
3:27:53 PM [vite] (client) page reload independent/production-traces-final/.playwright-artifacts-0/traces/resources/59d05f74d49ebbd0d7c8eb22570ff168bbdc1a5c.html
3:27:53 PM [vite] (client) page reload independent/production-traces-final/.playwright-artifacts-0/traces/resources/470e12d27e32f8b72dd979887fdba6b3f28f62be.html
