
> shinariokanri@0.1.0 build
> tsc -b && vite build && node scripts/build/service-worker.mjs

tests/independent-rb06-boundaries.test.ts(21,355): error TS2322: Type '{ [k: string]: string; }' is not assignable to type 'Record<string, "existing" | "incoming">'.
  'string' index signatures are incompatible.
    Type 'string' is not assignable to type '"existing" | "incoming"'.
tests/independent-rb06-boundaries.test.ts(32,137): error TS2322: Type '{ [k: string]: string; }' is not assignable to type 'Record<string, "existing" | "incoming">'.
  'string' index signatures are incompatible.
    Type 'string' is not assignable to type '"existing" | "incoming"'.
tests/independent-rb06-boundaries.test.ts(62,41): error TS2345: Argument of type '{ mode: 'mapped_merge'; targetProjectId: string; baseRevision: string; idMap: { [k: string]: string; }; resolutions: { [k: string]: string; }; confirmationHash: string | undefined; }' is not assignable to parameter of type 'ImportOptions'.
  Types of property 'resolutions' are incompatible.
    Type '{ [k: string]: string; }' is not assignable to type 'Record<string, "existing" | "incoming">'.
      'string' index signatures are incompatible.
        Type 'string' is not assignable to type '"existing" | "incoming"'.
tests/independent-rb06-boundaries.test.ts(62,407): error TS2345: Argument of type '{ mode: 'mapped_merge'; targetProjectId: string; baseRevision: string; idMap: { [k: string]: string; }; resolutions: { [k: string]: string; }; confirmationHash: string | undefined; }' is not assignable to parameter of type 'ImportOptions'.
  Types of property 'resolutions' are incompatible.
    Type '{ [k: string]: string; }' is not assignable to type 'Record<string, "existing" | "incoming">'.
      'string' index signatures are incompatible.
        Type 'string' is not assignable to type '"existing" | "incoming"'.
tests/independent-rb06-boundaries.test.ts(70,130): error TS2322: Type '{ [k: string]: string; }' is not assignable to type 'Record<string, "existing" | "incoming">'.
  'string' index signatures are incompatible.
    Type 'string' is not assignable to type '"existing" | "incoming"'.
tests/independent-rb06-boundaries.test.ts(77,247): error TS2322: Type '{ [k: string]: string; }' is not assignable to type 'Record<string, "existing" | "incoming">'.
  'string' index signatures are incompatible.
    Type 'string' is not assignable to type '"existing" | "incoming"'.
tests/independent-rb06-boundaries.test.ts(80,644): error TS2339: Property 'startProvenance' does not exist on type 'TraceData'.
