
 RUN  v5.0.3 /tmp/shinariokanri-independent-rb07-8e60239

 ❯ tests/independent-rb07-production-view.test.ts (5 tests | 3 failed) 387ms
   × R7D20 fixed outer edition resolves its borrowed source line and speaker rather than using current original 33ms
   × R7D21 production view refuses altered local reuse dependencies even without a caption source pin 22ms
   × R7D22 an explicit older-world subtitle pin stays available after the work adopts the newer fixed world 3ms

⎯⎯⎯⎯⎯⎯⎯ Failed Tests 3 ⎯⎯⎯⎯⎯⎯⎯

 FAIL  tests/independent-rb07-production-view.test.ts > R7D20 fixed outer edition resolves its borrowed source line and speaker rather than using current original
AssertionError: expected [] to have a length of 1 but got +0

- Expected
+ Received

- 1
+ 0

 ❯ tests/independent-rb07-production-view.test.ts:46:752


⎯⎯⎯⎯⎯⎯⎯⎯⎯⎯⎯⎯⎯⎯⎯⎯⎯⎯⎯⎯⎯⎯⎯⎯[1/3]⎯

 FAIL  tests/independent-rb07-production-view.test.ts > R7D21 production view refuses altered local reuse dependencies even without a caption source pin
AssertionError: promise resolved "{ project: { …(13) }, …(2) }" instead of rejecting

- Expected
+ Received

- Error {
-   "message": "rejected promise",
+ {
+   "mapAnchor": [Function mapAnchor],
+   "project": {
+     "calendarId": "proleptic-gregorian-second",
+     "calendars": [
+       {
+         "id": "proleptic-gregorian-second",
+         "kind": "gregorian",
+         "name": "先発グレゴリオ暦",
+         "originLabel": "0000-01-01 00:00:00",
+         "ticksPerDay": "86400",
+       },
+     ],
+     "entities": [
+       {
+         "createdAt": "2026-10-08T11:27:01.383Z",
+         "customValues": {},
+         "data": {
+           "aliases": [],
+           "authorNotes": [],
+           "body": [],
+           "goals": [],
+           "reading": "",
+           "summary": [],
+           "voiceRules": [],
+         },
+         "id": "f6e66eb3-b4ab-4b1c-9a77-70c286843c8e",
+         "kind": "character",
+         "name": "話者ヒカリ",
+         "projectId": "521e3d89-e637-4acf-96e3-4a4489a90e8b",
+         "revision": "0",
+         "status": "confirmed",
+         "updatedAt": "2026-10-08T11:27:01.383Z",
+         "visibility": "private",
+       },
+       {
+         "createdAt": "2026-10-08T11:27:01.384Z",
+         "customValues": {},
+         "data": {
+           "aliases": [],
+           "authorNotes": [],
+           "body": [],
+           "goals": [],
+           "reading": "",
+           "summary": [],
+           "voiceRules": [],
+         },
+         "id": "166ab216-93f4-4724-a5a5-876ed7ceef81",
+         "kind": "character",
+         "name": "話者ユキ",
+         "projectId": "521e3d89-e637-4acf-96e3-4a4489a90e8b",
+         "revision": "0",
+         "status": "confirmed",
+         "updatedAt": "2026-10-08T11:27:01.384Z",
+         "visibility": "private",
+       },
+       {
+         "createdAt": "2026-10-08T11:27:01.384Z",
+         "customValues": {},
+         "data": {
+           "authorNotes": [],
+           "sceneIds": [
+             "84a1aff4-fbdd-4c5a-91da-1c689e2da548",
+             "73f42ab1-e30a-46cf-b903-c35993ef5c9c",
+           ],
+           "structureRole": "",
+           "summary": [],
+         },
+         "id": "97b5fd9f-4764-4686-a21f-0ce4c66573f4",
+         "kind": "chapter",
+         "name": "独立章",
+         "projectId": "521e3d89-e637-4acf-96e3-4a4489a90e8b",
+         "revision": "0",
+         "status": "confirmed",
+         "updatedAt": "2026-10-08T11:27:01.384Z",
+         "visibility": "private",
+       },
+       {
+         "createdAt": "2026-10-08T11:27:01.384Z",
+         "customValues": {},
+         "data": {
+           "choiceEdgeId": null,
+           "cueIds": [
+             "fe809152-34a9-4bca-9983-cd2083aea554",
+           ],
+           "originLineIds": [],
+           "speakerId": "f6e66eb3-b4ab-4b1c-9a77-70c286843c8e",
+           "text": [
+             {
+               "id": "7cf5396e-e69e-4e58-a7aa-43b61725bc31",
+               "kind": "paragraph",
+               "links": [
+                 {
+                   "end": 5,
+                   "start": 3,
+                   "target": {
+                     "entityId": "166ab216-93f4-4724-a5a5-876ed7ceef81",
+                   },
+                 },
+               ],
+               "ruby": [
+                 {
+                   "end": 2,
+                   "start": 1,
+                   "text": "かぎ",
+                 },
+               ],
+               "text": "😀鍵を開く。",
+             },
+           ],
+         },
+         "id": "c9d5a8dc-2cb1-4f24-b1d4-039938d3c66b",
+         "kind": "dialogue_line",
+         "name": "独立原台詞",
+         "projectId": "521e3d89-e637-4acf-96e3-4a4489a90e8b",
+         "revision": "0",
+         "status": "confirmed",
+         "updatedAt": "2026-10-08T11:27:01.384Z",
+         "visibility": "private",
+       },
+       {
+         "createdAt": "2026-10-08T11:27:01.384Z",
+         "customValues": {},
+         "data": {
+           "choiceEdgeId": null,
+           "cueIds": [],
+           "originLineIds": [],
+           "speakerId": "f6e66eb3-b4ab-4b1c-9a77-70c286843c8e",
+           "text": [
+             {
+               "id": "22e30294-5f44-4b60-9c1e-ebe1ab48ea79",
+               "kind": "paragraph",
+               "text": "また後で。",
+             },
+           ],
+         },
+         "id": "61589f40-4eb6-4deb-90e6-08b39f2977d2",
+         "kind": "dialogue_line",
+         "name": "独立次台詞",
+         "projectId": "521e3d89-e637-4acf-96e3-4a4489a90e8b",
+         "revision": "0",
+         "status": "confirmed",
+         "updatedAt": "2026-10-08T11:27:01.384Z",
+         "visibility": "private",
+       },
+       {
+         "createdAt": "2026-10-08T11:27:01.384Z",
+         "customValues": {},
+         "data": {
+           "authorNotes": [],
+           "blockIds": [],
+           "body": [
+             {
+               "id": "09b24881-2571-40ff-976b-4f8d4e4c8132",
+               "kind": "paragraph",
+               "text": "A本文",
+             },
+           ],
+           "chapterId": "97b5fd9f-4764-4686-a21f-0ce4c66573f4",
+           "conflicts": [],
+           "dialogueLineIds": [
+             "c9d5a8dc-2cb1-4f24-b1d4-039938d3c66b",
+             "61589f40-4eb6-4deb-90e6-08b39f2977d2",
+           ],
+           "eventIds": [],
+           "goals": [],
+           "importance": null,
+           "newInformation": [],
+           "povId": null,
+           "results": [],
+           "summary": [],
+           "tension": null,
+           "threadIds": [],
+         },
+         "id": "84a1aff4-fbdd-4c5a-91da-1c689e2da548",
+         "kind": "scene",
+         "name": "独立使用場面A",
+         "projectId": "521e3d89-e637-4acf-96e3-4a4489a90e8b",
+         "revision": "0",
+         "status": "confirmed",
+         "updatedAt": "2026-10-08T11:27:01.384Z",
+         "visibility": "private",
+       },
+       {
+         "createdAt": "2026-10-08T11:27:01.384Z",
+         "customValues": {},
+         "data": {
+           "authorNotes": [],
+           "blockIds": [],
+           "body": [
+             {
+               "id": "f06e4f07-85d9-4ce1-975a-67e903d4bf1b",
+               "kind": "paragraph",
+               "text": "B本文",
+             },
+           ],
+           "chapterId": "97b5fd9f-4764-4686-a21f-0ce4c66573f4",
+           "conflicts": [],
+           "dialogueLineIds": [
+             "c9d5a8dc-2cb1-4f24-b1d4-039938d3c66b",
+             "61589f40-4eb6-4deb-90e6-08b39f2977d2",
+           ],
+           "eventIds": [],
+           "goals": [],
+           "importance": null,
+           "newInformation": [],
+           "povId": null,
+           "results": [],
+           "summary": [],
+           "tension": null,
+           "threadIds": [],
+         },
+         "id": "73f42ab1-e30a-46cf-b903-c35993ef5c9c",
+         "kind": "scene",
+         "name": "独立使用場面B",
+         "projectId": "521e3d89-e637-4acf-96e3-4a4489a90e8b",
+         "revision": "0",
+         "status": "confirmed",
+         "updatedAt": "2026-10-08T11:27:01.384Z",
+         "visibility": "private",
+       },
+       {
+         "createdAt": "2026-10-08T11:27:01.384Z",
+         "customValues": {},
+         "data": {
+           "accessedAt": "2026-10-08T11:00:00Z",
+           "attachmentId": "510e8c51-46c6-416e-a659-3f2d48ff333f",
+           "excerptLocation": "0〜250ms",
+           "interpretation": [
+             {
+               "id": "0143d7e2-97a4-41f3-ad34-0f816e0eff78",
+               "kind": "paragraph",
+               "text": "作者の解釈",
+             },
+           ],
+           "locator": "作者が作成した短いPCM",
+           "redistributionAllowed": true,
+           "sourceType": "file",
+         },
+         "id": "eab7f06b-3113-4a9b-9a6d-a0f7b1a36996",
+         "kind": "source",
+         "name": "独立音声資料",
+         "projectId": "521e3d89-e637-4acf-96e3-4a4489a90e8b",
+         "revision": "0",
+         "status": "confirmed",
+         "updatedAt": "2026-10-08T11:27:01.384Z",
+         "visibility": "private",
+       },
+       {
+         "createdAt": "2026-10-08T11:27:01.387Z",
+         "customValues": {},
+         "data": {
+           "assetPath": "assets/9d32f6d21a9c5da7a62fe802f9e30f2f4467e0e91ec21641ebfeb97cadbeaebd.wav",
+           "byteSize": 4078,
+           "contentHash": "9d32f6d21a9c5da7a62fe802f9e30f2f4467e0e91ec21641ebfeb97cadbeaebd",
+           "displayName": "独立旧音声.wav",
+           "licenseNote": "作者作成",
+           "mediaType": "audio/wav",
+           "provenanceId": "eab7f06b-3113-4a9b-9a6d-a0f7b1a36996",
+           "revisionHistory": [],
+           "stage": "temporary",
+         },
+         "id": "510e8c51-46c6-416e-a659-3f2d48ff333f",
+         "kind": "attachment",
+         "name": "独立旧音声",
+         "projectId": "521e3d89-e637-4acf-96e3-4a4489a90e8b",
+         "revision": "0",
+         "status": "confirmed",
+         "updatedAt": "2026-10-08T11:27:01.387Z",
+         "visibility": "private",
+       },
+       {
+         "createdAt": "2026-10-08T11:27:01.387Z",
+         "customValues": {},
+         "data": {
+           "anchor": {
+             "blockId": "7cf5396e-e69e-4e58-a7aa-43b61725bc31",
+             "end": 5,
+             "entityId": "c9d5a8dc-2cb1-4f24-b1d4-039938d3c66b",
+             "lineId": "c9d5a8dc-2cb1-4f24-b1d4-039938d3c66b",
+             "start": 3,
+           },
+           "attachmentId": "510e8c51-46c6-416e-a659-3f2d48ff333f",
+           "camera": "固定カメラ",
+           "cueType": "sound",
+           "expression": "",
+           "mediaTime": 1000,
+           "speakerId": "f6e66eb3-b4ab-4b1c-9a77-70c286843c8e",
+           "stage": "reviewed",
+           "waitMs": 250,
+         },
+         "id": "fe809152-34a9-4bca-9983-cd2083aea554",
+         "kind": "cue",
+         "name": "独立右位置演出",
+         "projectId": "521e3d89-e637-4acf-96e3-4a4489a90e8b",
+         "revision": "0",
+         "status": "confirmed",
+         "updatedAt": "2026-10-08T11:27:01.387Z",
+         "visibility": "private",
+       },
+       {
+         "createdAt": "2026-10-08T11:27:01.387Z",
+         "customValues": {},
+         "data": {
+           "anchor": {
+             "entityId": "c9d5a8dc-2cb1-4f24-b1d4-039938d3c66b",
+           },
+           "caption": [
+             {
+               "id": "dbc60324-a9d0-440e-aacd-b22f4547e2e8",
+               "kind": "paragraph",
+               "text": "😀カギを開く",
+             },
+           ],
+           "cueIds": [],
+           "finalAssetId": null,
+           "mediaEndMs": 1200,
+           "mediaStartMs": 1000,
+           "referenceAssetId": null,
+         },
+         "id": "23c69cdf-39dc-4a92-b9b7-9fc81b1cf18c",
+         "kind": "storyboard_frame",
+         "name": "独立演出依存コマ",
+         "projectId": "521e3d89-e637-4acf-96e3-4a4489a90e8b",
+         "revision": "0",
+         "status": "confirmed",
+         "updatedAt": "2026-10-08T11:27:01.387Z",
+         "visibility": "private",
+       },
+       {
+         "createdAt": "2026-10-08T11:27:01.388Z",
+         "customValues": {},
+         "data": {
+           "language": "en",
+           "recordingIds": [],
+           "reviewedBy": "5f8e7f6f-d830-43c7-9868-3c41870ab508",
+           "sourceHash": "8c59c491f537467cbdba2e68b5baa88651e335964eefe616fe47208e70c0b46c",
+           "sourceLineId": "c9d5a8dc-2cb1-4f24-b1d4-039938d3c66b",
+           "stage": "reviewed",
+           "text": [
+             {
+               "id": "3cca364a-2cb4-4ce4-9c80-54780710212e",
+               "kind": "paragraph",
+               "text": "😀カギを開く translated.",
+             },
+           ],
+         },
+         "id": "26c5b0a0-eb1d-41ce-b1c3-7763bf912a66",
+         "kind": "localization",
+         "name": "独立翻訳",
+         "projectId": "521e3d89-e637-4acf-96e3-4a4489a90e8b",
+         "revision": "0",
+         "status": "confirmed",
+         "updatedAt": "2026-10-08T11:27:01.388Z",
+         "visibility": "private",
+       },
+       {
+         "createdAt": "2026-10-08T11:27:01.388Z",
+         "customValues": {},
+         "data": {
+           "attachmentId": "510e8c51-46c6-416e-a659-3f2d48ff333f",
+           "language": "ja",
+           "notes": [],
+           "reviewedBy": "5f8e7f6f-d830-43c7-9868-3c41870ab508",
+           "sourceHash": "8c59c491f537467cbdba2e68b5baa88651e335964eefe616fe47208e70c0b46c",
+           "sourceLineId": "c9d5a8dc-2cb1-4f24-b1d4-039938d3c66b",
+           "stage": "reviewed",
+           "translationId": null,
+         },
+         "id": "c9754526-d913-43ac-8dc4-828e4530301b",
+         "kind": "recording",
+         "name": "独立収録",
+         "projectId": "521e3d89-e637-4acf-96e3-4a4489a90e8b",
+         "revision": "0",
+         "status": "confirmed",
+         "updatedAt": "2026-10-08T11:27:01.388Z",
+         "visibility": "private",
+       },
+       {
+         "createdAt": "2026-10-08T11:27:01.389Z",
+         "customValues": {},
+         "data": {
+           "contentHash": "a5886de9114ff87b393af8736b2dfd145960823896282626144eda3d44649c75",
+           "immutable": true,
+           "parentVersionIds": [],
+           "referencedWorldVersionIds": [],
+           "releasedAt": null,
+           "versionLabel": "独立変更前固定版",
+         },
+         "id": "ce77353c-ef00-4a3b-bf82-4a1ff7cf4675",
+         "kind": "snapshot",
+         "name": "独立変更前固定版",
+         "projectId": "521e3d89-e637-4acf-96e3-4a4489a90e8b",
+         "revision": "0",
+         "status": "provisional",
+         "updatedAt": "2026-10-08T11:27:01.389Z",
+         "visibility": "private",
+       },
+       {
+         "createdAt": "2026-10-08T11:27:01.389Z",
+         "customValues": {},
+         "data": {
+           "assigneeId": null,
+           "body": [
+             {
+               "id": "d9ab3fc6-20ad-4268-aa13-911f7f987348",
+               "kind": "paragraph",
+               "text": "旧版への指摘",
+             },
+           ],
+           "quotedText": "",
+           "resolution": [],
+           "stage": "open",
+           "target": {
+             "blockId": "7cf5396e-e69e-4e58-a7aa-43b61725bc31",
+             "end": 5,
+             "entityId": "c9d5a8dc-2cb1-4f24-b1d4-039938d3c66b",
+             "lineId": "c9d5a8dc-2cb1-4f24-b1d4-039938d3c66b",
+             "sourceVersionId": "ce77353c-ef00-4a3b-bf82-4a1ff7cf4675",
+             "start": 3,
+           },
+           "targetVersionId": "ce77353c-ef00-4a3b-bf82-4a1ff7cf4675",
+         },
+         "id": "5dc2ade9-d6a2-44e5-8b65-86b72fae235c",
+         "kind": "review",
+         "name": "独立旧pin引用",
+         "projectId": "521e3d89-e637-4acf-96e3-4a4489a90e8b",
+         "revision": "0",
+         "status": "confirmed",
+         "updatedAt": "2026-10-08T11:27:01.389Z",
+         "visibility": "private",
+       },
+       {
+         "createdAt": "2026-10-08T11:33:32.093Z",
+         "customValues": {},
+         "data": {
+           "edgeIds": [
+             "daf11d62-1a02-4016-8a49-2b8cf205f4c2",
+           ],
+           "entryIds": [
+             "c838e65e-4f3c-44e1-8ee3-3cbf631d380c",
+           ],
+           "exitIds": [],
+           "nodeIds": [
+             "c838e65e-4f3c-44e1-8ee3-3cbf631d380c",
+             "c2b00298-0c84-434c-8650-452130deea49",
+           ],
+           "parameters": [],
+           "parentGraphId": null,
+         },
+         "id": "da97acf7-992b-4a5c-beac-2d36981dae6d",
+         "kind": "flow_graph",
+         "name": "独立通常graph",
+         "projectId": "521e3d89-e637-4acf-96e3-4a4489a90e8b",
+         "revision": "0",
+         "status": "confirmed",
+         "updatedAt": "2026-10-08T11:33:32.093Z",
+         "visibility": "private",
+       },
+       {
+         "createdAt": "2026-10-08T11:33:32.102Z",
+         "customValues": {},
+         "data": {
+           "childGraphId": null,
+           "executionPolicy": "manual_choice",
+           "fallbackId": null,
+           "gate": {
+             "op": "constant",
+             "value": true,
+           },
+           "nodeType": "entry",
+           "sceneId": "84a1aff4-fbdd-4c5a-91da-1c689e2da548",
+           "terminalReason": "",
+         },
+         "id": "c838e65e-4f3c-44e1-8ee3-3cbf631d380c",
+         "kind": "flow_node",
+         "name": "独立通常入口",
+         "projectId": "521e3d89-e637-4acf-96e3-4a4489a90e8b",
+         "revision": "0",
+         "status": "confirmed",
+         "updatedAt": "2026-10-08T11:33:32.102Z",
+         "visibility": "private",
+       },
+       {
+         "createdAt": "2026-10-08T11:33:32.102Z",
+         "customValues": {},
+         "data": {
+           "childGraphId": null,
+           "executionPolicy": "manual_choice",
+           "fallbackId": null,
+           "gate": {
+             "op": "constant",
+             "value": true,
+           },
+           "nodeType": "terminal",
+           "sceneId": "73f42ab1-e30a-46cf-b903-c35993ef5c9c",
+           "terminalReason": "検査対象終端",
+         },
+         "id": "c2b00298-0c84-434c-8650-452130deea49",
+         "kind": "flow_node",
+         "name": "独立通常終端",
+         "projectId": "521e3d89-e637-4acf-96e3-4a4489a90e8b",
+         "revision": "0",
+         "status": "confirmed",
+         "updatedAt": "2026-10-08T11:33:32.102Z",
+         "visibility": "private",
+       },
+       {
+         "createdAt": "2026-10-08T11:33:32.102Z",
+         "customValues": {},
+         "data": {
+           "choiceLineId": null,
+           "condition": {
+             "op": "constant",
+             "value": true,
+           },
+           "edgeType": "choice",
+           "effectIds": [],
+           "fromId": "c838e65e-4f3c-44e1-8ee3-3cbf631d380c",
+           "label": "次の本文",
+           "priority": 0,
+           "toId": "c2b00298-0c84-434c-8650-452130deea49",
+         },
+         "id": "daf11d62-1a02-4016-8a49-2b8cf205f4c2",
+         "kind": "flow_edge",
+         "name": "独立通常進行",
+         "projectId": "521e3d89-e637-4acf-96e3-4a4489a90e8b",
+         "revision": "0",
+         "status": "confirmed",
+         "updatedAt": "2026-10-08T11:33:32.102Z",
+         "visibility": "private",
+       },
+       {
+         "createdAt": "2026-10-08T12:05:28.393Z",
+         "customValues": {},
+         "data": {
+           "addressing": "",
+           "characterId": "f6e66eb3-b4ab-4b1c-9a77-70c286843c8e",
+           "examples": [],
+           "exceptions": [],
+           "firstPerson": "私",
+           "phrasing": "",
+           "validity": {
+             "presentationAnchor": null,
+             "routeCondition": null,
+             "worldRange": {
+               "end": "20",
+               "start": "10",
+             },
+           },
+         },
+         "id": "0eb77ca1-3ed8-4e47-9f4e-0aacec158db0",
+         "kind": "voice_rule",
+         "name": "旧話者の作者口調基準",
+         "projectId": "521e3d89-e637-4acf-96e3-4a4489a90e8b",
+         "revision": "0",
+         "status": "confirmed",
+         "updatedAt": "2026-10-08T12:05:28.393Z",
+         "visibility": "private",
+       },
+       {
+         "createdAt": "2026-10-08T12:22:49.396Z",
+         "customValues": {},
+         "data": {
+           "authorNotes": [],
+           "blockIds": [],
+           "body": [
+             {
+               "id": "325d7d28-6e8b-40df-ad3f-b10129c6ba09",
+               "kind": "paragraph",
+               "text": "A本文",
+             },
+           ],
+           "chapterId": "97b5fd9f-4764-4686-a21f-0ce4c66573f4",
+           "conflicts": [],
+           "dialogueLineIds": [
+             "fa62defa-3a5f-4dfd-8cf9-2995d50d9a0e",
+             "97e44fee-f1bf-413d-912c-c8e2448c11b3",
+           ],
+           "eventIds": [],
+           "goals": [],
+           "importance": null,
+           "newInformation": [],
+           "povId": null,
+           "results": [],
+           "summary": [],
+           "tension": null,
+           "threadIds": [],
+         },
+         "id": "06abeb81-4818-4543-aa1f-da45d49ee9ef",
+         "kind": "scene",
+         "name": "旧共通台詞の使用先",
+         "projectId": "521e3d89-e637-4acf-96e3-4a4489a90e8b",
+         "revision": "0",
+         "status": "confirmed",
+         "updatedAt": "2026-10-08T12:22:49.396Z",
+         "visibility": "private",
+       },
+       {
+         "createdAt": "2026-10-08T12:22:49.411Z",
+         "customValues": {},
+         "data": {
+           "contentHash": "1178b33937cec29c3f253ffe351996b1dd2bef87f6555e193224895fad1a53f9",
+           "immutable": true,
+           "parentVersionIds": [],
+           "referencedWorldVersionIds": [],
+           "releasedAt": null,
+           "versionLabel": "共通元を含む外側固定版",
+         },
+         "id": "8ea9c3ec-bd2a-45fd-96b7-509bea0cd2b6",
+         "kind": "snapshot",
+         "name": "共通元を含む外側固定版",
+         "projectId": "521e3d89-e637-4acf-96e3-4a4489a90e8b",
+         "revision": "0",
+         "status": "provisional",
+         "updatedAt": "2026-10-08T12:22:49.411Z",
+         "visibility": "private",
+       },
+       {
+         "createdAt": "2026-10-08T11:27:01.384Z",
+         "customValues": {},
+         "data": {
+           "choiceEdgeId": null,
+           "cueIds": [
+             "f881d6e5-d4ca-433c-a49e-2d3cf33ba5e0",
+           ],
+           "originLineIds": [],
+           "speakerId": "f6e66eb3-b4ab-4b1c-9a77-70c286843c8e",
+           "text": [
+             {
+               "id": "2a2a255c-20c0-4bd7-9860-92550b206a69",
+               "kind": "paragraph",
+               "links": [
+                 {
+                   "end": 5,
+                   "start": 3,
+                   "target": {
+                     "entityId": "166ab216-93f4-4724-a5a5-876ed7ceef81",
+                   },
+                 },
+               ],
+               "ruby": [
+                 {
+                   "end": 2,
+                   "start": 1,
+                   "text": "かぎ",
+                 },
+               ],
+               "text": "😀鍵を開く。",
+             },
+           ],
+         },
+         "id": "fa62defa-3a5f-4dfd-8cf9-2995d50d9a0e",
+         "kind": "dialogue_line",
+         "name": "共通元改ざん",
+         "projectId": "521e3d89-e637-4acf-96e3-4a4489a90e8b",
+         "revision": "0",
+         "status": "confirmed",
+         "updatedAt": "2026-10-08T11:27:01.384Z",
+         "visibility": "private",
+       },
+       {
+         "createdAt": "2026-10-08T11:27:01.384Z",
+         "customValues": {},
+         "data": {
+           "choiceEdgeId": null,
+           "cueIds": [],
+           "originLineIds": [],
+           "speakerId": "f6e66eb3-b4ab-4b1c-9a77-70c286843c8e",
+           "text": [
+             {
+               "id": "b1dcaab6-1b59-41f0-a55a-9bcff7782973",
+               "kind": "paragraph",
+               "text": "また後で。",
+             },
+           ],
+         },
+         "id": "97e44fee-f1bf-413d-912c-c8e2448c11b3",
+         "kind": "dialogue_line",
+         "name": "独立次台詞",
+         "projectId": "521e3d89-e637-4acf-96e3-4a4489a90e8b",
+         "revision": "0",
+         "status": "confirmed",
+         "updatedAt": "2026-10-08T11:27:01.384Z",
+         "visibility": "private",
+       },
+       {
+         "createdAt": "2026-10-08T11:27:01.387Z",
+         "customValues": {},
+         "data": {
+           "anchor": {
+             "blockId": "2a2a255c-20c0-4bd7-9860-92550b206a69",
+             "end": 5,
+             "entityId": "fa62defa-3a5f-4dfd-8cf9-2995d50d9a0e",
+             "lineId": "fa62defa-3a5f-4dfd-8cf9-2995d50d9a0e",
+             "start": 3,
+           },
+           "attachmentId": "a2c6ced1-0b69-4ef0-b487-d81822180d06",
+           "camera": "固定カメラ",
+           "cueType": "sound",
+           "expression": "",
+           "mediaTime": 1000,
+           "speakerId": "f6e66eb3-b4ab-4b1c-9a77-70c286843c8e",
+           "stage": "reviewed",
+           "waitMs": 250,
+         },
+         "id": "f881d6e5-d4ca-433c-a49e-2d3cf33ba5e0",
+         "kind": "cue",
+         "name": "独立右位置演出",
+         "projectId": "521e3d89-e637-4acf-96e3-4a4489a90e8b",
+         "revision": "0",
+         "status": "confirmed",
+         "updatedAt": "2026-10-08T11:27:01.387Z",
+         "visibility": "private",
+       },
+       {
+         "createdAt": "2026-10-08T11:27:01.387Z",
+         "customValues": {},
+         "data": {
+           "assetPath": "assets/9d32f6d21a9c5da7a62fe802f9e30f2f4467e0e91ec21641ebfeb97cadbeaebd.wav",
+           "byteSize": 4078,
+           "contentHash": "9d32f6d21a9c5da7a62fe802f9e30f2f4467e0e91ec21641ebfeb97cadbeaebd",
+           "displayName": "独立旧音声.wav",
+           "licenseNote": "作者作成",
+           "mediaType": "audio/wav",
+           "provenanceId": "710d2532-2d59-4a52-af31-bad5739dd7e6",
+           "revisionHistory": [],
+           "stage": "temporary",
+         },
+         "id": "a2c6ced1-0b69-4ef0-b487-d81822180d06",
+         "kind": "attachment",
+         "name": "独立旧音声",
+         "projectId": "521e3d89-e637-4acf-96e3-4a4489a90e8b",
+         "revision": "0",
+         "status": "confirmed",
+         "updatedAt": "2026-10-08T11:27:01.387Z",
+         "visibility": "private",
+       },
+       {
+         "createdAt": "2026-10-08T11:27:01.384Z",
+         "customValues": {},
+         "data": {
+           "accessedAt": "2026-10-08T11:00:00Z",
+           "attachmentId": "a2c6ced1-0b69-4ef0-b487-d81822180d06",
+           "excerptLocation": "0〜250ms",
+           "interpretation": [
+             {
+               "id": "68383d9a-6e02-4b3a-918f-3e3b517214d6",
+               "kind": "paragraph",
+               "text": "作者の解釈",
+             },
+           ],
+           "locator": "作者が作成した短いPCM",
+           "redistributionAllowed": true,
+           "sourceType": "file",
+         },
+         "id": "710d2532-2d59-4a52-af31-bad5739dd7e6",
+         "kind": "source",
+         "name": "独立音声資料",
+         "projectId": "521e3d89-e637-4acf-96e3-4a4489a90e8b",
+         "revision": "0",
+         "status": "confirmed",
+         "updatedAt": "2026-10-08T11:27:01.384Z",
+         "visibility": "private",
+       },
+     ],
+     "formatVersion": "1.0.0",
+     "history": [],
+     "mainStart": "0",
+     "name": "独立RB07 境界と旧対応",
+     "projectId": "521e3d89-e637-4acf-96e3-4a4489a90e8b",
+     "relations": [],
+     "revision": "0",
+     "snapshots": [
+       {
+         "content": {
+           "calendarId": "proleptic-gregorian-second",
+           "calendars": [
+             {
+               "id": "proleptic-gregorian-second",
+               "kind": "gregorian",
+               "name": "先発グレゴリオ暦",
+               "originLabel": "0000-01-01 00:00:00",
+               "ticksPerDay": "86400",
+             },
+           ],
+           "entities": [
+             {
+               "createdAt": "2026-10-08T11:27:01.383Z",
+               "customValues": {},
+               "data": {
+                 "aliases": [],
+                 "authorNotes": [],
+                 "body": [],
+                 "goals": [],
+                 "reading": "",
+                 "summary": [],
+                 "voiceRules": [],
+               },
+               "id": "f6e66eb3-b4ab-4b1c-9a77-70c286843c8e",
+               "kind": "character",
+               "name": "話者ヒカリ",
+               "projectId": "521e3d89-e637-4acf-96e3-4a4489a90e8b",
+               "revision": "0",
+               "status": "confirmed",
+               "updatedAt": "2026-10-08T11:27:01.383Z",
+               "visibility": "private",
+             },
+             {
+               "createdAt": "2026-10-08T11:27:01.384Z",
+               "customValues": {},
+               "data": {
+                 "aliases": [],
+                 "authorNotes": [],
+                 "body": [],
+                 "goals": [],
+                 "reading": "",
+                 "summary": [],
+                 "voiceRules": [],
+               },
+               "id": "166ab216-93f4-4724-a5a5-876ed7ceef81",
+               "kind": "character",
+               "name": "話者ユキ",
+               "projectId": "521e3d89-e637-4acf-96e3-4a4489a90e8b",
+               "revision": "0",
+               "status": "confirmed",
+               "updatedAt": "2026-10-08T11:27:01.384Z",
+               "visibility": "private",
+             },
+             {
+               "createdAt": "2026-10-08T11:27:01.384Z",
+               "customValues": {},
+               "data": {
+                 "authorNotes": [],
+                 "sceneIds": [
+                   "84a1aff4-fbdd-4c5a-91da-1c689e2da548",
+                   "73f42ab1-e30a-46cf-b903-c35993ef5c9c",
+                 ],
+                 "structureRole": "",
+                 "summary": [],
+               },
+               "id": "97b5fd9f-4764-4686-a21f-0ce4c66573f4",
+               "kind": "chapter",
+               "name": "独立章",
+               "projectId": "521e3d89-e637-4acf-96e3-4a4489a90e8b",
+               "revision": "0",
+               "status": "confirmed",
+               "updatedAt": "2026-10-08T11:27:01.384Z",
+               "visibility": "private",
+             },
+             {
+               "createdAt": "2026-10-08T11:27:01.384Z",
+               "customValues": {},
+               "data": {
+                 "choiceEdgeId": null,
+                 "cueIds": [
+                   "fe809152-34a9-4bca-9983-cd2083aea554",
+                 ],
+                 "originLineIds": [],
+                 "speakerId": "f6e66eb3-b4ab-4b1c-9a77-70c286843c8e",
+                 "text": [
+                   {
+                     "id": "7cf5396e-e69e-4e58-a7aa-43b61725bc31",
+                     "kind": "paragraph",
+                     "links": [
+                       {
+                         "end": 5,
+                         "start": 3,
+                         "target": {
+                           "entityId": "166ab216-93f4-4724-a5a5-876ed7ceef81",
+                         },
+                       },
+                     ],
+                     "ruby": [
+                       {
+                         "end": 2,
+                         "start": 1,
+                         "text": "かぎ",
+                       },
+                     ],
+                     "text": "😀鍵を開く。",
+                   },
+                 ],
+               },
+               "id": "c9d5a8dc-2cb1-4f24-b1d4-039938d3c66b",
+               "kind": "dialogue_line",
+               "name": "独立原台詞",
+               "projectId": "521e3d89-e637-4acf-96e3-4a4489a90e8b",
+               "revision": "0",
+               "status": "confirmed",
+               "updatedAt": "2026-10-08T11:27:01.384Z",
+               "visibility": "private",
+             },
+             {
+               "createdAt": "2026-10-08T11:27:01.384Z",
+               "customValues": {},
+               "data": {
+                 "choiceEdgeId": null,
+                 "cueIds": [],
+                 "originLineIds": [],
+                 "speakerId": "f6e66eb3-b4ab-4b1c-9a77-70c286843c8e",
+                 "text": [
+                   {
+                     "id": "22e30294-5f44-4b60-9c1e-ebe1ab48ea79",
+                     "kind": "paragraph",
+                     "text": "また後で。",
+                   },
+                 ],
+               },
+               "id": "61589f40-4eb6-4deb-90e6-08b39f2977d2",
+               "kind": "dialogue_line",
+               "name": "独立次台詞",
+               "projectId": "521e3d89-e637-4acf-96e3-4a4489a90e8b",
+               "revision": "0",
+               "status": "confirmed",
+               "updatedAt": "2026-10-08T11:27:01.384Z",
+               "visibility": "private",
+             },
+             {
+               "createdAt": "2026-10-08T11:27:01.384Z",
+               "customValues": {},
+               "data": {
+                 "authorNotes": [],
+                 "blockIds": [],
+                 "body": [
+                   {
+                     "id": "09b24881-2571-40ff-976b-4f8d4e4c8132",
+                     "kind": "paragraph",
+                     "text": "A本文",
+                   },
+                 ],
+                 "chapterId": "97b5fd9f-4764-4686-a21f-0ce4c66573f4",
+                 "conflicts": [],
+                 "dialogueLineIds": [
+                   "c9d5a8dc-2cb1-4f24-b1d4-039938d3c66b",
+                   "61589f40-4eb6-4deb-90e6-08b39f2977d2",
+                 ],
+                 "eventIds": [],
+                 "goals": [],
+                 "importance": null,
+                 "newInformation": [],
+                 "povId": null,
+                 "results": [],
+                 "summary": [],
+                 "tension": null,
+                 "threadIds": [],
+               },
+               "id": "84a1aff4-fbdd-4c5a-91da-1c689e2da548",
+               "kind": "scene",
+               "name": "独立使用場面A",
+               "projectId": "521e3d89-e637-4acf-96e3-4a4489a90e8b",
+               "revision": "0",
+               "status": "confirmed",
+               "updatedAt": "2026-10-08T11:27:01.384Z",
+               "visibility": "private",
+             },
+             {
+               "createdAt": "2026-10-08T11:27:01.384Z",
+               "customValues": {},
+               "data": {
+                 "authorNotes": [],
+                 "blockIds": [],
+                 "body": [
+                   {
+                     "id": "f06e4f07-85d9-4ce1-975a-67e903d4bf1b",
+                     "kind": "paragraph",
+                     "text": "B本文",
+                   },
+                 ],
+                 "chapterId": "97b5fd9f-4764-4686-a21f-0ce4c66573f4",
+                 "conflicts": [],
+                 "dialogueLineIds": [
+                   "c9d5a8dc-2cb1-4f24-b1d4-039938d3c66b",
+                   "61589f40-4eb6-4deb-90e6-08b39f2977d2",
+                 ],
+                 "eventIds": [],
+                 "goals": [],
+                 "importance": null,
+                 "newInformation": [],
+                 "povId": null,
+                 "results": [],
+                 "summary": [],
+                 "tension": null,
+                 "threadIds": [],
+               },
+               "id": "73f42ab1-e30a-46cf-b903-c35993ef5c9c",
+               "kind": "scene",
+               "name": "独立使用場面B",
+               "projectId": "521e3d89-e637-4acf-96e3-4a4489a90e8b",
+               "revision": "0",
+               "status": "confirmed",
+               "updatedAt": "2026-10-08T11:27:01.384Z",
+               "visibility": "private",
+             },
+             {
+               "createdAt": "2026-10-08T11:27:01.384Z",
+               "customValues": {},
+               "data": {
+                 "accessedAt": "2026-10-08T11:00:00Z",
+                 "attachmentId": "510e8c51-46c6-416e-a659-3f2d48ff333f",
+                 "excerptLocation": "0〜250ms",
+                 "interpretation": [
+                   {
+                     "id": "0143d7e2-97a4-41f3-ad34-0f816e0eff78",
+                     "kind": "paragraph",
+                     "text": "作者の解釈",
+                   },
+                 ],
+                 "locator": "作者が作成した短いPCM",
+                 "redistributionAllowed": true,
+                 "sourceType": "file",
+               },
+               "id": "eab7f06b-3113-4a9b-9a6d-a0f7b1a36996",
+               "kind": "source",
+               "name": "独立音声資料",
+               "projectId": "521e3d89-e637-4acf-96e3-4a4489a90e8b",
+               "revision": "0",
+               "status": "confirmed",
+               "updatedAt": "2026-10-08T11:27:01.384Z",
+               "visibility": "private",
+             },
+             {
+               "createdAt": "2026-10-08T11:27:01.387Z",
+               "customValues": {},
+               "data": {
+                 "assetPath": "assets/9d32f6d21a9c5da7a62fe802f9e30f2f4467e0e91ec21641ebfeb97cadbeaebd.wav",
+                 "byteSize": 4078,
+                 "contentHash": "9d32f6d21a9c5da7a62fe802f9e30f2f4467e0e91ec21641ebfeb97cadbeaebd",
+                 "displayName": "独立旧音声.wav",
+                 "licenseNote": "作者作成",
+                 "mediaType": "audio/wav",
+                 "provenanceId": "eab7f06b-3113-4a9b-9a6d-a0f7b1a36996",
+                 "revisionHistory": [],
+                 "stage": "temporary",
+               },
+               "id": "510e8c51-46c6-416e-a659-3f2d48ff333f",
+               "kind": "attachment",
+               "name": "独立旧音声",
+               "projectId": "521e3d89-e637-4acf-96e3-4a4489a90e8b",
+               "revision": "0",
+               "status": "confirmed",
+               "updatedAt": "2026-10-08T11:27:01.387Z",
+               "visibility": "private",
+             },
+             {
+               "createdAt": "2026-10-08T11:27:01.387Z",
+               "customValues": {},
+               "data": {
+                 "anchor": {
+                   "blockId": "7cf5396e-e69e-4e58-a7aa-43b61725bc31",
+                   "end": 5,
+                   "entityId": "c9d5a8dc-2cb1-4f24-b1d4-039938d3c66b",
+                   "lineId": "c9d5a8dc-2cb1-4f24-b1d4-039938d3c66b",
+                   "start": 3,
+                 },
+                 "attachmentId": "510e8c51-46c6-416e-a659-3f2d48ff333f",
+                 "camera": "固定カメラ",
+                 "cueType": "sound",
+                 "expression": "",
+                 "mediaTime": 1000,
+                 "speakerId": "f6e66eb3-b4ab-4b1c-9a77-70c286843c8e",
+                 "stage": "reviewed",
+                 "waitMs": 250,
+               },
+               "id": "fe809152-34a9-4bca-9983-cd2083aea554",
+               "kind": "cue",
+               "name": "独立右位置演出",
+               "projectId": "521e3d89-e637-4acf-96e3-4a4489a90e8b",
+               "revision": "0",
+               "status": "confirmed",
+               "updatedAt": "2026-10-08T11:27:01.387Z",
+               "visibility": "private",
+             },
+             {
+               "createdAt": "2026-10-08T11:27:01.387Z",
+               "customValues": {},
+               "data": {
+                 "anchor": {
+                   "blockId": "7cf5396e-e69e-4e58-a7aa-43b61725bc31",
+                   "end": 5,
+                   "entityId": "c9d5a8dc-2cb1-4f24-b1d4-039938d3c66b",
+                   "lineId": "c9d5a8dc-2cb1-4f24-b1d4-039938d3c66b",
+                   "start": 3,
+                 },
+                 "caption": [
+                   {
+                     "id": "dbc60324-a9d0-440e-aacd-b22f4547e2e8",
+                     "kind": "paragraph",
+                     "text": "😀カギを開く",
+                   },
+                 ],
+                 "cueIds": [
+                   "fe809152-34a9-4bca-9983-cd2083aea554",
+                 ],
+                 "finalAssetId": null,
+                 "mediaEndMs": 1200,
+                 "mediaStartMs": 1000,
+                 "referenceAssetId": null,
+               },
+               "id": "23c69cdf-39dc-4a92-b9b7-9fc81b1cf18c",
+               "kind": "storyboard_frame",
+               "name": "独立演出依存コマ",
+               "projectId": "521e3d89-e637-4acf-96e3-4a4489a90e8b",
+               "revision": "0",
+               "status": "confirmed",
+               "updatedAt": "2026-10-08T11:27:01.387Z",
+               "visibility": "private",
+             },
+             {
+               "createdAt": "2026-10-08T11:27:01.388Z",
+               "customValues": {},
+               "data": {
+                 "language": "en",
+                 "recordingIds": [],
+                 "reviewedBy": "5f8e7f6f-d830-43c7-9868-3c41870ab508",
+                 "sourceHash": "8c59c491f537467cbdba2e68b5baa88651e335964eefe616fe47208e70c0b46c",
+                 "sourceLineId": "c9d5a8dc-2cb1-4f24-b1d4-039938d3c66b",
+                 "stage": "reviewed",
+                 "text": [
+                   {
+                     "id": "3cca364a-2cb4-4ce4-9c80-54780710212e",
+                     "kind": "paragraph",
+                     "text": "😀カギを開く translated.",
+                   },
+                 ],
+               },
+               "id": "26c5b0a0-eb1d-41ce-b1c3-7763bf912a66",
+               "kind": "localization",
+               "name": "独立翻訳",
+               "projectId": "521e3d89-e637-4acf-96e3-4a4489a90e8b",
+               "revision": "0",
+               "status": "confirmed",
+               "updatedAt": "2026-10-08T11:27:01.388Z",
+               "visibility": "private",
+             },
+             {
+               "createdAt": "2026-10-08T11:27:01.388Z",
+               "customValues": {},
+               "data": {
+                 "attachmentId": "510e8c51-46c6-416e-a659-3f2d48ff333f",
+                 "language": "ja",
+                 "notes": [],
+                 "reviewedBy": "5f8e7f6f-d830-43c7-9868-3c41870ab508",
+                 "sourceHash": "8c59c491f537467cbdba2e68b5baa88651e335964eefe616fe47208e70c0b46c",
+                 "sourceLineId": "c9d5a8dc-2cb1-4f24-b1d4-039938d3c66b",
+                 "stage": "reviewed",
+                 "translationId": null,
+               },
+               "id": "c9754526-d913-43ac-8dc4-828e4530301b",
+               "kind": "recording",
+               "name": "独立収録",
+               "projectId": "521e3d89-e637-4acf-96e3-4a4489a90e8b",
+               "revision": "0",
+               "status": "confirmed",
+               "updatedAt": "2026-10-08T11:27:01.388Z",
+               "visibility": "private",
+             },
+           ],
+           "formatVersion": "1.0.0",
+           "mainStart": "0",
+           "name": "独立RB07 境界と旧対応",
+           "projectId": "521e3d89-e637-4acf-96e3-4a4489a90e8b",
+           "relations": [],
+           "revision": "0",
+           "views": [],
+           "worldReferences": [],
+         },
+         "contentHash": "a5886de9114ff87b393af8736b2dfd145960823896282626144eda3d44649c75",
+         "createdAt": "2026-10-08T11:27:01.389Z",
+         "id": "ce77353c-ef00-4a3b-bf82-4a1ff7cf4675",
+         "versionLabel": "独立変更前固定版",
+       },
+       {
+         "content": {
+           "calendarId": "proleptic-gregorian-second",
+           "calendars": [
+             {
+               "id": "proleptic-gregorian-second",
+               "kind": "gregorian",
+               "name": "先発グレゴリオ暦",
+               "originLabel": "0000-01-01 00:00:00",
+               "ticksPerDay": "86400",
+             },
+           ],
+           "entities": [
+             {
+               "createdAt": "2026-10-08T11:27:01.383Z",
+               "customValues": {},
+               "data": {
+                 "aliases": [],
+                 "authorNotes": [],
+                 "body": [],
+                 "goals": [],
+                 "reading": "",
+                 "summary": [],
+                 "voiceRules": [],
+               },
+               "id": "f6e66eb3-b4ab-4b1c-9a77-70c286843c8e",
+               "kind": "character",
+               "name": "話者ヒカリ",
+               "projectId": "521e3d89-e637-4acf-96e3-4a4489a90e8b",
+               "revision": "0",
+               "status": "confirmed",
+               "updatedAt": "2026-10-08T11:27:01.383Z",
+               "visibility": "private",
+             },
+             {
+               "createdAt": "2026-10-08T11:27:01.384Z",
+               "customValues": {},
+               "data": {
+                 "aliases": [],
+                 "authorNotes": [],
+                 "body": [],
+                 "goals": [],
+                 "reading": "",
+                 "summary": [],
+                 "voiceRules": [],
+               },
+               "id": "166ab216-93f4-4724-a5a5-876ed7ceef81",
+               "kind": "character",
+               "name": "話者ユキ",
+               "projectId": "521e3d89-e637-4acf-96e3-4a4489a90e8b",
+               "revision": "0",
+               "status": "confirmed",
+               "updatedAt": "2026-10-08T11:27:01.384Z",
+               "visibility": "private",
+             },
+             {
+               "createdAt": "2026-10-08T11:27:01.384Z",
+               "customValues": {},
+               "data": {
+                 "authorNotes": [],
+                 "sceneIds": [
+                   "84a1aff4-fbdd-4c5a-91da-1c689e2da548",
+                   "73f42ab1-e30a-46cf-b903-c35993ef5c9c",
+                 ],
+                 "structureRole": "",
+                 "summary": [],
+               },
+               "id": "97b5fd9f-4764-4686-a21f-0ce4c66573f4",
+               "kind": "chapter",
+               "name": "独立章",
+               "projectId": "521e3d89-e637-4acf-96e3-4a4489a90e8b",
+               "revision": "0",
+               "status": "confirmed",
+               "updatedAt": "2026-10-08T11:27:01.384Z",
+               "visibility": "private",
+             },
+             {
+               "createdAt": "2026-10-08T11:27:01.384Z",
+               "customValues": {},
+               "data": {
+                 "choiceEdgeId": null,
+                 "cueIds": [
+                   "fe809152-34a9-4bca-9983-cd2083aea554",
+                 ],
+                 "originLineIds": [],
+                 "speakerId": "f6e66eb3-b4ab-4b1c-9a77-70c286843c8e",
+                 "text": [
+                   {
+                     "id": "7cf5396e-e69e-4e58-a7aa-43b61725bc31",
+                     "kind": "paragraph",
+                     "links": [
+                       {
+                         "end": 5,
+                         "start": 3,
+                         "target": {
+                           "entityId": "166ab216-93f4-4724-a5a5-876ed7ceef81",
+                         },
+                       },
+                     ],
+                     "ruby": [
+                       {
+                         "end": 2,
+                         "start": 1,
+                         "text": "かぎ",
+                       },
+                     ],
+                     "text": "😀鍵を開く。",
+                   },
+                 ],
+               },
+               "id": "c9d5a8dc-2cb1-4f24-b1d4-039938d3c66b",
+               "kind": "dialogue_line",
+               "name": "共通元改ざん",
+               "projectId": "521e3d89-e637-4acf-96e3-4a4489a90e8b",
+               "revision": "0",
+               "status": "confirmed",
+               "updatedAt": "2026-10-08T11:27:01.384Z",
+               "visibility": "private",
+             },
+             {
+               "createdAt": "2026-10-08T11:27:01.384Z",
+               "customValues": {},
+               "data": {
+                 "choiceEdgeId": null,
+                 "cueIds": [],
+                 "originLineIds": [],
+                 "speakerId": "f6e66eb3-b4ab-4b1c-9a77-70c286843c8e",
+                 "text": [
+                   {
+                     "id": "22e30294-5f44-4b60-9c1e-ebe1ab48ea79",
+                     "kind": "paragraph",
+                     "text": "また後で。",
+                   },
+                 ],
+               },
+               "id": "61589f40-4eb6-4deb-90e6-08b39f2977d2",
+               "kind": "dialogue_line",
+               "name": "独立次台詞",
+               "projectId": "521e3d89-e637-4acf-96e3-4a4489a90e8b",
+               "revision": "0",
+               "status": "confirmed",
+               "updatedAt": "2026-10-08T11:27:01.384Z",
+               "visibility": "private",
+             },
+             {
+               "createdAt": "2026-10-08T11:27:01.384Z",
+               "customValues": {},
+               "data": {
+                 "authorNotes": [],
+                 "blockIds": [],
+                 "body": [
+                   {
+                     "id": "09b24881-2571-40ff-976b-4f8d4e4c8132",
+                     "kind": "paragraph",
+                     "text": "A本文",
+                   },
+                 ],
+                 "chapterId": "97b5fd9f-4764-4686-a21f-0ce4c66573f4",
+                 "conflicts": [],
+                 "dialogueLineIds": [
+                   "c9d5a8dc-2cb1-4f24-b1d4-039938d3c66b",
+                   "61589f40-4eb6-4deb-90e6-08b39f2977d2",
+                 ],
+                 "eventIds": [],
+                 "goals": [],
+                 "importance": null,
+                 "newInformation": [],
+                 "povId": null,
+                 "results": [],
+                 "summary": [],
+                 "tension": null,
+                 "threadIds": [],
+               },
+               "id": "84a1aff4-fbdd-4c5a-91da-1c689e2da548",
+               "kind": "scene",
+               "name": "独立使用場面A",
+               "projectId": "521e3d89-e637-4acf-96e3-4a4489a90e8b",
+               "revision": "0",
+               "status": "confirmed",
+               "updatedAt": "2026-10-08T11:27:01.384Z",
+               "visibility": "private",
+             },
+             {
+               "createdAt": "2026-10-08T11:27:01.384Z",
+               "customValues": {},
+               "data": {
+                 "authorNotes": [],
+                 "blockIds": [],
+                 "body": [
+                   {
+                     "id": "f06e4f07-85d9-4ce1-975a-67e903d4bf1b",
+                     "kind": "paragraph",
+                     "text": "B本文",
+                   },
+                 ],
+                 "chapterId": "97b5fd9f-4764-4686-a21f-0ce4c66573f4",
+                 "conflicts": [],
+                 "dialogueLineIds": [
+                   "c9d5a8dc-2cb1-4f24-b1d4-039938d3c66b",
+                   "61589f40-4eb6-4deb-90e6-08b39f2977d2",
+                 ],
+                 "eventIds": [],
+                 "goals": [],
+                 "importance": null,
+                 "newInformation": [],
+                 "povId": null,
+                 "results": [],
+                 "summary": [],
+                 "tension": null,
+                 "threadIds": [],
+               },
+               "id": "73f42ab1-e30a-46cf-b903-c35993ef5c9c",
+               "kind": "scene",
+               "name": "独立使用場面B",
+               "projectId": "521e3d89-e637-4acf-96e3-4a4489a90e8b",
+               "revision": "0",
+               "status": "confirmed",
+               "updatedAt": "2026-10-08T11:27:01.384Z",
+               "visibility": "private",
+             },
+             {
+               "createdAt": "2026-10-08T11:27:01.384Z",
+               "customValues": {},
+               "data": {
+                 "accessedAt": "2026-10-08T11:00:00Z",
+                 "attachmentId": "510e8c51-46c6-416e-a659-3f2d48ff333f",
+                 "excerptLocation": "0〜250ms",
+                 "interpretation": [
+                   {
+                     "id": "0143d7e2-97a4-41f3-ad34-0f816e0eff78",
+                     "kind": "paragraph",
+                     "text": "作者の解釈",
+                   },
+                 ],
+                 "locator": "作者が作成した短いPCM",
+                 "redistributionAllowed": true,
+                 "sourceType": "file",
+               },
+               "id": "eab7f06b-3113-4a9b-9a6d-a0f7b1a36996",
+               "kind": "source",
+               "name": "独立音声資料",
+               "projectId": "521e3d89-e637-4acf-96e3-4a4489a90e8b",
+               "revision": "0",
+               "status": "confirmed",
+               "updatedAt": "2026-10-08T11:27:01.384Z",
+               "visibility": "private",
+             },
+             {
+               "createdAt": "2026-10-08T11:27:01.387Z",
+               "customValues": {},
+               "data": {
+                 "assetPath": "assets/9d32f6d21a9c5da7a62fe802f9e30f2f4467e0e91ec21641ebfeb97cadbeaebd.wav",
+                 "byteSize": 4078,
+                 "contentHash": "9d32f6d21a9c5da7a62fe802f9e30f2f4467e0e91ec21641ebfeb97cadbeaebd",
+                 "displayName": "独立旧音声.wav",
+                 "licenseNote": "作者作成",
+                 "mediaType": "audio/wav",
+                 "provenanceId": "eab7f06b-3113-4a9b-9a6d-a0f7b1a36996",
+                 "revisionHistory": [],
+                 "stage": "temporary",
+               },
+               "id": "510e8c51-46c6-416e-a659-3f2d48ff333f",
+               "kind": "attachment",
+               "name": "独立旧音声",
+               "projectId": "521e3d89-e637-4acf-96e3-4a4489a90e8b",
+               "revision": "0",
+               "status": "confirmed",
+               "updatedAt": "2026-10-08T11:27:01.387Z",
+               "visibility": "private",
+             },
+             {
+               "createdAt": "2026-10-08T11:27:01.387Z",
+               "customValues": {},
+               "data": {
+                 "anchor": {
+                   "blockId": "7cf5396e-e69e-4e58-a7aa-43b61725bc31",
+                   "end": 5,
+                   "entityId": "c9d5a8dc-2cb1-4f24-b1d4-039938d3c66b",
+                   "lineId": "c9d5a8dc-2cb1-4f24-b1d4-039938d3c66b",
+                   "start": 3,
+                 },
+                 "attachmentId": "510e8c51-46c6-416e-a659-3f2d48ff333f",
+                 "camera": "固定カメラ",
+                 "cueType": "sound",
+                 "expression": "",
+                 "mediaTime": 1000,
+                 "speakerId": "f6e66eb3-b4ab-4b1c-9a77-70c286843c8e",
+                 "stage": "reviewed",
+                 "waitMs": 250,
+               },
+               "id": "fe809152-34a9-4bca-9983-cd2083aea554",
+               "kind": "cue",
+               "name": "独立右位置演出",
+               "projectId": "521e3d89-e637-4acf-96e3-4a4489a90e8b",
+               "revision": "0",
+               "status": "confirmed",
+               "updatedAt": "2026-10-08T11:27:01.387Z",
+               "visibility": "private",
+             },
+             {
+               "createdAt": "2026-10-08T11:27:01.387Z",
+               "customValues": {},
+               "data": {
+                 "anchor": {
+                   "blockId": "7cf5396e-e69e-4e58-a7aa-43b61725bc31",
+                   "end": 5,
+                   "entityId": "c9d5a8dc-2cb1-4f24-b1d4-039938d3c66b",
+                   "lineId": "c9d5a8dc-2cb1-4f24-b1d4-039938d3c66b",
+                   "sourceVersionId": "ce77353c-ef00-4a3b-bf82-4a1ff7cf4675",
+                   "start": 3,
+                 },
+                 "caption": [
+                   {
+                     "id": "dbc60324-a9d0-440e-aacd-b22f4547e2e8",
+                     "kind": "paragraph",
+                     "text": "😀カギを開く",
+                   },
+                 ],
+                 "cueIds": [],
+                 "finalAssetId": null,
+                 "mediaEndMs": 1200,
+                 "mediaStartMs": 1000,
+                 "referenceAssetId": null,
+               },
+               "id": "23c69cdf-39dc-4a92-b9b7-9fc81b1cf18c",
+               "kind": "storyboard_frame",
+               "name": "独立演出依存コマ",
+               "projectId": "521e3d89-e637-4acf-96e3-4a4489a90e8b",
+               "revision": "0",
+               "status": "confirmed",
+               "updatedAt": "2026-10-08T11:27:01.387Z",
+               "visibility": "private",
+             },
+             {
+               "createdAt": "2026-10-08T11:27:01.388Z",
+               "customValues": {},
+               "data": {
+                 "language": "en",
+                 "recordingIds": [],
+                 "reviewedBy": "5f8e7f6f-d830-43c7-9868-3c41870ab508",
+                 "sourceHash": "8c59c491f537467cbdba2e68b5baa88651e335964eefe616fe47208e70c0b46c",
+                 "sourceLineId": "c9d5a8dc-2cb1-4f24-b1d4-039938d3c66b",
+                 "stage": "reviewed",
+                 "text": [
+                   {
+                     "id": "3cca364a-2cb4-4ce4-9c80-54780710212e",
+                     "kind": "paragraph",
+                     "text": "😀カギを開く translated.",
+                   },
+                 ],
+               },
+               "id": "26c5b0a0-eb1d-41ce-b1c3-7763bf912a66",
+               "kind": "localization",
+               "name": "独立翻訳",
+               "projectId": "521e3d89-e637-4acf-96e3-4a4489a90e8b",
+               "revision": "0",
+               "status": "confirmed",
+               "updatedAt": "2026-10-08T11:27:01.388Z",
+               "visibility": "private",
+             },
+             {
+               "createdAt": "2026-10-08T11:27:01.388Z",
+               "customValues": {},
+               "data": {
+                 "attachmentId": "510e8c51-46c6-416e-a659-3f2d48ff333f",
+                 "language": "ja",
+                 "notes": [],
+                 "reviewedBy": "5f8e7f6f-d830-43c7-9868-3c41870ab508",
+                 "sourceHash": "8c59c491f537467cbdba2e68b5baa88651e335964eefe616fe47208e70c0b46c",
+                 "sourceLineId": "c9d5a8dc-2cb1-4f24-b1d4-039938d3c66b",
+                 "stage": "reviewed",
+                 "translationId": null,
+               },
+               "id": "c9754526-d913-43ac-8dc4-828e4530301b",
+               "kind": "recording",
+               "name": "独立収録",
+               "projectId": "521e3d89-e637-4acf-96e3-4a4489a90e8b",
+               "revision": "0",
+               "status": "confirmed",
+               "updatedAt": "2026-10-08T11:27:01.388Z",
+               "visibility": "private",
+             },
+             {
+               "createdAt": "2026-10-08T11:27:01.389Z",
+               "customValues": {},
+               "data": {
+                 "contentHash": "a5886de9114ff87b393af8736b2dfd145960823896282626144eda3d44649c75",
+                 "immutable": true,
+                 "parentVersionIds": [],
+                 "referencedWorldVersionIds": [],
+                 "releasedAt": null,
+                 "versionLabel": "独立変更前固定版",
+               },
+               "id": "ce77353c-ef00-4a3b-bf82-4a1ff7cf4675",
+               "kind": "snapshot",
+               "name": "独立変更前固定版",
+               "projectId": "521e3d89-e637-4acf-96e3-4a4489a90e8b",
+               "revision": "0",
+               "status": "provisional",
+               "updatedAt": "2026-10-08T11:27:01.389Z",
+               "visibility": "private",
+             },
+             {
+               "createdAt": "2026-10-08T11:27:01.389Z",
+               "customValues": {},
+               "data": {
+                 "assigneeId": null,
+                 "body": [
+                   {
+                     "id": "d9ab3fc6-20ad-4268-aa13-911f7f987348",
+                     "kind": "paragraph",
+                     "text": "旧版への指摘",
+                   },
+                 ],
+                 "quotedText": "",
+                 "resolution": [],
+                 "stage": "open",
+                 "target": {
+                   "blockId": "7cf5396e-e69e-4e58-a7aa-43b61725bc31",
+                   "end": 5,
+                   "entityId": "c9d5a8dc-2cb1-4f24-b1d4-039938d3c66b",
+                   "lineId": "c9d5a8dc-2cb1-4f24-b1d4-039938d3c66b",
+                   "sourceVersionId": "ce77353c-ef00-4a3b-bf82-4a1ff7cf4675",
+                   "start": 3,
+                 },
+                 "targetVersionId": "ce77353c-ef00-4a3b-bf82-4a1ff7cf4675",
+               },
+               "id": "5dc2ade9-d6a2-44e5-8b65-86b72fae235c",
+               "kind": "review",
+               "name": "独立旧pin引用",
+               "projectId": "521e3d89-e637-4acf-96e3-4a4489a90e8b",
+               "revision": "0",
+               "status": "confirmed",
+               "updatedAt": "2026-10-08T11:27:01.389Z",
+               "visibility": "private",
+             },
+             {
+               "createdAt": "2026-10-08T11:33:32.093Z",
+               "customValues": {},
+               "data": {
+                 "edgeIds": [
+                   "daf11d62-1a02-4016-8a49-2b8cf205f4c2",
+                 ],
+                 "entryIds": [
+                   "c838e65e-4f3c-44e1-8ee3-3cbf631d380c",
+                 ],
+                 "exitIds": [],
+                 "nodeIds": [
+                   "c838e65e-4f3c-44e1-8ee3-3cbf631d380c",
+                   "c2b00298-0c84-434c-8650-452130deea49",
+                 ],
+                 "parameters": [],
+                 "parentGraphId": null,
+               },
+               "id": "da97acf7-992b-4a5c-beac-2d36981dae6d",
+               "kind": "flow_graph",
+               "name": "独立通常graph",
+               "projectId": "521e3d89-e637-4acf-96e3-4a4489a90e8b",
+               "revision": "0",
+               "status": "confirmed",
+               "updatedAt": "2026-10-08T11:33:32.093Z",
+               "visibility": "private",
+             },
+             {
+               "createdAt": "2026-10-08T11:33:32.102Z",
+               "customValues": {},
+               "data": {
+                 "childGraphId": null,
+                 "executionPolicy": "manual_choice",
+                 "fallbackId": null,
+                 "gate": {
+                   "op": "constant",
+                   "value": true,
+                 },
+                 "nodeType": "entry",
+                 "sceneId": "84a1aff4-fbdd-4c5a-91da-1c689e2da548",
+                 "terminalReason": "",
+               },
+               "id": "c838e65e-4f3c-44e1-8ee3-3cbf631d380c",
+               "kind": "flow_node",
+               "name": "独立通常入口",
+               "projectId": "521e3d89-e637-4acf-96e3-4a4489a90e8b",
+               "revision": "0",
+               "status": "confirmed",
+               "updatedAt": "2026-10-08T11:33:32.102Z",
+               "visibility": "private",
+             },
+             {
+               "createdAt": "2026-10-08T11:33:32.102Z",
+               "customValues": {},
+               "data": {
+                 "childGraphId": null,
+                 "executionPolicy": "manual_choice",
+                 "fallbackId": null,
+                 "gate": {
+                   "op": "constant",
+                   "value": true,
+                 },
+                 "nodeType": "terminal",
+                 "sceneId": "73f42ab1-e30a-46cf-b903-c35993ef5c9c",
+                 "terminalReason": "検査対象終端",
+               },
+               "id": "c2b00298-0c84-434c-8650-452130deea49",
+               "kind": "flow_node",
+               "name": "独立通常終端",
+               "projectId": "521e3d89-e637-4acf-96e3-4a4489a90e8b",
+               "revision": "0",
+               "status": "confirmed",
+               "updatedAt": "2026-10-08T11:33:32.102Z",
+               "visibility": "private",
+             },
+             {
+               "createdAt": "2026-10-08T11:33:32.102Z",
+               "customValues": {},
+               "data": {
+                 "choiceLineId": null,
+                 "condition": {
+                   "op": "constant",
+                   "value": true,
+                 },
+                 "edgeType": "choice",
+                 "effectIds": [],
+                 "fromId": "c838e65e-4f3c-44e1-8ee3-3cbf631d380c",
+                 "label": "次の本文",
+                 "priority": 0,
+                 "toId": "c2b00298-0c84-434c-8650-452130deea49",
+               },
+               "id": "daf11d62-1a02-4016-8a49-2b8cf205f4c2",
+               "kind": "flow_edge",
+               "name": "独立通常進行",
+               "projectId": "521e3d89-e637-4acf-96e3-4a4489a90e8b",
+               "revision": "0",
+               "status": "confirmed",
+               "updatedAt": "2026-10-08T11:33:32.102Z",
+               "visibility": "private",
+             },
+             {
+               "createdAt": "2026-10-08T12:05:28.393Z",
+               "customValues": {},
+               "data": {
+                 "addressing": "",
+                 "characterId": "f6e66eb3-b4ab-4b1c-9a77-70c286843c8e",
+                 "examples": [],
+                 "exceptions": [],
+                 "firstPerson": "私",
+                 "phrasing": "",
+                 "validity": {
+                   "presentationAnchor": null,
+                   "routeCondition": null,
+                   "worldRange": {
+                     "end": "20",
+                     "start": "10",
+                   },
+                 },
+               },
+               "id": "0eb77ca1-3ed8-4e47-9f4e-0aacec158db0",
+               "kind": "voice_rule",
+               "name": "旧話者の作者口調基準",
+               "projectId": "521e3d89-e637-4acf-96e3-4a4489a90e8b",
+               "revision": "0",
+               "status": "confirmed",
+               "updatedAt": "2026-10-08T12:05:28.393Z",
+               "visibility": "private",
+             },
+             {
+               "createdAt": "2026-10-08T12:22:49.396Z",
+               "customValues": {},
+               "data": {
+                 "authorNotes": [],
+                 "blockIds": [],
+                 "body": [],
+                 "chapterId": "97b5fd9f-4764-4686-a21f-0ce4c66573f4",
+                 "conflicts": [],
+                 "eventIds": [],
+                 "goals": [],
+                 "importance": null,
+                 "newInformation": [],
+                 "povId": null,
+                 "results": [],
+                 "summary": [],
+                 "tension": null,
+                 "threadIds": [],
+               },
+               "id": "06abeb81-4818-4543-aa1f-da45d49ee9ef",
+               "kind": "scene",
+               "name": "旧共通台詞の使用先",
+               "projectId": "521e3d89-e637-4acf-96e3-4a4489a90e8b",
+               "revision": "0",
+               "status": "confirmed",
+               "updatedAt": "2026-10-08T12:22:49.396Z",
+               "visibility": "private",
+             },
+           ],
+           "formatVersion": "1.0.0",
+           "mainStart": "0",
+           "name": "独立RB07 境界と旧対応",
+           "projectId": "521e3d89-e637-4acf-96e3-4a4489a90e8b",
+           "relations": [],
+           "revision": "0",
+           "views": [],
+           "worldReferences": [],
+         },
+         "contentHash": "a678c292b69a76179ef408ab66716161b60e3927c81f7650b1bd578ff5f6af0a",
+         "createdAt": "2026-10-08T12:22:49.399Z",
+         "id": "931a2011-d03e-481c-b31c-da252d6941ac",
+         "versionLabel": "共通元の固定版 0",
+       },
+       {
+         "content": {
+           "calendarId": "proleptic-gregorian-second",
+           "calendars": [
+             {
+               "id": "proleptic-gregorian-second",
+               "kind": "gregorian",
+               "name": "先発グレゴリオ暦",
+               "originLabel": "0000-01-01 00:00:00",
+               "ticksPerDay": "86400",
+             },
+           ],
+           "entities": [
+             {
+               "createdAt": "2026-10-08T11:27:01.383Z",
+               "customValues": {},
+               "data": {
+                 "aliases": [],
+                 "authorNotes": [],
+                 "body": [],
+                 "goals": [],
+                 "reading": "",
+                 "summary": [],
+                 "voiceRules": [],
+               },
+               "id": "f6e66eb3-b4ab-4b1c-9a77-70c286843c8e",
+               "kind": "character",
+               "name": "話者ヒカリ",
+               "projectId": "521e3d89-e637-4acf-96e3-4a4489a90e8b",
+               "revision": "0",
+               "status": "confirmed",
+               "updatedAt": "2026-10-08T11:27:01.383Z",
+               "visibility": "private",
+             },
+             {
+               "createdAt": "2026-10-08T11:27:01.384Z",
+               "customValues": {},
+               "data": {
+                 "aliases": [],
+                 "authorNotes": [],
+                 "body": [],
+                 "goals": [],
+                 "reading": "",
+                 "summary": [],
+                 "voiceRules": [],
+               },
+               "id": "166ab216-93f4-4724-a5a5-876ed7ceef81",
+               "kind": "character",
+               "name": "話者ユキ",
+               "projectId": "521e3d89-e637-4acf-96e3-4a4489a90e8b",
+               "revision": "0",
+               "status": "confirmed",
+               "updatedAt": "2026-10-08T11:27:01.384Z",
+               "visibility": "private",
+             },
+             {
+               "createdAt": "2026-10-08T11:27:01.384Z",
+               "customValues": {},
+               "data": {
+                 "authorNotes": [],
+                 "sceneIds": [
+                   "84a1aff4-fbdd-4c5a-91da-1c689e2da548",
+                   "73f42ab1-e30a-46cf-b903-c35993ef5c9c",
+                 ],
+                 "structureRole": "",
+                 "summary": [],
+               },
+               "id": "97b5fd9f-4764-4686-a21f-0ce4c66573f4",
+               "kind": "chapter",
+               "name": "独立章",
+               "projectId": "521e3d89-e637-4acf-96e3-4a4489a90e8b",
+               "revision": "0",
+               "status": "confirmed",
+               "updatedAt": "2026-10-08T11:27:01.384Z",
+               "visibility": "private",
+             },
+             {
+               "createdAt": "2026-10-08T11:27:01.384Z",
+               "customValues": {},
+               "data": {
+                 "choiceEdgeId": null,
+                 "cueIds": [
+                   "fe809152-34a9-4bca-9983-cd2083aea554",
+                 ],
+                 "originLineIds": [],
+                 "speakerId": "f6e66eb3-b4ab-4b1c-9a77-70c286843c8e",
+                 "text": [
+                   {
+                     "id": "7cf5396e-e69e-4e58-a7aa-43b61725bc31",
+                     "kind": "paragraph",
+                     "links": [
+                       {
+                         "end": 5,
+                         "start": 3,
+                         "target": {
+                           "entityId": "166ab216-93f4-4724-a5a5-876ed7ceef81",
+                         },
+                       },
+                     ],
+                     "ruby": [
+                       {
+                         "end": 2,
+                         "start": 1,
+                         "text": "かぎ",
+                       },
+                     ],
+                     "text": "😀鍵を開く。",
+                   },
+                 ],
+               },
+               "id": "c9d5a8dc-2cb1-4f24-b1d4-039938d3c66b",
+               "kind": "dialogue_line",
+               "name": "独立原台詞",
+               "projectId": "521e3d89-e637-4acf-96e3-4a4489a90e8b",
+               "revision": "0",
+               "status": "confirmed",
+               "updatedAt": "2026-10-08T11:27:01.384Z",
+               "visibility": "private",
+             },
+             {
+               "createdAt": "2026-10-08T11:27:01.384Z",
+               "customValues": {},
+               "data": {
+                 "choiceEdgeId": null,
+                 "cueIds": [],
+                 "originLineIds": [],
+                 "speakerId": "f6e66eb3-b4ab-4b1c-9a77-70c286843c8e",
+                 "text": [
+                   {
+                     "id": "22e30294-5f44-4b60-9c1e-ebe1ab48ea79",
+                     "kind": "paragraph",
+                     "text": "また後で。",
+                   },
+                 ],
+               },
+               "id": "61589f40-4eb6-4deb-90e6-08b39f2977d2",
+               "kind": "dialogue_line",
+               "name": "独立次台詞",
+               "projectId": "521e3d89-e637-4acf-96e3-4a4489a90e8b",
+               "revision": "0",
+               "status": "confirmed",
+               "updatedAt": "2026-10-08T11:27:01.384Z",
+               "visibility": "private",
+             },
+             {
+               "createdAt": "2026-10-08T11:27:01.384Z",
+               "customValues": {},
+               "data": {
+                 "authorNotes": [],
+                 "blockIds": [],
+                 "body": [
+                   {
+                     "id": "09b24881-2571-40ff-976b-4f8d4e4c8132",
+                     "kind": "paragraph",
+                     "text": "A本文",
+                   },
+                 ],
+                 "chapterId": "97b5fd9f-4764-4686-a21f-0ce4c66573f4",
+                 "conflicts": [],
+                 "dialogueLineIds": [
+                   "c9d5a8dc-2cb1-4f24-b1d4-039938d3c66b",
+                   "61589f40-4eb6-4deb-90e6-08b39f2977d2",
+                 ],
+                 "eventIds": [],
+                 "goals": [],
+                 "importance": null,
+                 "newInformation": [],
+                 "povId": null,
+                 "results": [],
+                 "summary": [],
+                 "tension": null,
+                 "threadIds": [],
+               },
+               "id": "84a1aff4-fbdd-4c5a-91da-1c689e2da548",
+               "kind": "scene",
+               "name": "独立使用場面A",
+               "projectId": "521e3d89-e637-4acf-96e3-4a4489a90e8b",
+               "revision": "0",
+               "status": "confirmed",
+               "updatedAt": "2026-10-08T11:27:01.384Z",
+               "visibility": "private",
+             },
+             {
+               "createdAt": "2026-10-08T11:27:01.384Z",
+               "customValues": {},
+               "data": {
+                 "authorNotes": [],
+                 "blockIds": [],
+                 "body": [
+                   {
+                     "id": "f06e4f07-85d9-4ce1-975a-67e903d4bf1b",
+                     "kind": "paragraph",
+                     "text": "B本文",
+                   },
+                 ],
+                 "chapterId": "97b5fd9f-4764-4686-a21f-0ce4c66573f4",
+                 "conflicts": [],
+                 "dialogueLineIds": [
+                   "c9d5a8dc-2cb1-4f24-b1d4-039938d3c66b",
+                   "61589f40-4eb6-4deb-90e6-08b39f2977d2",
+                 ],
+                 "eventIds": [],
+                 "goals": [],
+                 "importance": null,
+                 "newInformation": [],
+                 "povId": null,
+                 "results": [],
+                 "summary": [],
+                 "tension": null,
+                 "threadIds": [],
+               },
+               "id": "73f42ab1-e30a-46cf-b903-c35993ef5c9c",
+               "kind": "scene",
+               "name": "独立使用場面B",
+               "projectId": "521e3d89-e637-4acf-96e3-4a4489a90e8b",
+               "revision": "0",
+               "status": "confirmed",
+               "updatedAt": "2026-10-08T11:27:01.384Z",
+               "visibility": "private",
+             },
+             {
+               "createdAt": "2026-10-08T11:27:01.384Z",
+               "customValues": {},
+               "data": {
+                 "accessedAt": "2026-10-08T11:00:00Z",
+                 "attachmentId": "510e8c51-46c6-416e-a659-3f2d48ff333f",
+                 "excerptLocation": "0〜250ms",
+                 "interpretation": [
+                   {
+                     "id": "0143d7e2-97a4-41f3-ad34-0f816e0eff78",
+                     "kind": "paragraph",
+                     "text": "作者の解釈",
+                   },
+                 ],
+                 "locator": "作者が作成した短いPCM",
+                 "redistributionAllowed": true,
+                 "sourceType": "file",
+               },
+               "id": "eab7f06b-3113-4a9b-9a6d-a0f7b1a36996",
+               "kind": "source",
+               "name": "独立音声資料",
+               "projectId": "521e3d89-e637-4acf-96e3-4a4489a90e8b",
+               "revision": "0",
+               "status": "confirmed",
+               "updatedAt": "2026-10-08T11:27:01.384Z",
+               "visibility": "private",
+             },
+             {
+               "createdAt": "2026-10-08T11:27:01.387Z",
+               "customValues": {},
+               "data": {
+                 "assetPath": "assets/9d32f6d21a9c5da7a62fe802f9e30f2f4467e0e91ec21641ebfeb97cadbeaebd.wav",
+                 "byteSize": 4078,
+                 "contentHash": "9d32f6d21a9c5da7a62fe802f9e30f2f4467e0e91ec21641ebfeb97cadbeaebd",
+                 "displayName": "独立旧音声.wav",
+                 "licenseNote": "作者作成",
+                 "mediaType": "audio/wav",
+                 "provenanceId": "eab7f06b-3113-4a9b-9a6d-a0f7b1a36996",
+                 "revisionHistory": [],
+                 "stage": "temporary",
+               },
+               "id": "510e8c51-46c6-416e-a659-3f2d48ff333f",
+               "kind": "attachment",
+               "name": "独立旧音声",
+               "projectId": "521e3d89-e637-4acf-96e3-4a4489a90e8b",
+               "revision": "0",
+               "status": "confirmed",
+               "updatedAt": "2026-10-08T11:27:01.387Z",
+               "visibility": "private",
+             },
+             {
+               "createdAt": "2026-10-08T11:27:01.387Z",
+               "customValues": {},
+               "data": {
+                 "anchor": {
+                   "blockId": "7cf5396e-e69e-4e58-a7aa-43b61725bc31",
+                   "end": 5,
+                   "entityId": "c9d5a8dc-2cb1-4f24-b1d4-039938d3c66b",
+                   "lineId": "c9d5a8dc-2cb1-4f24-b1d4-039938d3c66b",
+                   "start": 3,
+                 },
+                 "attachmentId": "510e8c51-46c6-416e-a659-3f2d48ff333f",
+                 "camera": "固定カメラ",
+                 "cueType": "sound",
+                 "expression": "",
+                 "mediaTime": 1000,
+                 "speakerId": "f6e66eb3-b4ab-4b1c-9a77-70c286843c8e",
+                 "stage": "reviewed",
+                 "waitMs": 250,
+               },
+               "id": "fe809152-34a9-4bca-9983-cd2083aea554",
+               "kind": "cue",
+               "name": "独立右位置演出",
+               "projectId": "521e3d89-e637-4acf-96e3-4a4489a90e8b",
+               "revision": "0",
+               "status": "confirmed",
+               "updatedAt": "2026-10-08T11:27:01.387Z",
+               "visibility": "private",
+             },
+             {
+               "createdAt": "2026-10-08T11:27:01.387Z",
+               "customValues": {},
+               "data": {
+                 "anchor": {
+                   "blockId": "7cf5396e-e69e-4e58-a7aa-43b61725bc31",
+                   "end": 5,
+                   "entityId": "c9d5a8dc-2cb1-4f24-b1d4-039938d3c66b",
+                   "lineId": "c9d5a8dc-2cb1-4f24-b1d4-039938d3c66b",
+                   "sourceVersionId": "ce77353c-ef00-4a3b-bf82-4a1ff7cf4675",
+                   "start": 3,
+                 },
+                 "caption": [
+                   {
+                     "id": "dbc60324-a9d0-440e-aacd-b22f4547e2e8",
+                     "kind": "paragraph",
+                     "text": "😀カギを開く",
+                   },
+                 ],
+                 "cueIds": [],
+                 "finalAssetId": null,
+                 "mediaEndMs": 1200,
+                 "mediaStartMs": 1000,
+                 "referenceAssetId": null,
+               },
+               "id": "23c69cdf-39dc-4a92-b9b7-9fc81b1cf18c",
+               "kind": "storyboard_frame",
+               "name": "独立演出依存コマ",
+               "projectId": "521e3d89-e637-4acf-96e3-4a4489a90e8b",
+               "revision": "0",
+               "status": "confirmed",
+               "updatedAt": "2026-10-08T11:27:01.387Z",
+               "visibility": "private",
+             },
+             {
+               "createdAt": "2026-10-08T11:27:01.388Z",
+               "customValues": {},
+               "data": {
+                 "language": "en",
+                 "recordingIds": [],
+                 "reviewedBy": "5f8e7f6f-d830-43c7-9868-3c41870ab508",
+                 "sourceHash": "8c59c491f537467cbdba2e68b5baa88651e335964eefe616fe47208e70c0b46c",
+                 "sourceLineId": "c9d5a8dc-2cb1-4f24-b1d4-039938d3c66b",
+                 "stage": "reviewed",
+                 "text": [
+                   {
+                     "id": "3cca364a-2cb4-4ce4-9c80-54780710212e",
+                     "kind": "paragraph",
+                     "text": "😀カギを開く translated.",
+                   },
+                 ],
+               },
+               "id": "26c5b0a0-eb1d-41ce-b1c3-7763bf912a66",
+               "kind": "localization",
+               "name": "独立翻訳",
+               "projectId": "521e3d89-e637-4acf-96e3-4a4489a90e8b",
+               "revision": "0",
+               "status": "confirmed",
+               "updatedAt": "2026-10-08T11:27:01.388Z",
+               "visibility": "private",
+             },
+             {
+               "createdAt": "2026-10-08T11:27:01.388Z",
+               "customValues": {},
+               "data": {
+                 "attachmentId": "510e8c51-46c6-416e-a659-3f2d48ff333f",
+                 "language": "ja",
+                 "notes": [],
+                 "reviewedBy": "5f8e7f6f-d830-43c7-9868-3c41870ab508",
+                 "sourceHash": "8c59c491f537467cbdba2e68b5baa88651e335964eefe616fe47208e70c0b46c",
+                 "sourceLineId": "c9d5a8dc-2cb1-4f24-b1d4-039938d3c66b",
+                 "stage": "reviewed",
+                 "translationId": null,
+               },
+               "id": "c9754526-d913-43ac-8dc4-828e4530301b",
+               "kind": "recording",
+               "name": "独立収録",
+               "projectId": "521e3d89-e637-4acf-96e3-4a4489a90e8b",
+               "revision": "0",
+               "status": "confirmed",
+               "updatedAt": "2026-10-08T11:27:01.388Z",
+               "visibility": "private",
+             },
+             {
+               "createdAt": "2026-10-08T11:27:01.389Z",
+               "customValues": {},
+               "data": {
+                 "contentHash": "a5886de9114ff87b393af8736b2dfd145960823896282626144eda3d44649c75",
+                 "immutable": true,
+                 "parentVersionIds": [],
+                 "referencedWorldVersionIds": [],
+                 "releasedAt": null,
+                 "versionLabel": "独立変更前固定版",
+               },
+               "id": "ce77353c-ef00-4a3b-bf82-4a1ff7cf4675",
+               "kind": "snapshot",
+               "name": "独立変更前固定版",
+               "projectId": "521e3d89-e637-4acf-96e3-4a4489a90e8b",
+               "revision": "0",
+               "status": "provisional",
+               "updatedAt": "2026-10-08T11:27:01.389Z",
+               "visibility": "private",
+             },
+             {
+               "createdAt": "2026-10-08T11:27:01.389Z",
+               "customValues": {},
+               "data": {
+                 "assigneeId": null,
+                 "body": [
+                   {
+                     "id": "d9ab3fc6-20ad-4268-aa13-911f7f987348",
+                     "kind": "paragraph",
+                     "text": "旧版への指摘",
+                   },
+                 ],
+                 "quotedText": "",
+                 "resolution": [],
+                 "stage": "open",
+                 "target": {
+                   "blockId": "7cf5396e-e69e-4e58-a7aa-43b61725bc31",
+                   "end": 5,
+                   "entityId": "c9d5a8dc-2cb1-4f24-b1d4-039938d3c66b",
+                   "lineId": "c9d5a8dc-2cb1-4f24-b1d4-039938d3c66b",
+                   "sourceVersionId": "ce77353c-ef00-4a3b-bf82-4a1ff7cf4675",
+                   "start": 3,
+                 },
+                 "targetVersionId": "ce77353c-ef00-4a3b-bf82-4a1ff7cf4675",
+               },
+               "id": "5dc2ade9-d6a2-44e5-8b65-86b72fae235c",
+               "kind": "review",
+               "name": "独立旧pin引用",
+               "projectId": "521e3d89-e637-4acf-96e3-4a4489a90e8b",
+               "revision": "0",
+               "status": "confirmed",
+               "updatedAt": "2026-10-08T11:27:01.389Z",
+               "visibility": "private",
+             },
+             {
+               "createdAt": "2026-10-08T11:33:32.093Z",
+               "customValues": {},
+               "data": {
+                 "edgeIds": [
+                   "daf11d62-1a02-4016-8a49-2b8cf205f4c2",
+                 ],
+                 "entryIds": [
+                   "c838e65e-4f3c-44e1-8ee3-3cbf631d380c",
+                 ],
+                 "exitIds": [],
+                 "nodeIds": [
+                   "c838e65e-4f3c-44e1-8ee3-3cbf631d380c",
+                   "c2b00298-0c84-434c-8650-452130deea49",
+                 ],
+                 "parameters": [],
+                 "parentGraphId": null,
+               },
+               "id": "da97acf7-992b-4a5c-beac-2d36981dae6d",
+               "kind": "flow_graph",
+               "name": "独立通常graph",
+               "projectId": "521e3d89-e637-4acf-96e3-4a4489a90e8b",
+               "revision": "0",
+               "status": "confirmed",
+               "updatedAt": "2026-10-08T11:33:32.093Z",
+               "visibility": "private",
+             },
+             {
+               "createdAt": "2026-10-08T11:33:32.102Z",
+               "customValues": {},
+               "data": {
+                 "childGraphId": null,
+                 "executionPolicy": "manual_choice",
+                 "fallbackId": null,
+                 "gate": {
+                   "op": "constant",
+                   "value": true,
+                 },
+                 "nodeType": "entry",
+                 "sceneId": "84a1aff4-fbdd-4c5a-91da-1c689e2da548",
+                 "terminalReason": "",
+               },
+               "id": "c838e65e-4f3c-44e1-8ee3-3cbf631d380c",
+               "kind": "flow_node",
+               "name": "独立通常入口",
+               "projectId": "521e3d89-e637-4acf-96e3-4a4489a90e8b",
+               "revision": "0",
+               "status": "confirmed",
+               "updatedAt": "2026-10-08T11:33:32.102Z",
+               "visibility": "private",
+             },
+             {
+               "createdAt": "2026-10-08T11:33:32.102Z",
+               "customValues": {},
+               "data": {
+                 "childGraphId": null,
+                 "executionPolicy": "manual_choice",
+                 "fallbackId": null,
+                 "gate": {
+                   "op": "constant",
+                   "value": true,
+                 },
+                 "nodeType": "terminal",
+                 "sceneId": "73f42ab1-e30a-46cf-b903-c35993ef5c9c",
+                 "terminalReason": "検査対象終端",
+               },
+               "id": "c2b00298-0c84-434c-8650-452130deea49",
+               "kind": "flow_node",
+               "name": "独立通常終端",
+               "projectId": "521e3d89-e637-4acf-96e3-4a4489a90e8b",
+               "revision": "0",
+               "status": "confirmed",
+               "updatedAt": "2026-10-08T11:33:32.102Z",
+               "visibility": "private",
+             },
+             {
+               "createdAt": "2026-10-08T11:33:32.102Z",
+               "customValues": {},
+               "data": {
+                 "choiceLineId": null,
+                 "condition": {
+                   "op": "constant",
+                   "value": true,
+                 },
+                 "edgeType": "choice",
+                 "effectIds": [],
+                 "fromId": "c838e65e-4f3c-44e1-8ee3-3cbf631d380c",
+                 "label": "次の本文",
+                 "priority": 0,
+                 "toId": "c2b00298-0c84-434c-8650-452130deea49",
+               },
+               "id": "daf11d62-1a02-4016-8a49-2b8cf205f4c2",
+               "kind": "flow_edge",
+               "name": "独立通常進行",
+               "projectId": "521e3d89-e637-4acf-96e3-4a4489a90e8b",
+               "revision": "0",
+               "status": "confirmed",
+               "updatedAt": "2026-10-08T11:33:32.102Z",
+               "visibility": "private",
+             },
+             {
+               "createdAt": "2026-10-08T12:05:28.393Z",
+               "customValues": {},
+               "data": {
+                 "addressing": "",
+                 "characterId": "f6e66eb3-b4ab-4b1c-9a77-70c286843c8e",
+                 "examples": [],
+                 "exceptions": [],
+                 "firstPerson": "私",
+                 "phrasing": "",
+                 "validity": {
+                   "presentationAnchor": null,
+                   "routeCondition": null,
+                   "worldRange": {
+                     "end": "20",
+                     "start": "10",
+                   },
+                 },
+               },
+               "id": "0eb77ca1-3ed8-4e47-9f4e-0aacec158db0",
+               "kind": "voice_rule",
+               "name": "旧話者の作者口調基準",
+               "projectId": "521e3d89-e637-4acf-96e3-4a4489a90e8b",
+               "revision": "0",
+               "status": "confirmed",
+               "updatedAt": "2026-10-08T12:05:28.393Z",
+               "visibility": "private",
+             },
+             {
+               "createdAt": "2026-10-08T12:22:49.396Z",
+               "customValues": {},
+               "data": {
+                 "authorNotes": [],
+                 "blockIds": [],
+                 "body": [],
+                 "chapterId": "97b5fd9f-4764-4686-a21f-0ce4c66573f4",
+                 "conflicts": [],
+                 "eventIds": [],
+                 "goals": [],
+                 "importance": null,
+                 "newInformation": [],
+                 "povId": null,
+                 "results": [],
+                 "reuse": {
+                   "bindings": {
+                     "0143d7e2-97a4-41f3-ad34-0f816e0eff78": "68383d9a-6e02-4b3a-918f-3e3b517214d6",
+                     "09b24881-2571-40ff-976b-4f8d4e4c8132": "325d7d28-6e8b-40df-ad3f-b10129c6ba09",
+                     "166ab216-93f4-4724-a5a5-876ed7ceef81": "166ab216-93f4-4724-a5a5-876ed7ceef81",
+                     "22e30294-5f44-4b60-9c1e-ebe1ab48ea79": "b1dcaab6-1b59-41f0-a55a-9bcff7782973",
+                     "510e8c51-46c6-416e-a659-3f2d48ff333f": "a2c6ced1-0b69-4ef0-b487-d81822180d06",
+                     "61589f40-4eb6-4deb-90e6-08b39f2977d2": "97e44fee-f1bf-413d-912c-c8e2448c11b3",
+                     "7cf5396e-e69e-4e58-a7aa-43b61725bc31": "2a2a255c-20c0-4bd7-9860-92550b206a69",
+                     "84a1aff4-fbdd-4c5a-91da-1c689e2da548": "06abeb81-4818-4543-aa1f-da45d49ee9ef",
+                     "c9d5a8dc-2cb1-4f24-b1d4-039938d3c66b": "fa62defa-3a5f-4dfd-8cf9-2995d50d9a0e",
+                     "eab7f06b-3113-4a9b-9a6d-a0f7b1a36996": "710d2532-2d59-4a52-af31-bad5739dd7e6",
+                     "f6e66eb3-b4ab-4b1c-9a77-70c286843c8e": "f6e66eb3-b4ab-4b1c-9a77-70c286843c8e",
+                     "fe809152-34a9-4bca-9983-cd2083aea554": "f881d6e5-d4ca-433c-a49e-2d3cf33ba5e0",
+                   },
+                   "mode": "reference",
+                   "overrideFields": [],
+                   "pinnedSnapshotId": "931a2011-d03e-481c-b31c-da252d6941ac",
+                   "sourceId": "84a1aff4-fbdd-4c5a-91da-1c689e2da548",
+                 },
+                 "summary": [],
+                 "tension": null,
+                 "threadIds": [],
+               },
+               "id": "06abeb81-4818-4543-aa1f-da45d49ee9ef",
+               "kind": "scene",
+               "name": "旧共通台詞の使用先",
+               "projectId": "521e3d89-e637-4acf-96e3-4a4489a90e8b",
+               "revision": "0",
+               "status": "confirmed",
+               "updatedAt": "2026-10-08T12:22:49.396Z",
+               "visibility": "private",
+             },
+           ],
+           "formatVersion": "1.0.0",
+           "mainStart": "0",
+           "name": "独立RB07 境界と旧対応",
+           "projectId": "521e3d89-e637-4acf-96e3-4a4489a90e8b",
+           "relations": [],
+           "revision": "0",
+           "views": [],
+           "worldReferences": [],
+         },
+         "contentHash": "1178b33937cec29c3f253ffe351996b1dd2bef87f6555e193224895fad1a53f9",
+         "createdAt": "2026-10-08T12:22:49.411Z",
+         "id": "8ea9c3ec-bd2a-45fd-96b7-509bea0cd2b6",
+         "versionLabel": "共通元を含む外側固定版",
+       },
+     ],
+     "views": [],
+     "worldReferences": [],
+   },
+   "verifiedVersionIds": Set {},
  }

 ❯ tests/independent-rb07-production-view.test.ts:49:330


⎯⎯⎯⎯⎯⎯⎯⎯⎯⎯⎯⎯⎯⎯⎯⎯⎯⎯⎯⎯⎯⎯⎯⎯[2/3]⎯

 FAIL  tests/independent-rb07-production-view.test.ts > R7D22 an explicit older-world subtitle pin stays available after the work adopts the newer fixed world
Error: INTEGRITY_FAILED: 制作検査の元台詞の固定版hashを確認できません。現稿で代用しません。
 ❯ verifyProductionSources src/domain/productionChecks.ts:62:589

 ❯ productionCheckView src/domain/productionChecks.ts:65:1299
 ❯ tests/independent-rb07-production-view.test.ts:53:39

⎯⎯⎯⎯⎯⎯⎯⎯⎯⎯⎯⎯⎯⎯⎯⎯⎯⎯⎯⎯⎯⎯⎯⎯[3/3]⎯


 Test Files  1 failed (1)
      Tests  3 failed | 2 passed (5)
   Start at  12:31:27
   Duration  1.52s (transform 57%, tests 31%, import 12%)

