R8U01-consultation-scene-public-blocks-save-cold complete
R8U02-prior-consult-save-does-not-release-later-file-read-on-reentry complete
R8U03-production-estimate-delay-away-failure-doubleclick-cold complete
R8U04-media-preview-save-delay-reentry-cold complete
{
  "passed": 4,
  "failed": 0,
  "results": [
    {
      "id": "R8U01-consultation-scene-public-blocks-save-cold",
      "status": "passed",
      "pageErrors": []
    },
    {
      "id": "R8U02-prior-consult-save-does-not-release-later-file-read-on-reentry",
      "status": "passed",
      "pageErrors": []
    },
    {
      "id": "R8U03-production-estimate-delay-away-failure-doubleclick-cold",
      "status": "passed",
      "pageErrors": []
    },
    {
      "id": "R8U04-media-preview-save-delay-reentry-cold",
      "status": "passed",
      "pageErrors": []
    }
  ]
}
