
 RUN  v5.0.3 /tmp/shinariokanri-independent-rb08-22db870

 ❯ tests/independent-rb08-capability.test.ts (0 test)
 ❯ tests/independent-rb08-boundaries.test.ts (0 test)

⎯⎯⎯⎯⎯⎯ Failed Suites 2 ⎯⎯⎯⎯⎯⎯⎯

 FAIL  tests/independent-rb08-boundaries.test.ts [ tests/independent-rb08-boundaries.test.ts ]
Error: ENOENT: no such file or directory, open '../portable/generated/runtime.js'
 ❯ src/domain/exports.ts:2:1
      1| import type { Entity, ID, ProjectContent, ProjectData, ProjectSnapshot…
      2| import portableScript from '../portable/generated/runtime.js?raw';
       | ^
      3| import { portableRuntimeProject } from './portableRuntimeProject';
      4| import { sha256, jsonBytes } from '../storage/json';
 ❯ tests/independent-rb08-boundaries.test.ts:6:1

⎯⎯⎯⎯⎯⎯⎯⎯⎯⎯⎯⎯⎯⎯⎯⎯⎯⎯⎯⎯⎯⎯⎯⎯[1/2]⎯

 FAIL  tests/independent-rb08-capability.test.ts [ tests/independent-rb08-capability.test.ts ]
Error: ENOENT: no such file or directory, open '../portable/generated/runtime.js'
 ❯ src/domain/exports.ts:2:1
      1| import type { Entity, ID, ProjectContent, ProjectData, ProjectSnapshot…
      2| import portableScript from '../portable/generated/runtime.js?raw';
       | ^
      3| import { portableRuntimeProject } from './portableRuntimeProject';
      4| import { sha256, jsonBytes } from '../storage/json';
 ❯ tests/independent-rb08-capability.test.ts:4:1

⎯⎯⎯⎯⎯⎯⎯⎯⎯⎯⎯⎯⎯⎯⎯⎯⎯⎯⎯⎯⎯⎯⎯⎯[2/2]⎯


 Test Files  2 failed | 1 passed (3)
      Tests  1 passed (1)
   Start at  15:52:32
   Duration  806ms (import 41%, tests 41%, worker 10%, transform 7%, environment 1%)

