
 RUN  v5.0.3 /tmp/shinariokanri-independent-rb05-20261008-4

 ✓ tests/independent-rb05-persistence-boundaries.test.ts > Independent RB05 new persistence and evidence boundaries > R5B01 actual candidate label cannot become principal checked evidence 18ms
 ✓ tests/independent-rb05-persistence-boundaries.test.ts > Independent RB05 new persistence and evidence boundaries > R5B01 mixed candidate label cannot become principal checked evidence 4ms
 ✓ tests/independent-rb05-persistence-boundaries.test.ts > Independent RB05 new persistence and evidence boundaries > R5B02 an arbitrary mid-node start saves a consistent partial observation provenance 20ms
 ✓ tests/independent-rb05-persistence-boundaries.test.ts > Independent RB05 new persistence and evidence boundaries > R5B03 chapter occurrence captures the same pre-effect state and verifies it after pinning 8ms
 ✓ tests/independent-rb05-persistence-boundaries.test.ts > Independent RB05 new persistence and evidence boundaries > R5B04 chapter replay refuses a forged optional pre-presentation observation 23ms
 ✓ tests/independent-rb05-review.test.ts > Independent RB05 original-contract review; not whole AT credit > R5A01 valid finite exclusion permission remains usable across flow lifecycle boundaries 61ms
 ✓ tests/independent-rb05-review.test.ts > Independent RB05 original-contract review; not whole AT credit > R5A02 valid finite exclusion permission remains usable at final chapter presentation 35ms
 ✓ tests/independent-rb05-review.test.ts > Independent RB05 original-contract review; not whole AT credit > R5A03 changed state from payoff knowledge effect cannot retroactively grant a presentation exception 12ms
 ✓ tests/independent-rb05-native-roundtrip.test.ts > R5P05 chapter pre-effect observations and linked dialogue survive two native roundtrips and clone with partial coverage 234ms
 ✓ tests/independent-rb05-persistence-boundaries.test.ts > Independent RB05 new persistence and evidence boundaries > R5P03 flow step replay refuses a forged pre-presentation observation without changing canonical data 50ms
 ✓ tests/independent-rb05-review.test.ts > Independent RB05 original-contract review; not whole AT credit > R5A04 finite presentation visited threshold is explored before state deduplication 10ms
 ✓ tests/independent-rb05-review.test.ts > Independent RB05 original-contract review; not whole AT credit > R5A05 matching a declared stub checkpoint does not become full-play declared-test evidence 11ms
 ✓ tests/independent-rb05-review.test.ts > Independent RB05 original-contract review; not whole AT credit > R5A06 saving a replayed fixed path retains the live declared-set denominator 15ms
 ✓ tests/independent-rb05-review.test.ts > Independent RB05 original-contract review; not whole AT credit > R5A07 callers cannot raise the stated maximum exploration budgets 3ms
 ✓ tests/independent-rb05-native-roundtrip.test.ts > R5P06 stub opening stays stub after native roundtrip and clone and never becomes principal declared-test evidence 116ms
 ✓ tests/independent-rb05-native-roundtrip.test.ts > R5P07 native export refuses a forged chapter observation without mutating the source 12ms
 × tests/independent-rb05-native-roundtrip.test.ts > R5P08 unchanged baseline chapter path can be rechecked without inventing missing optional observations 53ms
   → expected +0 to be 1 // Object.is equality
 ✓ tests/independent-rb05-persistence-boundaries.test.ts > Independent RB05 new persistence and evidence boundaries > R5P04 initial pre-effect observation survives archive, clone and foreshadow re-evaluation 137ms
 ✓ tests/independent-rb05-persistence-boundaries.test.ts > Independent RB05 new persistence and evidence boundaries > R5B06 an explicitly stubbed opening keeps stub provenance when its saved checkpoint is replayed 48ms
 ✓ tests/independent-rb05-persistence-boundaries.test.ts > Independent RB05 new persistence and evidence boundaries > R5B05 executable projection cannot remove a present scene dialogue dependency 23ms
 ✓ tests/independent-rb05-review.test.ts > Independent RB05 original-contract review; not whole AT credit > R5P01 exclusion/alternative/dialogue intention/declaration IDs survive full-file restore and independent clone 210ms
 ✓ tests/independent-rb05-review.test.ts > Independent RB05 original-contract review; not whole AT credit > R5P02 existing executable exporters reject an unsupported exclusion instead of silently dropping it 56ms
 ✓ tests/independent-historical-trace.test.ts > IC11 replays a successful unchanged baseline snapshot trace after a complete-file roundtrip 125ms
 ✓ tests/independent-historical-trace.test.ts > IC12 replays a successful unchanged baseline chapter trace after a complete-file roundtrip 58ms

⎯⎯⎯⎯⎯⎯⎯ Failed Tests 1 ⎯⎯⎯⎯⎯⎯⎯

 FAIL  tests/independent-rb05-native-roundtrip.test.ts > R5P08 unchanged baseline chapter path can be rechecked without inventing missing optional observations
AssertionError: expected +0 to be 1 // Object.is equality

- Expected
+ Received

- 1
+ 0

 ❯ tests/independent-rb05-native-roundtrip.test.ts:77:114


⎯⎯⎯⎯⎯⎯⎯⎯⎯⎯⎯⎯⎯⎯⎯⎯⎯⎯⎯⎯⎯⎯⎯⎯[1/1]⎯


 Test Files  1 failed | 3 passed (4)
      Tests  1 failed | 23 passed (24)
   Start at  03:55:22
   Duration  2.45s (transform 57%, tests 25%, import 18%)

  Transform  transforming modules took 3.03s · 57% of tracked time, re-done on every run
             persist transforms across runs with fsModuleCache: true
             learn more: https://vitest.dev/guide/improving-performance#caching-between-reruns

