
 RUN  v5.0.3 /tmp/shinariokanri-independent-rb05-narrative-5c28c04

 ❯ tests/independent-edition-extra.test.ts (3 tests | 3 failed) 171ms
   × EN09 fixed source finite exclusion permission is identical at chapter start and flow start 67ms
   × EN10 migration preserves scoped fixed exclusion state when the target runtime context is known 58ms
   × EN11 retained typed initial stub input cannot contradict its saved starting state or replay proof 45ms

⎯⎯⎯⎯⎯⎯⎯ Failed Tests 3 ⎯⎯⎯⎯⎯⎯⎯

 FAIL  tests/independent-edition-extra.test.ts > EN09 fixed source finite exclusion permission is identical at chapter start and flow start
AssertionError: expected '相互排他に反する状態です。限定期間に確定根拠があるときのみ同時採用' to be '' // Object.is equality

- Expected
+ Received

+ 相互排他に反する状態です。限定期間に確定根拠があるときのみ同時採用

 ❯ tests/independent-edition-extra.test.ts:26:171


⎯⎯⎯⎯⎯⎯⎯⎯⎯⎯⎯⎯⎯⎯⎯⎯⎯⎯⎯⎯⎯⎯⎯⎯[1/3]⎯

 FAIL  tests/independent-edition-extra.test.ts > EN10 migration preserves scoped fixed exclusion state when the target runtime context is known
AssertionError: expected '相互排他に反する状態です。限定期間に確定根拠があるときのみ同時採用' to be '' // Object.is equality

- Expected
+ Received

+ 相互排他に反する状態です。限定期間に確定根拠があるときのみ同時採用

 ❯ tests/independent-edition-extra.test.ts:30:228


⎯⎯⎯⎯⎯⎯⎯⎯⎯⎯⎯⎯⎯⎯⎯⎯⎯⎯⎯⎯⎯⎯⎯⎯[2/3]⎯

 FAIL  tests/independent-edition-extra.test.ts > EN11 retained typed initial stub input cannot contradict its saved starting state or replay proof
AssertionError: expected 'terminal' to be 'error' // Object.is equality

Expected: "error"
Received: "terminal"

 ❯ tests/independent-edition-extra.test.ts:33:817


⎯⎯⎯⎯⎯⎯⎯⎯⎯⎯⎯⎯⎯⎯⎯⎯⎯⎯⎯⎯⎯⎯⎯⎯[3/3]⎯


 Test Files  1 failed (1)
      Tests  3 failed (3)
   Start at  08:09:21
   Duration  732ms (transform 61%, tests 27%, import 12%)

