RD-start-other complete
RD-replay-reenter complete
RD-version-selection complete
RD-save-conflict complete
RD-trigger complete
RD-unknown complete
{
  "passed": 3,
  "failed": 3,
  "results": [
    {
      "id": "RD-start-other",
      "status": "failed",
      "error": "locator.click: Timeout 10000ms exceeded.\nCall log:\n\u001b[2m  - waiting for locator('.project-switch')\u001b[22m\n\u001b[2m    - locator resolved to <button class=\"project-switch\">…</button>\u001b[22m\n\u001b[2m  - attempting click action\u001b[22m\n\u001b[2m    2 × waiting for element to be visible, enabled and stable\u001b[22m\n\u001b[2m      - element is visible, enabled and stable\u001b[22m\n\u001b[2m      - scrolling into view if needed\u001b[22m\n\u001b[2m      - done scrolling\u001b[22m\n\u001b[2m      - element is outside of the viewport\u001b[22m\n\u001b[2m    - retrying click action\u001b[22m\n\u001b[2m    - waiting 20ms\u001b[22m\n\u001b[2m    2 × waiting for element to be visible, enabled and stable\u001b[22m\n\u001b[2m      - element is visible, enabled and stable\u001b[22m\n\u001b[2m      - scrolling into view if needed\u001b[22m\n\u001b[2m      - done scrolling\u001b[22m\n\u001b[2m      - element is outside of the viewport\u001b[22m\n\u001b[2m    - retrying click action\u001b[22m\n\u001b[2m      - waiting 100ms\u001b[22m\n\u001b[2m    18 × waiting for element to be visible, enabled and stable\u001b[22m\n\u001b[2m       - element is visible, enabled and stable\u001b[22m\n\u001b[2m       - scrolling into view if needed\u001b[22m\n\u001b[2m       - done scrolling\u001b[22m\n\u001b[2m       - element is outside of the viewport\u001b[22m\n\u001b[2m     - retrying click action\u001b[22m\n\u001b[2m       - waiting 500ms\u001b[22m\n\u001b[2m    - waiting for element to be visible, enabled and stable\u001b[22m\n",
      "pageErrors": []
    },
    {
      "id": "RD-replay-reenter",
      "status": "failed",
      "error": "expect(locator).toHaveValue(expected) failed\n\nLocator:  getByLabel('試読する作品版', { exact: true })\nExpected: \"9e0ae22e-b095-407b-98a9-4ad3891cc829\"\nReceived: \"\"\nTimeout:  5000ms\n\nCall log:\n  - Expect \"toHaveValue\" getByLabel('試読する作品版', { exact: true }) with timeout 5000ms\n  - waiting for getByLabel('試読する作品版', { exact: true })\n    14 × locator resolved to <select aria-label=\"試読する作品版\">…</select>\n       - unexpected value \"\"\n",
      "pageErrors": []
    },
    {
      "id": "RD-version-selection",
      "status": "failed",
      "error": "expect(locator).toHaveValue(expected) failed\n\nLocator:  getByLabel('試読する作品版', { exact: true })\nExpected: \"744e2c9b-46fe-4f9c-81cd-750e53ae9a13\"\nReceived: \"9e0ae22e-b095-407b-98a9-4ad3891cc829\"\nTimeout:  5000ms\n\nCall log:\n  - Expect \"toHaveValue\" getByLabel('試読する作品版', { exact: true }) with timeout 5000ms\n  - waiting for getByLabel('試読する作品版', { exact: true })\n    14 × locator resolved to <select aria-label=\"試読する作品版\">…</select>\n       - unexpected value \"9e0ae22e-b095-407b-98a9-4ad3891cc829\"\n",
      "pageErrors": []
    },
    {
      "id": "RD-save-conflict",
      "status": "passed",
      "pageErrors": []
    },
    {
      "id": "RD-trigger",
      "status": "passed",
      "pageErrors": []
    },
    {
      "id": "RD-unknown",
      "status": "passed",
      "pageErrors": []
    }
  ]
}
