17.11: Pulling from library/postgres
ecc510c1e359: Pulling fs layer
fcdd3a481359: Pulling fs layer
b86134c2eeb6: Pulling fs layer
57644501a07f: Pulling fs layer
affbe3357b39: Pulling fs layer
3be737420556: Pulling fs layer
e30751283c57: Pulling fs layer
c5602f014e9e: Pulling fs layer
c9432d362cca: Pulling fs layer
dc30f2779c66: Pulling fs layer
d43ee31e40df: Pulling fs layer
8aebe6431dc8: Pulling fs layer
52fc2be321a4: Pulling fs layer
99ce35cabaf9: Pulling fs layer
57644501a07f: Waiting
affbe3357b39: Waiting
3be737420556: Waiting
e30751283c57: Waiting
c5602f014e9e: Waiting
c9432d362cca: Waiting
dc30f2779c66: Waiting
d43ee31e40df: Waiting
8aebe6431dc8: Waiting
52fc2be321a4: Waiting
99ce35cabaf9: Waiting
fcdd3a481359: Download complete
ecc510c1e359: Verifying Checksum
ecc510c1e359: Download complete
57644501a07f: Verifying Checksum
57644501a07f: Download complete
b86134c2eeb6: Verifying Checksum
b86134c2eeb6: Download complete
affbe3357b39: Download complete
3be737420556: Verifying Checksum
3be737420556: Download complete
e30751283c57: Verifying Checksum
e30751283c57: Download complete
ecc510c1e359: Pull complete
fcdd3a481359: Pull complete
c5602f014e9e: Verifying Checksum
c5602f014e9e: Download complete
dc30f2779c66: Verifying Checksum
dc30f2779c66: Download complete
b86134c2eeb6: Pull complete
d43ee31e40df: Verifying Checksum
d43ee31e40df: Download complete
8aebe6431dc8: Verifying Checksum
8aebe6431dc8: Download complete
52fc2be321a4: Verifying Checksum
52fc2be321a4: Download complete
57644501a07f: Pull complete
99ce35cabaf9: Verifying Checksum
99ce35cabaf9: Download complete
affbe3357b39: Pull complete
3be737420556: Pull complete
e30751283c57: Pull complete
c5602f014e9e: Pull complete
c9432d362cca: Verifying Checksum
c9432d362cca: Download complete
c9432d362cca: Pull complete
dc30f2779c66: Pull complete
d43ee31e40df: Pull complete
8aebe6431dc8: Pull complete
52fc2be321a4: Pull complete
99ce35cabaf9: Pull complete
Digest: sha256:2d2b8998d31037bf721cfdf764d76ba74171b4fab3431b7f72c27c56ddbdf9e3
Status: Downloaded newer image for postgres:17.11
docker.io/library/postgres:17.11
