
> shinariokanri@0.1.0 pretest
> node scripts/build/portable-runtime.mjs

Production portable runtime generated: 144259 characters

> shinariokanri@0.1.0 test
> vitest run --reporter=default --reporter=json --outputFile.json=/tmp/shinariokanri-rb10-c1-unit.json


 RUN  v5.0.3 /workspace/shinariokanri-rb10

stderr | src/storage/rb06Recovery.test.ts > RB06 complete recovery and arbitrary historical selection > retains native file and mapping drafts across restart, and freezes migration restore-point approval
Another connection wants to delete database 'draft-68ec14d3-d267-47d0-a609-05231be7f5a7'. Closing db now to resume the delete request.

stderr | src/storage/rb06Recovery.test.ts > RB06 complete recovery and arbitrary historical selection > upgrades a v1 database with genuine old native content by appending operational tables without changing saved IDs or replay
Another connection wants to delete database 'v1-upgrade-af74d1e6-53f4-445e-887d-eef9483810ea'. Closing db now to resume the delete request.

 ✓ src/storage/rb06Recovery.test.ts (13 tests) 4810ms
   ✓ RB06 complete recovery and arbitrary historical selection (13)
     ✓ preserves a declared item ID shared with runtime inventories through enumeration and clone recovery 932ms
     ✓ selects history older than fifty, distinguishes unit from whole, freezes approval and retains immutable editions 646ms
     ✓ restores every kind, stable body IDs, selected immutable edition, transitive worlds, author receipts, bytes and ordered pending to empty and clone environments 2482ms
 ✓ src/storage/rb08Handoff.test.ts (17 tests) 3094ms
   ✓ RB08 production handoff and independent portable engine (6)
     ✓ imports consultation text only into a sealed author alternative with source/edition and independent paragraph IDs, then roundtrips without applying canonical text 309ms
   ✓ receives explicit game-owned contracts and stable dialogue/asset IDs, verifies actual mechanics and replay, then atomically saves/reloads/empty-clones the receipt without executing a game from trials 450ms
   ✓ exports independently approved old citations with Unicode positions and distinct old/new asset bytes, verifies receipt, and empty-restores native policies 738ms
   ✓ keeps an explicitly approved world citation on its verified old edition after adoption advances, and refuses absent hashes/cyclic approval 826ms
 ✓ tests/timeResolver.test.ts (5 tests) 9680ms
   ✓ canonical iterative time resolution (5)
     ✓ validates, saves, reloads and restores a real 5,001-event relative chain 9674ms
 ✓ tests/timelineLayout.test.ts (5 tests) 1861ms
   ✓ timeline lanes preserve references and all overlapping events (5)
     ✓ represents every resolved ID in the large seeded fixture and every ID is reachable in virtual windows 1686ms
 ❯ tests/exports.test.ts (21 tests | 2 failed) 2011ms
   ❯ purpose-specific export (21)
     ✓ requires an exact source version instead of guessing the canonical text 5ms
     ✓ writes public prose only and keeps author preview details out of the file 21ms
     ✓ escapes active text and retains ruby, paragraph IDs and vertical reading in HTML 5ms
     ✓ reads immutable snapshot content after a later live edit, and verifies its hash 18ms
     ✓ validates pinned private snapshot dependencies without publishing or replacing their content 70ms
     ✓ exports stable generic flow IDs, typed conditions/effects and no author variants 9ms
     ✓ refuses anonymous sequence IDs for production unless stable public IDs are declared 8ms
     ✓ refuses unresolved destinations, unknown conditions, missing effects and unsupported fields 12ms
     ✓ refuses unknown initial values, arbitrary external operations and engine adapters 11ms
     ✓ remaps enum initial values and comparisons consistently to approved public labels 25ms
     ✓ carries external contracts without pretending that a stub is game evidence 18ms
     ✓ writes translation JSON and Markdown with public content hashes and stale state 21ms
     ✓ keeps the line ID/hash after reordering records or changing their author display names 5ms
     ✓ keeps secret state values and out-of-scope focus IDs out of manual consultation 6ms
     ✓ creates a manual alternate proposal with provenance without updating the canonical project 1ms
     ✓ builds a portable playable ZIP with verified files and declared capabilities 57ms
     × runs the exported HTML in Chromium, renders active text safely, and restores the complete state 1010ms
     × rolls back every exported effect when a later effect violates an integer bound 525ms
     ✓ retains declared triggers, all_match and every declared entry in the executable ZIP 65ms
     ✓ retains disclosure arrival effects even when the public profile hides that dependency 86ms
     ✓ refuses omitting block and choice-line references that contribute to presentation state 28ms
 ✓ src/storage/recordParts.test.ts (5 tests) 1736ms
   ✓ refuses missing, altered, wrong-scope and repeated parts, cyclic graphs, sparse arrays and cancelled work 1688ms
stderr | src/storage/authorAlternativesDurability.test.ts > native author alternative durability > keeps branch-only attachment bytes through save, close/reopen, full backup, and restore
Another connection wants to delete database 'alternative-asset-9f8d6001-54ff-4d6e-a762-6b497d599261'. Closing db now to resume the delete request.

stderr | src/storage/performance.test.ts > R06 changed-record saves and portable recovery > loads current editing rows after restart without reading history; retains all history on save/export/empty recovery
Another connection wants to delete database 'lazy-a460922a-1b44-4d8c-b2af-93da58cd3189'. Closing db now to resume the delete request.

stderr | src/storage/performance.test.ts > R06 changed-record saves and portable recovery > retains checkpoints, old revisions and undo across more than 64 compact commands
Another connection wants to delete database 'checkpoints-17f91954-80bf-4aac-9eb6-0569f88a34bb'. Closing db now to resume the delete request.

stderr | src/storage/performance.test.ts > R06 changed-record saves and portable recovery > rejects stale editing tokens, replaced tokens and tampered full history without committing
Another connection wants to delete database 'tokens-efa20419-373e-41bf-8e00-92cc4de24a4c'. Closing db now to resume the delete request.

stderr | src/storage/authorAlternativesDurability.test.ts > native author alternative durability > keeps reference-valued adoption receipts valid through full backup, clone, reopen, and re-export
Another connection wants to delete database 'alternative-clone-316e3ae9-47a2-4078-8b3a-52c7516122eb'. Closing db now to resume the delete request.

stderr | src/storage/performance.test.ts > R06 changed-record saves and portable recovery > preserves an imported revision-zero header in the first compact edit, including after restart
Another connection wants to delete database 'import-zero-681e899a-45c0-478c-8f75-ec3dcbd0d17e'. Closing db now to resume the delete request.

stderr | src/storage/authorAlternativesDurability.test.ts > native author alternative durability > records removed entities and relations as logically absent across native reopen and full backup
Another connection wants to delete database 'alternative-removal-db6c7e2e-8427-468a-8a0a-044a472f4a7e'. Closing db now to resume the delete request.

 ✓ src/storage/authorAlternativesDurability.test.ts (14 tests) 1308ms
   ✓ native author alternative durability (14)
     ✓ keeps reference-valued adoption receipts valid through full backup, clone, reopen, and re-export 410ms
stderr | src/storage/performance.test.ts > R06 changed-record saves and portable recovery > reads legacy v1 full rows/outbox and replays original hashes before adding new deltas
Another connection wants to delete database 'legacy-80e5393a-af10-4c5d-9dea-e41d2ee67d1f'. Closing db now to resume the delete request.

stderr | src/storage/performance.test.ts > R06 changed-record saves and portable recovery > rejects a missing delta base and duplicate immutable snapshot IDs
Another connection wants to delete database 'corrupt-5b563a50-db72-4d90-a0fa-570b3baf42a3'. Closing db now to resume the delete request.

 ✓ src/storage/performance.test.ts (11 tests) 1107ms
stderr | src/storage/rb07Production.test.ts > RB07 authored production workflow and complete recovery > keeps production input and material bytes across reopening; rejects damaged drafts and oversized/active attachments without touching saved author data
Another connection wants to delete database 'rb07-draft-e1035b4b-e061-4a47-a592-b54ea5be2075'. Closing db now to resume the delete request.

 ✓ src/domain/domain.test.ts (95 tests) 1079ms
   ✓ versioned entity and reference contracts (64)
     ✓ compiles the actual JSON Schema and accepts all-kind/condition/query fixtures while rejecting unknown payloads 957ms
 ✓ src/storage/rb07Production.test.ts (22 tests) 1300ms
   ✓ RB07 authored production workflow and complete recovery (12)
     ✓ splits Unicode text with ruby, links and positional cue once; atomically retains old IDs, deliverables and immutable editions through empty/clone roundtrips 448ms
stderr | src/storage/storage.test.ts > atomic IndexedDB commands > persists stable IDs, links, original text and huge negative ticks across restart; undo appends history
Another connection wants to delete database 'restart-3c440a82-b0c9-4936-8c73-98127e0d3aab'. Closing db now to resume the delete request.

 ✓ src/domain/catalogPerformance.test.ts (4 tests) 806ms
   ✓ catalog batch evaluation cost and dependencies (4)
     ✓ reads Standard records at most twice for production, foreshadow, participant and compound queries 475ms
     ✓ uses the same linear batch path for a saved dynamic collection 328ms
 ✓ src/storage/storage.test.ts (43 tests) 892ms
 ✓ tests/rb09Features.test.ts (27 tests) 827ms
 ✓ tests/rb05-edition-extra.test.ts (9 tests) 675ms
stderr | src/storage/rb09Sync.test.ts > native prepared synchronization (contract server, not real Auth/RLS/Storage) > prepares from confirmed common base rather than the last local command, merges separate fields, persists ack and reopens the same native edition
Another connection wants to delete database 'rb09-628bc60c-7448-4983-8630-a8675e040d42'. Closing db now to resume the delete request.

stderr | src/storage/rb09Sync.test.ts > native prepared synchronization (contract server, not real Auth/RLS/Storage) > keeps the entire rejected batch and base/local/server alternatives across cold reopen, rejects changed approval, and confirms an explicit server resolution
Another connection wants to delete database 'rb09-26d0ea14-ae46-45d8-8ec8-16e82e70e83f'. Closing db now to resume the delete request.

 ✓ src/storage/rb09Sync.test.ts (5 tests) 642ms
 ✓ src/storage/worldPins.test.ts (8 tests) 528ms
 ✓ tests/rb05-reuse.test.ts (7 tests) 299ms
stderr | src/storage/flowWorldDurability.test.ts > RV04 exact fixed world across native save, restore and clone (fake IndexedDB) > keeps gate, borrowed values, saved replay and hashes tied to the old edition after world revision
Another connection wants to delete database 'flow-world-24468649-84f3-42cf-a48c-d65fe1377f28'. Closing db now to resume the delete request.

 ✓ src/storage/flowWorldDurability.test.ts (2 tests) 497ms
   ✓ RV04 exact fixed world across native save, restore and clone (fake IndexedDB) (2)
     ✓ keeps gate, borrowed values, saved replay and hashes tied to the old edition after world revision 375ms
stderr | src/storage/rb10Reviews.test.ts > AT-F29 preserves the original version, Unicode quotation and production task through failure, deletion, stages, cold reload and complete clone restoration
Another connection wants to delete database 'rb10-review-bcfe8517-db13-444a-937c-a972e07e1f97'. Closing db now to resume the delete request.

 ✓ tests/runtime.test.ts (35 tests) 356ms
 ✓ src/storage/rb10Reviews.test.ts (3 tests) 301ms
 ✓ tests/runtime-regressions.test.ts (26 tests) 282ms
 ✓ tests/rb05-reconfirmation.test.ts (7 tests) 376ms
 ✓ tests/rb05-reuse-boundaries.test.ts (11 tests) 228ms
 ✓ tests/rb05-reviewed-regressions.test.ts (9 tests) 328ms
 ✓ tests/rb05-edition-boundaries.test.ts (6 tests) 283ms
stderr | src/storage/authorAlternativeAdoptionGuard.test.ts > rejects unrelated adoption content and forged generated-review metadata atomically, then persists the exact derived review
Another connection wants to delete database 'independent-adoption-guard-e87d6986-7a10-4c30-acf2-bc3707cf2921'. Closing db now to resume the delete request.

 ✓ src/storage/authorAlternativeAdoptionGuard.test.ts (1 test) 292ms
 ✓ tests/templates.test.ts (34 tests) 187ms
stderr | src/storage/cacheConcurrency.test.ts > does not repopulate caches when an initial uncached read resumes after close
Another connection wants to delete database 'cache-close-a325c5aa-a933-4044-8c5e-ec0fc4e4b872'. Closing db now to resume the delete request.

 ✓ src/storage/cacheConcurrency.test.ts (4 tests) 231ms
 ✓ src/storage/rb10Diagnostics.test.ts (4 tests) 168ms
 ✓ tests/sync.test.ts (40 tests) 124ms
 ✓ tests/rb05-structure-reading.test.ts (6 tests) 245ms
 ✓ tests/rb05-persistence-boundaries.test.ts (9 tests) 214ms
 ✓ tests/rb05-native-roundtrip.test.ts (4 tests) 232ms
 ✓ src/storage/rb05StateDurability.test.ts (1 test) 210ms
 ✓ tests/timeEditing.test.ts (11 tests) 167ms
 ✓ src/ui/StructuredDataField.test.ts (11 tests) 172ms
 ✓ tests/textEditing.test.ts (17 tests) 103ms
 ✓ src/domain/changeReviews.test.ts (6 tests) 103ms
 ✓ tests/presentation.test.ts (13 tests) 84ms
 ✓ tests/rb05-narrative-boundaries.test.ts (14 tests) 114ms
 ✓ tests/conditionEditing.test.ts (6 tests) 87ms
 ✓ src/domain/writingWorkspace.test.ts (11 tests) 43ms
 ✓ tests/rb05-narrative.test.ts (6 tests) 69ms
 ✓ tests/rb05-reuse-nested.test.ts (1 test) 75ms
 ✓ tests/world.test.ts (17 tests) 88ms
 ✓ tests/rb05-state-exploration.test.ts (5 tests) 54ms
 ✓ src/domain/maintenance.test.ts (5 tests) 63ms
 ✓ tests/projection.test.ts (14 tests) 30ms
 ✓ src/ui/SnapshotAnchorPreview.test.ts (2 tests) 55ms
 ✓ tests/readingExportOrder.test.ts (1 test) 103ms
 ✓ src/ui/Fields.test.ts (3 tests) 37ms
 ✓ tests/review-runtime-regressions.test.ts (10 tests) 63ms
 ✓ tests/rb05-reuse-hierarchy.test.ts (1 test) 45ms
 ✓ src/domain/authorAlternativeIntegrity.test.ts (3 tests) 28ms
 ✓ src/storage/recordDictionary.test.ts (4 tests) 18ms
 ✓ src/ui/WritingWorkspace.test.ts (3 tests) 40ms
 ✓ src/domain/notes.test.ts (5 tests) 17ms
 ✓ src/ui/TextAnnotations.test.ts (1 test) 27ms
 ✓ tests/stateMeaning.test.ts (1 test) 22ms
 ✓ src/domain/linkCandidates.test.ts (7 tests) 20ms
 ✓ src/domain/catalogEdits.test.ts (4 tests) 15ms
 ✓ src/domain/referenceChoices.test.ts (3 tests) 13ms
 ✓ src/domain/catalog.test.ts (10 tests) 25ms
 ✓ tests/reader-fallback.test.ts (5 tests) 18ms
 ✓ src/domain/publicCatalog.test.ts (2 tests) 16ms
 ✓ tests/editorNavigation.test.ts (5 tests) 11ms
 ✓ src/domain/catalogPositions.test.ts (3 tests) 15ms
 ✓ tests/production.test.ts (3 tests) 19ms
 ✓ tests/maintenance.test.ts (1 test) 18ms
 ✓ src/ui/viewPreferences.test.ts (8 tests) 10ms
 ✓ tests/attachments.test.ts (3 tests) 15ms
 ✓ src/ui/draftState.test.ts (2 tests) 10ms
 ✓ src/domain/worldSources.test.ts (2 tests) 7ms
 ✓ tests/diagnostics.test.ts (1 test) 5ms
 ✓ tests/editorState.test.ts (2 tests) 5ms
 ✓ src/ui/AuthorAlternativeDraft.test.ts (2 tests) 7ms
 ✓ src/ui/structuredNumberDrafts.test.ts (3 tests) 5ms
 ✓ src/ui/linkCandidatePreferences.test.ts (2 tests) 5ms
 ✓ tests/performanceFixture.test.ts (2 tests) 180885ms
   ✓ performance dataset provenance (2)
     ✓ produces a deterministic, populated standard fixture with explicit unmeasured asset bytes 409ms
     ✓ includes actual bounded Large materials and restores every byte from a complete file 180473ms

⎯⎯⎯⎯⎯⎯⎯ Failed Tests 2 ⎯⎯⎯⎯⎯⎯⎯

 FAIL  tests/exports.test.ts > purpose-specific export > runs the exported HTML in Chromium, renders active text safely, and restores the complete state
Error: page.goto: net::ERR_BLOCKED_BY_ADMINISTRATOR at file:///tmp/scenario-playable-test-oPEOob/index.html
Call log:
[2m  - navigating to "file:///tmp/scenario-playable-test-oPEOob/index.html", waiting until "load"[22m

 ❯ tests/exports.test.ts:298:154
    296|     try {
    297|       const page = await browser.newPage();
    298|       const htmlPath=join(await mkdtemp(join(tmpdir(),'scenario-playab…
       |                                                                                                                                                          ^
    299|       await page.waitForFunction(()=>!!document.getElementById('state'…
    300|       expect(await page.locator('#scene').textContent()).toBe(content);

⎯⎯⎯⎯⎯⎯⎯⎯⎯⎯⎯⎯⎯⎯⎯⎯⎯⎯⎯⎯⎯⎯⎯⎯[1/2]⎯

 FAIL  tests/exports.test.ts > purpose-specific export > rolls back every exported effect when a later effect violates an integer bound
Error: page.goto: net::ERR_BLOCKED_BY_ADMINISTRATOR at file:///tmp/scenario-playable-test-3AwVBz/index.html
Call log:
[2m  - navigating to "file:///tmp/scenario-playable-test-3AwVBz/index.html", waiting until "load"[22m

 ❯ tests/exports.test.ts:329:192


⎯⎯⎯⎯⎯⎯⎯⎯⎯⎯⎯⎯⎯⎯⎯⎯⎯⎯⎯⎯⎯⎯⎯⎯[2/2]⎯


 Test Files  1 failed | 78 passed (79)
      Tests  2 failed | 752 passed (754)
   Start at  01:46:00
   Duration  181.69s (tests 94%, import 4%, transform 2%)

JSON report written to /tmp/shinariokanri-rb10-c1-unit.json
