UI01 complete
UI02 complete
UI03 complete
UI04 complete
UI05 complete
UI06 complete
UI07 complete
{
  "passed": 7,
  "failed": 0,
  "results": [
    {
      "id": "UI01",
      "status": "passed",
      "pageErrors": []
    },
    {
      "id": "UI02",
      "status": "passed",
      "pageErrors": []
    },
    {
      "id": "UI03",
      "status": "passed",
      "pageErrors": []
    },
    {
      "id": "UI04",
      "status": "passed",
      "pageErrors": []
    },
    {
      "id": "UI05",
      "status": "passed",
      "pageErrors": []
    },
    {
      "id": "UI06",
      "status": "passed",
      "pageErrors": []
    },
    {
      "id": "UI07",
      "status": "passed",
      "pageErrors": []
    }
  ]
}
