
 RUN  v5.0.3 /tmp/shinariokanri-independent-rb05-20261008-3

 ✓ tests/independent-historical-trace.test.ts > IC11 replays a successful unchanged baseline snapshot trace after a complete-file roundtrip 58ms
 ✓ tests/independent-historical-trace.test.ts > IC12 replays a successful unchanged baseline chapter trace after a complete-file roundtrip 41ms
 ✓ tests/independent-rb05-persistence-boundaries.test.ts > Independent RB05 new persistence and evidence boundaries > R5B01 actual candidate label cannot become principal checked evidence 20ms
 ✓ tests/independent-rb05-persistence-boundaries.test.ts > Independent RB05 new persistence and evidence boundaries > R5B01 mixed candidate label cannot become principal checked evidence 10ms
 ✓ tests/independent-rb05-persistence-boundaries.test.ts > Independent RB05 new persistence and evidence boundaries > R5B02 an arbitrary mid-node start saves a consistent partial observation provenance 13ms
 ✓ tests/independent-rb05-persistence-boundaries.test.ts > Independent RB05 new persistence and evidence boundaries > R5B03 chapter occurrence captures the same pre-effect state and verifies it after pinning 9ms
 ✓ tests/independent-rb05-persistence-boundaries.test.ts > Independent RB05 new persistence and evidence boundaries > R5B04 chapter replay refuses a forged optional pre-presentation observation 20ms
 ✓ tests/independent-rb05-persistence-boundaries.test.ts > Independent RB05 new persistence and evidence boundaries > R5P03 flow step replay refuses a forged pre-presentation observation without changing canonical data 11ms
 ✓ tests/independent-rb05-review.test.ts > Independent RB05 original-contract review; not whole AT credit > R5A01 valid finite exclusion permission remains usable across flow lifecycle boundaries 21ms
 ✓ tests/independent-rb05-review.test.ts > Independent RB05 original-contract review; not whole AT credit > R5A02 valid finite exclusion permission remains usable at final chapter presentation 7ms
 ✓ tests/independent-rb05-review.test.ts > Independent RB05 original-contract review; not whole AT credit > R5A03 changed state from payoff knowledge effect cannot retroactively grant a presentation exception 19ms
 ✓ tests/independent-rb05-review.test.ts > Independent RB05 original-contract review; not whole AT credit > R5A04 finite presentation visited threshold is explored before state deduplication 18ms
 ✓ tests/independent-rb05-review.test.ts > Independent RB05 original-contract review; not whole AT credit > R5A05 matching a declared stub checkpoint does not become full-play declared-test evidence 10ms
 ✓ tests/independent-rb05-review.test.ts > Independent RB05 original-contract review; not whole AT credit > R5A06 saving a replayed fixed path retains the live declared-set denominator 28ms
 ✓ tests/independent-rb05-persistence-boundaries.test.ts > Independent RB05 new persistence and evidence boundaries > R5P04 initial pre-effect observation survives archive, clone and foreshadow re-evaluation 71ms
 ✓ tests/independent-rb05-persistence-boundaries.test.ts > Independent RB05 new persistence and evidence boundaries > R5B06 an explicitly stubbed opening keeps stub provenance when its saved checkpoint is replayed 14ms
 ✓ tests/independent-rb05-persistence-boundaries.test.ts > Independent RB05 new persistence and evidence boundaries > R5B05 executable projection cannot remove a present scene dialogue dependency 14ms
 ✓ tests/independent-rb05-review.test.ts > Independent RB05 original-contract review; not whole AT credit > R5A07 callers cannot raise the stated maximum exploration budgets 2ms
 ✓ tests/independent-rb05-review.test.ts > Independent RB05 original-contract review; not whole AT credit > R5P01 exclusion/alternative/dialogue intention/declaration IDs survive full-file restore and independent clone 112ms
 ✓ tests/independent-rb05-review.test.ts > Independent RB05 original-contract review; not whole AT credit > R5P02 existing executable exporters reject an unsupported exclusion instead of silently dropping it 16ms

 Test Files  3 passed (3)
      Tests  20 passed (20)
   Start at  03:48:33
   Duration  1.21s (transform 64%, tests 19%, import 16%, worker 1%)

