
 RUN  v5.0.3 /tmp/shinariokanri-independent-rb05-20261008-3

 × tests/independent-rb05-native-roundtrip.test.ts > R5P05 chapter pre-effect observations and linked dialogue survive two native roundtrips and clone with partial coverage 86ms
   → expected +0 to be 1 // Object.is equality
 ✓ tests/independent-rb05-native-roundtrip.test.ts > R5P06 stub opening stays stub after native roundtrip and clone and never becomes principal declared-test evidence 50ms
 ✓ tests/independent-rb05-native-roundtrip.test.ts > R5P07 native export refuses a forged chapter observation without mutating the source 6ms
 × tests/independent-rb05-native-roundtrip.test.ts > R5P08 unchanged baseline chapter path can be rechecked without inventing missing optional observations 11ms
   → expected +0 to be 1 // Object.is equality

⎯⎯⎯⎯⎯⎯⎯ Failed Tests 2 ⎯⎯⎯⎯⎯⎯⎯

 FAIL  tests/independent-rb05-native-roundtrip.test.ts > R5P05 chapter pre-effect observations and linked dialogue survive two native roundtrips and clone with partial coverage
AssertionError: expected +0 to be 1 // Object.is equality

- Expected
+ Received

- 1
+ 0

 ❯ tests/independent-rb05-native-roundtrip.test.ts:45:114


⎯⎯⎯⎯⎯⎯⎯⎯⎯⎯⎯⎯⎯⎯⎯⎯⎯⎯⎯⎯⎯⎯⎯⎯[1/2]⎯

 FAIL  tests/independent-rb05-native-roundtrip.test.ts > R5P08 unchanged baseline chapter path can be rechecked without inventing missing optional observations
AssertionError: expected +0 to be 1 // Object.is equality

- Expected
+ Received

- 1
+ 0

 ❯ tests/independent-rb05-native-roundtrip.test.ts:77:114


⎯⎯⎯⎯⎯⎯⎯⎯⎯⎯⎯⎯⎯⎯⎯⎯⎯⎯⎯⎯⎯⎯⎯⎯[2/2]⎯


 Test Files  1 failed (1)
      Tests  2 failed | 2 passed (4)
   Start at  03:54:53
   Duration  712ms (transform 61%, tests 25%, import 14%, worker 1%)

