S5V01 delayed save survives closing and reopening and commits only once complete
S5V02 failed save after closing explains failure and retries the same retained input complete
S5V03 completed save before reentry survives cold reload without an editor draft overwriting it complete
S5V04 cold draft reload preserves override input and a cancelled preview leaves author data unchanged complete
S5V05 all three modes keep pinned body after a common-source revision and update only the selected reference complete
{
  "passed": 0,
  "failed": 5,
  "results": [
    {
      "id": "S5V01 delayed save survives closing and reopening and commits only once",
      "status": "failed",
      "error": "page.waitForFunction: Timeout 10000ms exceeded.",
      "pageErrors": []
    },
    {
      "id": "S5V02 failed save after closing explains failure and retries the same retained input",
      "status": "failed",
      "error": "page.waitForFunction: Timeout 10000ms exceeded.",
      "pageErrors": []
    },
    {
      "id": "S5V03 completed save before reentry survives cold reload without an editor draft overwriting it",
      "status": "failed",
      "error": "page.waitForFunction: Timeout 10000ms exceeded.",
      "pageErrors": []
    },
    {
      "id": "S5V04 cold draft reload preserves override input and a cancelled preview leaves author data unchanged",
      "status": "failed",
      "error": "page.waitForFunction: Timeout 10000ms exceeded.",
      "pageErrors": []
    },
    {
      "id": "S5V05 all three modes keep pinned body after a common-source revision and update only the selected reference",
      "status": "failed",
      "error": "page.waitForFunction: Timeout 10000ms exceeded.",
      "pageErrors": []
    }
  ]
}
