
 RUN  v5.0.3 /tmp/shinariokanri-independent-rb05-20261008-2

 ✓ tests/rb05-state-exploration.test.ts > RB05 exclusion and declared-entry exploration > rejects an exclusion atomically including inventory and allows a legal atomic swap 14ms
 ✓ tests/rb05-state-exploration.test.ts > RB05 exclusion and declared-entry exploration > does not treat a free-text or expired exclusion exception as permission 1ms
 ✓ tests/rb05-state-exploration.test.ts > RB05 exclusion and declared-entry exploration > explores both declared initial entries and retains the missing-clue witness on the second path 23ms
 ✓ tests/rb05-state-exploration.test.ts > RB05 exclusion and declared-entry exploration > uses authored alternative information without requiring optional clues 6ms
 ✓ tests/rb05-state-exploration.test.ts > RB05 exclusion and declared-entry exploration > counts actual declared paths and never calls a prefix, stub or changed version checked 6ms
 ✓ tests/independent-rb05-review.test.ts > Independent RB05 original-contract review; not whole AT credit > R5A01 valid finite exclusion permission remains usable across flow lifecycle boundaries 17ms
 ✓ tests/independent-rb05-review.test.ts > Independent RB05 original-contract review; not whole AT credit > R5A02 valid finite exclusion permission remains usable at final chapter presentation 6ms
 ✓ tests/independent-rb05-review.test.ts > Independent RB05 original-contract review; not whole AT credit > R5A03 changed state from payoff knowledge effect cannot retroactively grant a presentation exception 7ms
 ✓ tests/independent-rb05-review.test.ts > Independent RB05 original-contract review; not whole AT credit > R5A04 finite presentation visited threshold is explored before state deduplication 9ms
 ✓ tests/independent-rb05-review.test.ts > Independent RB05 original-contract review; not whole AT credit > R5A05 matching a declared stub checkpoint does not become full-play declared-test evidence 8ms
 ✓ tests/independent-rb05-review.test.ts > Independent RB05 original-contract review; not whole AT credit > R5A06 saving a replayed fixed path retains the live declared-set denominator 12ms
 ✓ tests/independent-rb05-review.test.ts > Independent RB05 original-contract review; not whole AT credit > R5A07 callers cannot raise the stated maximum exploration budgets 3ms
 ✓ tests/independent-rb05-review.test.ts > Independent RB05 original-contract review; not whole AT credit > R5P01 exclusion/alternative/dialogue intention/declaration IDs survive full-file restore and independent clone 112ms
 ✓ tests/independent-rb05-review.test.ts > Independent RB05 original-contract review; not whole AT credit > R5P02 existing executable exporters reject an unsupported exclusion instead of silently dropping it 20ms
 ✓ src/storage/rb05StateDurability.test.ts > RB05 persistent state declarations across reload and full clone > retains exclusion references and alternative-info dictionary keys without changing source bytes 426ms
 ✓ tests/rb05-reviewed-regressions.test.ts > Independent RB05 original-contract review; not whole AT credit > R5A01 valid finite exclusion permission remains usable across flow lifecycle boundaries 15ms
 ✓ tests/rb05-reviewed-regressions.test.ts > Independent RB05 original-contract review; not whole AT credit > R5A02 valid finite exclusion permission remains usable at final chapter presentation 4ms
 ✓ tests/rb05-reviewed-regressions.test.ts > Independent RB05 original-contract review; not whole AT credit > R5A03 changed state from payoff knowledge effect cannot retroactively grant a presentation exception 4ms
 ✓ tests/rb05-reviewed-regressions.test.ts > Independent RB05 original-contract review; not whole AT credit > R5A04 finite presentation visited threshold is explored before state deduplication 9ms
 ✓ tests/rb05-reviewed-regressions.test.ts > Independent RB05 original-contract review; not whole AT credit > R5A05 matching a declared stub checkpoint does not become full-play declared-test evidence 6ms
 ✓ tests/rb05-reviewed-regressions.test.ts > Independent RB05 original-contract review; not whole AT credit > R5A06 saving a replayed fixed path retains the live declared-set denominator 12ms
 ✓ tests/rb05-reviewed-regressions.test.ts > Independent RB05 original-contract review; not whole AT credit > R5A07 callers cannot raise the stated maximum exploration budgets 2ms
 ✓ tests/rb05-reviewed-regressions.test.ts > Independent RB05 original-contract review; not whole AT credit > R5P01 exclusion/alternative/dialogue intention/declaration IDs survive full-file restore and independent clone 58ms
 ✓ tests/rb05-reviewed-regressions.test.ts > Independent RB05 original-contract review; not whole AT credit > R5P02 existing executable exporters reject an unsupported exclusion instead of silently dropping it 12ms

 Test Files  4 passed (4)
      Tests  24 passed (24)
   Start at  03:34:29
   Duration  1.45s (transform 55%, tests 23%, import 21%, worker 1%)

