S5V01 delayed save survives closing and reopening and commits only once complete
S5V02 failed save after closing explains failure and retries the same retained input complete
S5V03 completed save before reentry survives cold reload without an editor draft overwriting it complete
S5V04 cold draft reload preserves override input and a cancelled preview leaves author data unchanged complete
S5V05 all three modes keep pinned body after a common-source revision and update only the selected reference complete
S5V06 pinned child errors remain in the folded hierarchy and open the original fixed target complete
{
  "passed": 5,
  "failed": 1,
  "results": [
    {
      "id": "S5V01 delayed save survives closing and reopening and commits only once",
      "status": "passed",
      "pageErrors": []
    },
    {
      "id": "S5V02 failed save after closing explains failure and retries the same retained input",
      "status": "passed",
      "pageErrors": []
    },
    {
      "id": "S5V03 completed save before reentry survives cold reload without an editor draft overwriting it",
      "status": "passed",
      "pageErrors": []
    },
    {
      "id": "S5V04 cold draft reload preserves override input and a cancelled preview leaves author data unchanged",
      "status": "passed",
      "pageErrors": []
    },
    {
      "id": "S5V05 all three modes keep pinned body after a common-source revision and update only the selected reference",
      "status": "passed",
      "pageErrors": []
    },
    {
      "id": "S5V06 pinned child errors remain in the folded hierarchy and open the original fixed target",
      "status": "failed",
      "error": "expect(locator).toContainText(expected) failed\n\nLocator: getByRole('region', { name: '章・場面・会話と分岐の階層図', exact: true }).locator('li').filter({ has: getByRole('button', { name: '分岐グループ · 使用先の上位図', exact: true }) }).first()\nExpected substring: \"未完成 1\"\nTimeout: 5000ms\nError: element(s) not found\n\nCall log:\n  - Expect \"toContainText\" getByRole('region', { name: '章・場面・会話と分岐の階層図', exact: true }).locator('li').filter({ has: getByRole('button', { name: '分岐グループ · 使用先の上位図', exact: true }) }).first() with timeout 5000ms\n  - waiting for getByRole('region', { name: '章・場面・会話と分岐の階層図', exact: true }).locator('li').filter({ has: getByRole('button', { name: '分岐グループ · 使用先の上位図', exact: true }) }).first()\n",
      "pageErrors": []
    }
  ]
}
