
 RUN  v5.0.3 /tmp/shinariokanri-independent-rb05-20261008-5

 ✓ tests/independent-rb05-persistence-boundaries.test.ts > Independent RB05 new persistence and evidence boundaries > R5B01 actual candidate label cannot become principal checked evidence 25ms
 ✓ tests/independent-rb05-persistence-boundaries.test.ts > Independent RB05 new persistence and evidence boundaries > R5B01 mixed candidate label cannot become principal checked evidence 5ms
 ✓ tests/independent-rb05-persistence-boundaries.test.ts > Independent RB05 new persistence and evidence boundaries > R5B02 an arbitrary mid-node start saves a consistent partial observation provenance 18ms
 ✓ tests/independent-rb05-persistence-boundaries.test.ts > Independent RB05 new persistence and evidence boundaries > R5B03 chapter occurrence captures the same pre-effect state and verifies it after pinning 12ms
 ✓ tests/independent-rb05-persistence-boundaries.test.ts > Independent RB05 new persistence and evidence boundaries > R5B04 chapter replay refuses a forged optional pre-presentation observation 18ms
 ✓ tests/independent-rb05-persistence-boundaries.test.ts > Independent RB05 new persistence and evidence boundaries > R5P03 flow step replay refuses a forged pre-presentation observation without changing canonical data 9ms
 ✓ tests/independent-rb05-review.test.ts > Independent RB05 original-contract review; not whole AT credit > R5A01 valid finite exclusion permission remains usable across flow lifecycle boundaries 15ms
 ✓ tests/independent-rb05-review.test.ts > Independent RB05 original-contract review; not whole AT credit > R5A02 valid finite exclusion permission remains usable at final chapter presentation 5ms
 ✓ tests/independent-rb05-review.test.ts > Independent RB05 original-contract review; not whole AT credit > R5A03 changed state from payoff knowledge effect cannot retroactively grant a presentation exception 7ms
 ✓ tests/independent-rb05-review.test.ts > Independent RB05 original-contract review; not whole AT credit > R5A04 finite presentation visited threshold is explored before state deduplication 9ms
 ✓ tests/independent-rb05-review.test.ts > Independent RB05 original-contract review; not whole AT credit > R5A05 matching a declared stub checkpoint does not become full-play declared-test evidence 8ms
 ✓ tests/independent-rb05-review.test.ts > Independent RB05 original-contract review; not whole AT credit > R5A06 saving a replayed fixed path retains the live declared-set denominator 19ms
 ✓ tests/independent-rb05-review.test.ts > Independent RB05 original-contract review; not whole AT credit > R5A07 callers cannot raise the stated maximum exploration budgets 2ms
 ✓ tests/independent-rb05-native-roundtrip.test.ts > R5P05 chapter pre-effect observations and linked dialogue survive two native roundtrips and clone with partial coverage 140ms
 ✓ tests/independent-rb05-native-roundtrip.test.ts > R5P06 stub opening stays stub after native roundtrip and clone and never becomes principal declared-test evidence 85ms
 ✓ tests/independent-rb05-review.test.ts > Independent RB05 original-contract review; not whole AT credit > R5P01 exclusion/alternative/dialogue intention/declaration IDs survive full-file restore and independent clone 88ms
 ✓ tests/independent-rb05-review.test.ts > Independent RB05 original-contract review; not whole AT credit > R5P02 existing executable exporters reject an unsupported exclusion instead of silently dropping it 11ms
 ✓ tests/independent-rb05-native-roundtrip.test.ts > R5P07 native export refuses a forged chapter observation without mutating the source 9ms
 ✓ tests/independent-rb05-native-roundtrip.test.ts > R5P08 unchanged baseline chapter path can be rechecked without inventing missing optional observations 17ms
 ✓ tests/independent-rb05-persistence-boundaries.test.ts > Independent RB05 new persistence and evidence boundaries > R5P04 initial pre-effect observation survives archive, clone and foreshadow re-evaluation 83ms
 ✓ tests/independent-rb05-persistence-boundaries.test.ts > Independent RB05 new persistence and evidence boundaries > R5B06 an explicitly stubbed opening keeps stub provenance when its saved checkpoint is replayed 19ms
 ✓ tests/independent-rb05-persistence-boundaries.test.ts > Independent RB05 new persistence and evidence boundaries > R5B05 executable projection cannot remove a present scene dialogue dependency 12ms
 ✓ tests/independent-historical-trace.test.ts > IC11 replays a successful unchanged baseline snapshot trace after a complete-file roundtrip 36ms
 ✓ tests/independent-historical-trace.test.ts > IC12 replays a successful unchanged baseline chapter trace after a complete-file roundtrip 17ms

 Test Files  4 passed (4)
      Tests  24 passed (24)
   Start at  03:57:30
   Duration  1.13s (transform 57%, tests 26%, import 16%, worker 1%)

