
 RUN  v5.0.3 /tmp/shinariokanri-independent-rb07-5651747

 ❯ tests/independent-rb07-boundaries.test.ts (12 tests | 12 skipped) 23ms

⎯⎯⎯⎯⎯⎯ Failed Suites 1 ⎯⎯⎯⎯⎯⎯⎯

 FAIL  tests/independent-rb07-boundaries.test.ts [ tests/independent-rb07-boundaries.test.ts ]
AssertionError: expected [ { code: 'VALIDATION_FAILED', …(2) } ] to deeply equal []

- Expected
+ Received

- []
+ [
+   {
+     "code": "VALIDATION_FAILED",
+     "message": "カスタム値は文字列・数値・真偽・日付・参照またはnullです。",
+     "path": "project.entities[9].data.camera",
+   },
+ ]

 ❯ tests/independent-rb07-boundaries.test.ts:47:36


⎯⎯⎯⎯⎯⎯⎯⎯⎯⎯⎯⎯⎯⎯⎯⎯⎯⎯⎯⎯⎯⎯⎯⎯[1/1]⎯


 Test Files  1 failed (1)
      Tests  12 skipped (12)
   Start at  11:26:15
   Duration  712ms (transform 76%, import 19%, tests 4%, worker 1%)

