
 RUN  v5.0.3 /tmp/shinariokanri-independent-rb07-5651747

 ❯ tests/independent-rb07-sibling-boundaries.test.ts (2 tests | 2 failed) 46ms
   × R7D13 dialogue preview captures its old base and source records before asynchronous hashes 29ms
   × R7D14 rejected historical cue anchor stays at its original line after a live split 16ms

⎯⎯⎯⎯⎯⎯⎯ Failed Tests 2 ⎯⎯⎯⎯⎯⎯⎯

 FAIL  tests/independent-rb07-sibling-boundaries.test.ts > R7D13 dialogue preview captures its old base and source records before asynchronous hashes
AssertionError: expected '9' to be '0' // Object.is equality

Expected: "0"
Received: "9"

 ❯ tests/independent-rb07-sibling-boundaries.test.ts:12:28


⎯⎯⎯⎯⎯⎯⎯⎯⎯⎯⎯⎯⎯⎯⎯⎯⎯⎯⎯⎯⎯⎯⎯⎯[1/2]⎯

 FAIL  tests/independent-rb07-sibling-boundaries.test.ts > R7D14 rejected historical cue anchor stays at its original line after a live split
AssertionError: expected { …(11) } to deeply equal { …(11) }

- Expected
+ Received

@@ -1,15 +1,15 @@
  {
    "createdAt": "2026-10-08T11:38:56.797Z",
    "customValues": {},
    "data": {
      "anchor": {
-       "blockId": "7cf5396e-e69e-4e58-a7aa-43b61725bc31",
-       "end": 5,
-       "entityId": "c9d5a8dc-2cb1-4f24-b1d4-039938d3c66b",
-       "lineId": "c9d5a8dc-2cb1-4f24-b1d4-039938d3c66b",
-       "start": 3,
+       "blockId": "939923ec-47e9-4d72-a1d9-70326e3b7f5e",
+       "end": 2,
+       "entityId": "870e1a61-31a1-47fe-8198-7f9d3c140601",
+       "lineId": "870e1a61-31a1-47fe-8198-7f9d3c140601",
+       "start": 0,
      },
      "attachmentId": null,
      "camera": null,
      "cueType": "sound",
      "expression": "",

 ❯ tests/independent-rb07-sibling-boundaries.test.ts:17:93


⎯⎯⎯⎯⎯⎯⎯⎯⎯⎯⎯⎯⎯⎯⎯⎯⎯⎯⎯⎯⎯⎯⎯⎯[2/2]⎯


 Test Files  1 failed (1)
      Tests  2 failed (2)
   Start at  11:38:56
   Duration  387ms (transform 71%, tests 16%, import 11%, worker 1%)

