
 RUN  v5.0.3 /tmp/shinariokanri-independent-rb09-ff971b7

 ❯ tests/independent-rb09-pending-authority.test.ts (2 tests | 2 failed) 35ms
   × R9E07-prepared a newly verified field withdrawal must stop active writes while preserving the old prepared/conflict evidence 23ms
   × R9E07-conflict a newly verified field withdrawal must stop active writes while preserving the old prepared/conflict evidence 10ms

⎯⎯⎯⎯⎯⎯⎯ Failed Tests 2 ⎯⎯⎯⎯⎯⎯⎯

 FAIL  tests/independent-rb09-pending-authority.test.ts > R9E07-prepared a newly verified field withdrawal must stop active writes while preserving the old prepared/conflict evidence
 FAIL  tests/independent-rb09-pending-authority.test.ts > R9E07-conflict a newly verified field withdrawal must stop active writes while preserving the old prepared/conflict evidence
AssertionError: expected undefined to match object { code: 'FORBIDDEN' }

- Expected:
{
  "code": "FORBIDDEN",
}

+ Received:
undefined

 ❯ tests/independent-rb09-pending-authority.test.ts:21:16


⎯⎯⎯⎯⎯⎯⎯⎯⎯⎯⎯⎯⎯⎯⎯⎯⎯⎯⎯⎯⎯⎯⎯⎯[1/2]⎯


 Test Files  1 failed (1)
      Tests  2 failed (2)
   Start at  20:57:32
   Duration  463ms (transform 70%, import 18%, tests 10%, worker 1%)

