RD-start-other complete
RD-replay-reenter complete
RD-version-selection complete
RD-save-conflict complete
RD-trigger complete
RD-unknown complete
{
  "passed": 6,
  "failed": 0,
  "results": [
    {
      "id": "RD-start-other",
      "status": "passed",
      "pageErrors": []
    },
    {
      "id": "RD-replay-reenter",
      "status": "passed",
      "pageErrors": []
    },
    {
      "id": "RD-version-selection",
      "status": "passed",
      "pageErrors": []
    },
    {
      "id": "RD-save-conflict",
      "status": "passed",
      "pageErrors": []
    },
    {
      "id": "RD-trigger",
      "status": "passed",
      "pageErrors": []
    },
    {
      "id": "RD-unknown",
      "status": "passed",
      "pageErrors": []
    }
  ]
}
