S5U01 reaction delayed save remains locked across navigation and completes once passed
S5U01 reaction delayed save remains locked across navigation and completes once complete
S5U02 reaction failed save retains input across navigation for a successful retry passed
S5U02 reaction failed save retains input across navigation for a successful retry complete
S5U03 reaction preview stays bound to the confirmed revision after another author save passed
S5U03 reaction preview stays bound to the confirmed revision after another author save complete
S5U04 partial checkpoint delayed save stays locked after navigation and latest props acknowledge it passed
S5U04 partial checkpoint delayed save stays locked after navigation and latest props acknowledge it complete
S5U05 partial checkpoint save failure after navigation explains the failure near the resumed input passed
S5U05 partial checkpoint save failure after navigation explains the failure near the resumed input complete
S5U06 partial checkpoint pending save acknowledges latest props and survives a cold reload passed
S5U06 partial checkpoint pending save acknowledges latest props and survives a cold reload complete
{
  "passed": 6,
  "failed": 0,
  "results": [
    {
      "id": "S5U01 reaction delayed save remains locked across navigation and completes once",
      "status": "passed",
      "pageErrors": []
    },
    {
      "id": "S5U02 reaction failed save retains input across navigation for a successful retry",
      "status": "passed",
      "pageErrors": []
    },
    {
      "id": "S5U03 reaction preview stays bound to the confirmed revision after another author save",
      "status": "passed",
      "pageErrors": []
    },
    {
      "id": "S5U04 partial checkpoint delayed save stays locked after navigation and latest props acknowledge it",
      "status": "passed",
      "pageErrors": []
    },
    {
      "id": "S5U05 partial checkpoint save failure after navigation explains the failure near the resumed input",
      "status": "passed",
      "pageErrors": []
    },
    {
      "id": "S5U06 partial checkpoint pending save acknowledges latest props and survives a cold reload",
      "status": "passed",
      "pageErrors": []
    }
  ]
}
