BEGIN
CREATE FUNCTION
INSERT 0 8
INSERT 0 8
INSERT 0 2
INSERT 0 7
INSERT 0 2
INSERT 0 1
INSERT 0 1
INSERT 0 7
INSERT 0 2
INSERT 0 2
SET
                                             set_config                                             
----------------------------------------------------------------------------------------------------
 {"sub":"00000000-0000-4000-8000-000000000001","session_id":"10000000-0000-4000-8000-000000000001"}
(1 row)

 fixture_assert 
----------------
 
(1 row)

 fixture_assert 
----------------
 
(1 row)

 fixture_assert 
----------------
 
(1 row)

                                             set_config                                             
----------------------------------------------------------------------------------------------------
 {"sub":"00000000-0000-4000-8000-000000000002","session_id":"10000000-0000-4000-8000-000000000002"}
(1 row)

 fixture_assert 
----------------
 
(1 row)

 fixture_assert 
----------------
 
(1 row)

 fixture_assert 
----------------
 
(1 row)

                                             set_config                                             
----------------------------------------------------------------------------------------------------
 {"sub":"00000000-0000-4000-8000-000000000003","session_id":"10000000-0000-4000-8000-000000000003"}
(1 row)

 fixture_assert 
----------------
 
(1 row)

 fixture_assert 
----------------
 
(1 row)

 fixture_assert 
----------------
 
(1 row)

INSERT 0 1
UPDATE 1
 fixture_assert 
----------------
 
(1 row)

DO
DO
                                             set_config                                             
----------------------------------------------------------------------------------------------------
 {"sub":"00000000-0000-4000-8000-000000000004","session_id":"10000000-0000-4000-8000-000000000004"}
(1 row)

 fixture_assert 
----------------
 
(1 row)

UPDATE 0
 fixture_assert 
----------------
 
(1 row)

DO
                                             set_config                                             
----------------------------------------------------------------------------------------------------
 {"sub":"00000000-0000-4000-8000-000000000005","session_id":"10000000-0000-4000-8000-000000000005"}
(1 row)

 fixture_assert 
----------------
 
(1 row)

 fixture_assert 
----------------
 
(1 row)

 fixture_assert 
----------------
 
(1 row)

                                             set_config                                             
----------------------------------------------------------------------------------------------------
 {"sub":"00000000-0000-4000-8000-000000000006","session_id":"10000000-0000-4000-8000-000000000006"}
(1 row)

 fixture_assert 
----------------
 
(1 row)

                                             set_config                                             
----------------------------------------------------------------------------------------------------
 {"sub":"00000000-0000-4000-8000-000000000007","session_id":"10000000-0000-4000-8000-000000000007"}
(1 row)

 fixture_assert 
----------------
 
(1 row)

                                             set_config                                             
----------------------------------------------------------------------------------------------------
 {"sub":"00000000-0000-4000-8000-000000000008","session_id":"10000000-0000-4000-8000-000000000008"}
(1 row)

 fixture_assert 
----------------
 
(1 row)

                   set_config                   
------------------------------------------------
 {"sub":"00000000-0000-4000-8000-000000000001"}
(1 row)

 fixture_assert 
----------------
 
(1 row)

RESET
UPDATE 1
SET
                                             set_config                                             
----------------------------------------------------------------------------------------------------
 {"sub":"00000000-0000-4000-8000-000000000001","session_id":"10000000-0000-4000-8000-000000000001"}
(1 row)

 fixture_assert 
----------------
 
(1 row)

 fixture_assert 
----------------
 
(1 row)

RESET
 fixture_assert 
----------------
 
(1 row)

 fixture_assert 
----------------
 
(1 row)

ROLLBACK
